******************************************************************************
            TI ARM Clang Linker Unix v1.3.0                    
******************************************************************************
>> Linked Tue Sep 28 08:59:43 2021

OUTPUT FILE NAME:   <collector_CC1352P1_LAUNCHXL_tirtos_ticlang.out>
ENTRY POINT SYMBOL: "ResetISR"  address: 000161cf


MEMORY CONFIGURATION

         name            origin    length      used     unused   attr    fill
----------------------  --------  ---------  --------  --------  ----  --------
  FLASH                 00000000   00056000  0001ea4d  000375b3  R  X
  FLASH_LAST            00056000   00002000  00002000  00000000  R  X
  SRAM                  20000000   00014000  0000452f  0000fad1  RW X


SEGMENT ALLOCATION MAP

run origin  load origin   length   init length attrs members
----------  ----------- ---------- ----------- ----- -------
00000000    00000000    00016a50   00016a50    r-x
  00000000    00000000    0000003c   0000003c    r-- .resetVecs
  0000003c    0000003c    00000004   00000004    r-x .text.1
  00000040    00000040    00002078   00002078    r-- .rodata
  000020b8    000020b8    0000053d   0000053d    r-- .const
  000025f8    000025f8    00013f90   00013f90    r-x .text.2
  00016588    00016588    000004c8   000004c8    r-- .cinit
0004e000    0004e000    00008000   00000000    rw-
  0004e000    0004e000    00008000   00000000    rw- .TI.bound:flashBuf0
00056000    00056000    00002000   00002000    r-x
  00056000    00056000    00001fa8   00001fa8    r-x .text.3
  00057fa8    00057fa8    00000058   00000058    r-- .ccfg
20000100    20000100    00003efb   00000000    rw-
  20000100    20000100    00000004   00000000    rw- .data:xdcRomConstPtr
  20000104    20000104    00000004   00000000    rw- .data:xdcRomExternFuncPtr
  20000108    20000108    00000004   00000000    rw- .data:xdcRomStatePtr
  2000010c    2000010c    00000010   00000000    rw- .data:RAM_MAC_BASE_ADDR
  20000120    20000120    000010e1   00000000    rw- .data
  20001208    20001208    00002df3   00000000    rw- .bss
20013aa0    20013aa0    00000560   00000000    rw-
  20013aa0    20013aa0    00000560   00000000    rw- .stack


SECTION ALLOCATION MAP

 output                                  attributes/
section   page    origin      length       input sections
--------  ----  ----------  ----------   ----------------
.const     0    000020b8    0000053d     
                  000020b8    000003b8     app_pm4f.om4f (.const:ROM_constStruct)
                  00002470    00000048     app_pm4f.om4f (.const:ROM_externFuncPtrs)
                  000024b8    00000028     app_pm4f.om4f (.const:ti_sysbios_heaps_HeapCallback_Module__FXNS__C)
                  000024e0    00000028     app_pm4f.om4f (.const:xdc_runtime_Startup_sfxnTab__A)
                  00002508    00000024     app_pm4f.om4f (.const:ti_sysbios_gates_GateMutexPri_Module__FXNS__C)
                  0000252c    00000020     app_pm4f.om4f (.const:ti_sysbios_gates_GateMutexPri_Object__DESC__C)
                  0000254c    00000020     app_pm4f.om4f (.const:ti_sysbios_heaps_HeapCallback_Object__DESC__C)
                  0000256c    0000001c     app_pm4f.om4f (.const:ti_sysbios_heaps_HeapCallback_Object__PARAMS__C)
                  00002588    00000018     app_pm4f.om4f (.const:ti_sysbios_gates_GateMutexPri_Object__PARAMS__C)
                  000025a0    00000014     app_pm4f.om4f (.const:xdc_runtime_Startup_sfxnRts__A)
                  000025b4    0000000c     app_pm4f.om4f (.const:xdc_runtime_Startup_firstFxns__A)
                  000025c0    00000008     app_pm4f.om4f (.const:ti_sysbios_family_arm_m3_Hwi_excHookFuncs__A)
                  000025c8    00000004     app_pm4f.om4f (.const:ti_sysbios_gates_GateMutexPri_Instance_State_pendQ__O)
                  000025cc    00000004     app_pm4f.om4f (.const:ti_sysbios_heaps_HeapCallback_Object__count__C)
                  000025d0    00000004     app_pm4f.om4f (.const:ti_sysbios_heaps_HeapCallback_allocInstFxn__C)
                  000025d4    00000004     app_pm4f.om4f (.const:ti_sysbios_heaps_HeapCallback_createInstFxn__C)
                  000025d8    00000004     app_pm4f.om4f (.const:ti_sysbios_heaps_HeapCallback_deleteInstFxn__C)
                  000025dc    00000004     app_pm4f.om4f (.const:ti_sysbios_heaps_HeapCallback_freeInstFxn__C)
                  000025e0    00000004     app_pm4f.om4f (.const:ti_sysbios_heaps_HeapCallback_getStatsInstFxn__C)
                  000025e4    00000004     app_pm4f.om4f (.const:ti_sysbios_heaps_HeapCallback_initInstFxn__C)
                  000025e8    00000004     app_pm4f.om4f (.const:ti_sysbios_heaps_HeapCallback_isBlockingInstFxn__C)
                  000025ec    00000004     app_pm4f.om4f (.const:ti_sysbios_knl_Clock_tickPeriod__C)
                  000025f0    00000004     app_pm4f.om4f (.const:ti_sysbios_knl_Idle_funcList__A)
                  000025f4    00000001     app_pm4f.om4f (.const:xdc_runtime_Text_charTab__A)

.rodata    0    00000040    00002078     
                  00000040    00000568     maclib_secure_cc13x2.a : hmac_rom_init.o (.rodata.HMAC_ROM_Flash_JT)
                  000005a8    0000052f     csf.o (.rodata.str1.1)
                  00000ad7    00000001     ti_drivers_config.o (.rodata.Button_count)
                  00000ad8    00000258     maclib_secure_cc13x2.a : fh_rom_init.o (.rodata.FH_ROM_Flash_JT)
                  00000d30    000001fc     rf_multiMode_cc13x2.am4f : rf_patch_cpe_prop.c.cc13x2.ticlang.o (.rodata.patchImageProp)
                  00000f2c    00000188     cui.o (.rodata.str1.1)
                  000010b4    0000000c     drivers_cc13x2.a : Random.om4f (.rodata..L__const.Random_seedAutomatic.hwAttrs)
                  000010c0    00000101     libc.a : aeabi_ctype.S.obj (.rodata)
                  000011c1    00000100     crc.o (.rodata.crc_table)
                  000012c1    000000fa     maclib_secure_cc13x2.a : fh_global.o (.rodata.FH_stateMatrix)
                  000013bb    000000f8     mac_cfg.o (.rodata.macPibTbl)
                  000014b3    00000001     ti_drivers_config.o (.rodata.LED_count)
                  000014b4    000000cc     maclib_secure_cc13x2.a : lmac_rom_init.o (.rodata.LMAC_ROM_Flash_JT)
                  00001580    0000008c     mac_cfg.o (.rodata.FHPIB_defaults)
                  0000160c    00000088     mac_cfg.o (.rodata.macPibDefaults)
                  00001694    00000072     maclib_secure_cc13x2.a : hmac_global.o (.rodata.macAssociatingSt)
                  00001706    00000072                            : hmac_global.o (.rodata.macIdleSt)
                  00001778    00000072                            : hmac_global.o (.rodata.macPollingSt)
                  000017ea    00000072                            : hmac_global.o (.rodata.macScanningSt)
                  0000185c    00000072                            : hmac_global.o (.rodata.macStartingSt)
                  000018ce    00000002     ti_drivers_config.o (.rodata.ButtonHWAttrs)
                  000018d0    0000006c     maclib_secure_cc13x2.a : icall_osal_rom_init.o (.rodata.ICALL_OSAL_ROM_Flash_JT)
                  0000193c    0000006c     mac_user_config.o (.rodata.macRfDriverTable)
                  000019a8    00000058     mac_cfg.o (.rodata.macSecurityPibTbl)
                  00001a00    00000054     drivers_cc13x2.a : PowerCC26X2.om4f (.rodata.resourceDB)
                  00001a54    00000050     mac_cfg.o (.rodata.macMRFSKStdPhyTable)
                  00001aa4    00000045     app_pm4f.om4f (.rodata.str1.1)
                  00001ae9    00000002     cllc.o (.rodata.keyUsageList)
                  00001aeb    00000001     ti_drivers_config.o (.rodata.NVS_count)
                  00001aec    00000040     mac_user_config.o (.rodata.macCryptoDriverTable)
                  00001b2c    00000040     maclib_secure_cc13x2.a : hmac_global.o (.rodata.macTimerRolloverValue)
                  00001b6c    00000038                            : hmac_global.o (.rodata.macCmdIncludeFHIe)
                  00001ba4    00000031     macTask.o (.rodata.str1.1)
                  00001bd5    00000001     ti_drivers_config.o (.rodata.UART_count)
                  00001bd6    00000001     ti_drivers_config.o (.rodata.aesccmCC26XXHWAttrs)
                  00001bd7    00000001     --HOLE-- [fill = 0]
                  00001bd8    00000030     ti_radio_config.o (.rodata.RF_cmdPropRadioDivSetup_2gfsk50kbps154g)
                  00001c08    00000030     ti_radio_config.o (.rodata.RF_cmdPropRxAdv_2gfsk50kbps154g)
                  00001c38    0000002c     csf.o (.rodata..Lswitch.table.Csf_deviceSensorDeviceTypeResponseUpdate)
                  00001c64    00000028     ti_drivers_config.o (.rodata.BoardGpioInitTable)
                  00001c8c    00000028     drivers_cc13x2.a : NVSCC26XX.om4f (.rodata.NVSCC26XX_fxnTable)
                  00001cb4    00000028                      : UARTCC26XX.om4f (.rodata.UARTCC26XX_fxnTable)
                  00001cdc    00000028     ti_drivers_config.o (.rodata.uartCC26XXHWAttrs)
                  00001d04    00000024     drivers_cc13x2.a : UART.om4f (.rodata.UART_defaultParams)
                  00001d28    00000020     mac_user_config.o (.rodata..L__const.rfSelect.RfCfg)
                  00001d48    00000020     ti_radio_config.o (.rodata.RF_cmdPropTxAdv_2gfsk50kbps154g)
                  00001d68    00000020     maclib_secure_cc13x2.a : mac_radio.o (.rodata.activityObject)
                  00001d88    00000020     rf_multiMode_cc13x2.am4f : RFCC26X2_multiMode.c.cc13x2.ticlang.o (.rodata.cst32)
                  00001da8    00000020     cllc.o (.rodata.keyDeviceList)
                  00001dc8    0000001c     ti_radio_config.o (.rodata.RF_cmdPropCs_2gfsk50kbps154g)
                  00001de4    00000018     drivers_cc13x2.a : PWM.om4f (.rodata.PWM_defaultParams)
                  00001dfc    00000018     ti_radio_config.o (.rodata.RF_cmdFs_2gfsk50kbps154g)
                  00001e14    00000018     drivers_cc13x2.a : GPIOCC26XX.om4f (.rodata.interruptType)
                  00001e2c    00000018     maclib_secure_cc13x2.a : hmac_global.o (.rodata.macSendMsgBufSize)
                  00001e44    00000018     rom_sysbios.am4f : runtime_System.o (.rodata.str1.1)
                  00001e5c    00000014     ti_drivers_config.o (.rodata..L__const.Board_shutDownExtFlash.extFlashPinTable)
                  00001e70    00000014     ti_drivers_config.o (.rodata.GPIOCC26XX_config)
                  00001e84    00000014     ti_drivers_config.o (.rodata.PowerCC26X2_config)
                  00001e98    00000014     drivers_cc13x2.a : TRNG.om4f (.rodata.TRNG_defaultParams)
                  00001eac    00000014                      : UARTCC26XX.om4f (.rodata.parityType)
                  00001ec0    00000013     macTask.o (.rodata.msacbackSizeTable)
                  00001ed3    00000011     csf.o (.rodata.validChannelMask)
                  00001ee4    00000010     drivers_cc13x2.a : AESCCM.om4f (.rodata.AESCCM_defaultParams)
                  00001ef4    00000010     ti_drivers_config.o (.rodata.Button_config)
                  00001f04    00000010     drivers_cc13x2.a : Button.om4f (.rodata.Button_defaultParams)
                  00001f14    00000010     ti_drivers_config.o (.rodata.LED_config)
                  00001f24    00000010     drivers_cc13x2.a : UARTCC26XX.om4f (.rodata.cst16)
                  00001f34    00000010     ti_drivers_config.o (.rodata.cst16)
                  00001f44    00000010     maclib_secure_cc13x2.a : hmac_global.o (.rodata.macIEEEPhyTable)
                  00001f54    00000010     drivers_cc13x2.a : GPIOCC26XX.om4f (.rodata.outPinTypes)
                  00001f64    0000000f     cui.o (.rodata.str1.4)
                  00001f73    0000000e     maclib_secure_cc13x2.a : hmac_global.o (.rodata.macCmdBufSize)
                  00001f81    0000000e                            : hmac_global.o (.rodata.macTxFrameFailed)
                  00001f8f    0000000e                            : hmac_global.o (.rodata.macTxFrameSuccess)
                  00001f9d    00000003     --HOLE-- [fill = 0]
                  00001fa0    0000000e     csf.o (.rodata.str1.4)
                  00001fae    00000002     --HOLE-- [fill = 0]
                  00001fb0    0000000c     ti_drivers_config.o (.rodata.NVS_config)
                  00001fbc    0000000c     ti_drivers_config.o (.rodata.RFCC26XX_hwAttrs)
                  00001fc8    0000000c     ti_drivers_config.o (.rodata.UART_config)
                  00001fd4    0000000c     drivers_cc13x2.a : GPIOCC26XX.om4f (.rodata.inPinTypes)
                  00001fe0    0000000c     maclib_secure_cc13x2.a : hmac_global.o (.rodata.macCbackEventTbl)
                  00001fec    0000000c                            : hmac_global.o (.rodata.macSendMsgDataSize)
                  00001ff8    0000000c     drivers_cc13x2.a : GPIOCC26XX.om4f (.rodata.outPinStrengths)
                  00002004    0000000a     cllc.o (.rodata.keyIdLookupList)
                  0000200e    00000009     maclib_secure_cc13x2.a : hmac_global.o (.rodata.macCmdLen)
                  00002017    00000001     --HOLE-- [fill = 0]
                  00002018    00000008     rf_multiMode_cc13x2.am4f : RFCC26X2_multiMode.c.cc13x2.ticlang.o (.rodata..L__const.RF_hwiCpe0Active.activeCmd)
                  00002020    00000008     ti_drivers_config.o (.rodata.AESCCM_config)
                  00002028    00000008     cllc.o (.rodata.Cllc_keySource)
                  00002030    00000008     drivers_cc13x2.a : LED.om4f (.rodata.LED_defaultParams)
                  00002038    00000008     ti_drivers_config.o (.rodata.PINCC26XX_hwAttrs)
                  00002040    00000008     driverlib.lib : aux_sysif.o (.rodata.cst4)
                  00002048    00000008     maclib_secure_cc13x2.a : mac_rx.o (.rodata.cst4)
                  00002050    00000008     drivers_cc13x2.a : UARTCC26XX.om4f (.rodata.cst8)
                  00002058    00000008     main.o (.rodata.cst8)
                  00002060    00000008     maclib_secure_cc13x2.a : fh_global.o (.rodata.fhSupFrameTypes)
                  00002068    00000008                            : hmac_global.o (.rodata.macAuthTagLen)
                  00002070    00000008     ti_drivers_config.o (.rodata.nvsCC26XXHWAttrs)
                  00002078    00000006     cui.o (.rodata..L.str.8)
                  0000207e    00000006     maclib_secure_cc13x2.a : mac_hl_patch.o (.rodata..L__const.macWrapperAddKeyInitFCtr.mtKeyUsageEntry)
                  00002084    00000006     drivers_cc13x2.a : UARTCC26XX.om4f (.rodata.rxFifoBytes)
                  0000208a    00000006                      : UARTCC26XX.om4f (.rodata.rxFifoThreshold)
                  00002090    00000006                      : UARTCC26XX.om4f (.rodata.txFifoBytes)
                  00002096    00000006                      : UARTCC26XX.om4f (.rodata.txFifoThreshold)
                  0000209c    00000005     cllc.o (.rodata.securityLevelEntry)
                  000020a1    00000004     ti_drivers_config.o (.rodata.LEDHWAttrs)
                  000020a5    00000003     --HOLE-- [fill = 0]
                  000020a8    00000004     drivers_cc13x2.a : NVS.om4f (.rodata.NVS_defaultParams)
                  000020ac    00000004     cui.o (.rodata.cst4)
                  000020b0    00000004     app_pm4f.om4f (.rodata.heap0)
                  000020b4    00000004     maclib_secure_cc13x2.a : hmac_global.o (.rodata.macKeySourceLen)

.cinit     0    00016588    000004c8     
                  00016588    00000463     (.cinit..data.load) [load image, compression = lzss]
                  000169eb    00000001     --HOLE-- [fill = 0]
                  000169ec    0000000c     (__TI_handler_table)
                  000169f8    00000008     (.cinit..bss.load) [load image, compression = zero_init]
                  00016a00    00000008     (.cinit..data:RAM_MAC_BASE_ADDR.load) [load image, compression = zero_init]
                  00016a08    00000008     (.cinit..data:xdcRomConstPtr.load) [load image, compression = lzss]
                  00016a10    00000008     (.cinit..data:xdcRomExternFuncPtr.load) [load image, compression = lzss]
                  00016a18    00000008     (.cinit..data:xdcRomStatePtr.load) [load image, compression = lzss]
                  00016a20    00000030     (__TI_cinit_table)

.init_array 
*          0    00000000    00000000     UNINITIALIZED

.TI.bound:flashBuf0 
*          0    0004e000    00008000     UNINITIALIZED
                  0004e000    00008000     ti_drivers_config.o (.TI.bound:flashBuf0)

.ccfg      0    00057fa8    00000058     
                  00057fa8    00000058     ti_devices_config.o (.ccfg)

.data:xdcRomConstPtr 
*          0    20000100    00000004     UNINITIALIZED
                  20000100    00000004     app_pm4f.om4f (.data:xdcRomConstPtr)

.data:xdcRomExternFuncPtr 
*          0    20000104    00000004     UNINITIALIZED
                  20000104    00000004     app_pm4f.om4f (.data:xdcRomExternFuncPtr)

.data:xdcRomStatePtr 
*          0    20000108    00000004     UNINITIALIZED
                  20000108    00000004     app_pm4f.om4f (.data:xdcRomStatePtr)

.data      0    20000120    000010e1     UNINITIALIZED
                  20000120    00000170     drivers_cc13x2.a : PowerCC26X2.om4f (.data.PowerCC26X2_module)
                  20000290    0000010c     app_pm4f.om4f (.data:ROM_stateStruct)
                  2000039c    000000a0     mac_cfg.o (.data.macMRFSKGenPhyTable)
                  2000043c    0000007c     drivers_cc13x2.a : PINCC26XX.om4f (.data..L_MergedGlobals.1)
                  200004b8    00000074     cui.o (.data..L_MergedGlobals.23)
                  2000052c    0000006c     cui.o (.data..L_MergedGlobals.22)
                  20000598    0000006c     csf.o (.data..L_MergedGlobals.70)
                  20000604    0000006c     csf.o (.data..L_MergedGlobals.71)
                  20000670    0000006c     maclib_secure_cc13x2.a : hmac_global.o (.data.fhObject)
                  200006dc    00000068     rf_multiMode_cc13x2.am4f : RFCC26X2_multiMode.c.cc13x2.ticlang.o (.data..L_MergedGlobals.1)
                  20000744    00000064                              : RFCC26X2_multiMode.c.cc13x2.ticlang.o (.data..L_MergedGlobals.3)
                  200007a8    00000064     ti_radio_config.o (.data.txPowerTable_868_pa13)
                  2000080c    00000060     cllc.o (.data..L_MergedGlobals)
                  2000086c    00000060     collector.o (.data..L_MergedGlobals)
                  200008cc    0000005c     csf.o (.data..L_MergedGlobals.69)
                  20000928    0000005c     main.o (.data.Main_user1Cfg)
                  20000984    00000004     libc.a : aeabi_portable.c.obj (.data.__aeabi_errno)
                  20000988    0000005a     csf.o (.data..L_MergedGlobals)
                  200009e2    00000002     app_pm4f.om4f (.data.ti_sysbios_family_arm_m3_Hwi_Module_State_0_excActive__A)
                  200009e4    00000058     rf_multiMode_cc13x2.am4f : RFCC26X2_multiMode.c.cc13x2.ticlang.o (.data..L_MergedGlobals.2)
                  20000a3c    00000058     csf.o (.data.appSubMenu)
                  20000a94    00000054     maclib_secure_cc13x2.a : fh_global.o (.data.FHIE_channelPlan)
                  20000ae8    0000004c     app_pm4f.om4f (.data.ti_sysbios_knl_Task_Object__table__V)
                  20000b34    00000048     macTask.o (.data..L_MergedGlobals.2)
                  20000b7c    00000048     cllc.o (.data.macCallbacksCopy)
                  20000bc4    00000004     app_pm4f.om4f (.data.__xdc__init__addr)
                  20000bc8    00000048     app_pm4f.om4f (.data.ti_sysbios_family_arm_cc26xx_Timer_Object__table__V)
                  20000c10    00000040     csf.o (.data.commissionSubMenu)
                  20000c50    00000040     csf.o (.data.configureSubMenu)
                  20000c90    00000040     csf.o (.data.csfMainMenu)
                  20000cd0    0000003d     cui.o (.data..L_MergedGlobals)
                  20000d0d    00000003     maclib_secure_cc13x2.a : mac_tx.o (.data..L_MergedGlobals)
                  20000d10    00000038     drivers_cc13x2.a : TRNGCC26XX.om4f (.data..L_MergedGlobals.1)
                  20000d48    00000038     app_pm4f.om4f (.data.ti_sysbios_gates_GateMutex_Object__table__V)
                  20000d80    00000034     maclib_secure_cc13x2.a : hmac_global.o (.data.macBeaconPayload)
                  20000db4    00000030     drivers_cc13x2.a : GPIOCC26XX.om4f (.data..L_MergedGlobals.1)
                  20000de4    00000004     libc.a : _lock.c.obj (.data._lock)
                  20000de8    00000030     drivers_cc13x2.a : TRNGCC26XX.om4f (.data..L_MergedGlobals)
                  20000e18    00000030     app_pm4f.om4f (.data.ti_sysbios_knl_Swi_Module_State_0_readyQ__A)
                  20000e48    00000030     app_pm4f.om4f (.data.ti_sysbios_knl_Swi_Object__table__V)
                  20000e78    00000030     app_pm4f.om4f (.data.ti_sysbios_knl_Task_Module_State_0_readyQ__A)
                  20000ea8    00000028     nvocmp.o (.data..L_MergedGlobals.1)
                  20000ed0    00000024     maclib_secure_cc13x2.a : hmac_global.o (.data.macActionSet)
                  20000ef4    00000024     ti_radio_config.o (.data.pOverrides_2gfsk50kbps154g)
                  20000f18    00000020     maclib_secure_cc13x2.a : mac.o (.data..L_MergedGlobals)
                  20000f38    00000020     mac_cfg.o (.data.macBeaconMargin)
                  20000f58    00000020     app_pm4f.om4f (.data.ti_sysbios_knl_Clock_Object__table__V)
                  20000f78    00000020     app_pm4f.om4f (.data.xdc_runtime_Error_IgnoreBlock)
                  20000f98    00000018     app_pm4f.om4f (.data.ti_sysbios_family_arm_m3_Hwi_Object__table__V)
                  20000fb0    00000015     maclib_secure_cc13x2.a : mac_rx.o (.data..L_MergedGlobals)
                  20000fc5    00000001     cui.o (.data.CUI_statusLinePrintf.refreshCharIdx)
                  20000fc6    00000001     main.o (.data.Main_assertReason)
                  20000fc7    00000001     nvocmp.o (.data.NVOCMP_failF)
                  20000fc8    00000014     maclib_osal_tirtos_cc13x2_26x2.a : osal_port.o (.data..L_MergedGlobals)
                  20000fdc    00000014     maclib_secure_cc13x2.a : hmac_global.o (.data.macStateTbl)
                  20000ff0    00000014     main.o (.data.macUser0Cfg)
                  20001004    00000010     macTask.o (.data..L_MergedGlobals)
                  20001014    00000010     ti_drivers_config.o (.data..L_MergedGlobals)
                  20001024    00000010     mac_settings.o (.data.RF_cmdNop)
                  20001034    00000010     mac_settings.o (.data.RF_cmdNopFg)
                  20001044    00000010     ti_radio_config.o (.data.RF_prop_2gfsk50kbps154g)
                  20001054    00000010     ti_drivers_config.o (.data.gpioCallbackFunctions)
                  20001064    00000010     ti_drivers_config.o (.data.gpioPinConfigs)
                  20001074    00000010     mac_cfg.o (.data.macCfg)
                  20001084    0000000c     maclib_osal_tirtos_cc13x2_26x2.a : osal_port.o (.data..L_MergedGlobals.1)
                  20001090    0000000c     drivers_cc13x2.a : GPIOCC26XX.om4f (.data..L_MergedGlobals)
                  2000109c    0000000c                      : NVSCC26XX.om4f (.data..L_MergedGlobals)
                  200010a8    0000000c     maclib_secure_cc13x2.a : fh_global.o (.data.FH_FSM)
                  200010b4    0000000c     app_pm4f.om4f (.data.ti_sysbios_heaps_HeapCallback_Object__table__V)
                  200010c0    00000008     maclib_osal_tirtos_cc13x2_26x2.a : osal_port_timers.o (.data..L_MergedGlobals.1)
                  200010c8    00000008     maclib_secure_cc13x2.a : mac.o (.data..L_MergedGlobals.1)
                  200010d0    00000008                            : mac_radio.o (.data..L_MergedGlobals.1)
                  200010d8    00000008     drivers_cc13x2.a : PINCC26XX.om4f (.data..L_MergedGlobals)
                  200010e0    00000008     maclib_osal_tirtos_cc13x2_26x2.a : osal_port_timers.o (.data..L_MergedGlobals)
                  200010e8    00000008     maclib_secure_cc13x2.a : mac_radio.o (.data..L_MergedGlobals)
                  200010f0    00000008                            : mac_radio_tx.o (.data..L_MergedGlobals)
                  200010f8    00000008     rf_multiMode_cc13x2.am4f : RFCC26X2_multiMode.c.cc13x2.ticlang.o (.data..L_MergedGlobals)
                  20001100    00000008     maclib_secure_cc13x2.a : fh_global.o (.data.FH_txTiming)
                  20001108    00000008     rf_multiMode_cc13x2.am4f : RFCC26X2_multiMode.c.cc13x2.ticlang.o (.data.RFCC26XX_schedulerPolicy)
                  20001110    00000008     app_pm4f.om4f (.data.ti_sysbios_family_arm_m3_Hwi_Module__root__V)
                  20001118    00000008     app_pm4f.om4f (.data.ti_sysbios_gates_GateHwi_Module__root__V)
                  20001120    00000008     app_pm4f.om4f (.data.ti_sysbios_gates_GateMutexPri_Module__root__V)
                  20001128    00000008     app_pm4f.om4f (.data.ti_sysbios_gates_GateMutex_Module__root__V)
                  20001130    00000008     app_pm4f.om4f (.data.ti_sysbios_hal_Hwi_Module__root__V)
                  20001138    00000008     app_pm4f.om4f (.data.ti_sysbios_heaps_HeapCallback_Module__root__V)
                  20001140    00000008     app_pm4f.om4f (.data.ti_sysbios_heaps_HeapMem_Module__root__V)
                  20001148    00000008     app_pm4f.om4f (.data.ti_sysbios_knl_Clock_Module__root__V)
                  20001150    00000008     app_pm4f.om4f (.data.ti_sysbios_knl_Event_Module__root__V)
                  20001158    00000008     app_pm4f.om4f (.data.ti_sysbios_knl_Mailbox_Module__root__V)
                  20001160    00000008     app_pm4f.om4f (.data.ti_sysbios_knl_Queue_Module__root__V)
                  20001168    00000008     app_pm4f.om4f (.data.ti_sysbios_knl_Semaphore_Module__root__V)
                  20001170    00000008     app_pm4f.om4f (.data.ti_sysbios_knl_Swi_Module__root__V)
                  20001178    00000008     app_pm4f.om4f (.data.ti_sysbios_knl_Task_Module__root__V)
                  20001180    00000006     maclib_secure_cc13x2.a : mac_hl_patch.o (.data..L_MergedGlobals)
                  20001186    00000001                            : lmac_global.o (.data.bInSwi)
                  20001187    00000001     rf_multiMode_cc13x2.am4f : rf_patch_cpe_prop.c.cc13x2.ticlang.o (.data.bPropPatchEntered)
                  20001188    00000004     libc.a : _lock.c.obj (.data._unlock)
                  2000118c    00000004     api_mac.o (.data.appEvents)
                  20001190    00000004     drivers_cc13x2.a : GPIOCC26XX.om4f (.data.configIntsEnabledMask)
                  20001194    00000004     maclib_secure_cc13x2.a : fh_global.o (.data.macAddrSize)
                  20001198    00000004                            : mac_tx.o (.data.macCsmaRtcTimerId)
                  2000119c    00000004                            : hmac_global.o (.data.macDataBeaconRequeue)
                  200011a0    00000004                            : hmac_global.o (.data.macDataCheckSched)
                  200011a4    00000004                            : hmac_global.o (.data.macDataCheckTxTime)
                  200011a8    00000004                            : hmac_global.o (.data.macDataRequeueIndirect)
                  200011ac    00000004                            : hmac_global.o (.data.macDataRxBeaconCritical)
                  200011b0    00000004                            : hmac_global.o (.data.macDataSetSched)
                  200011b4    00000004                            : hmac_global.o (.data.macDataTxBeaconComplete)
                  200011b8    00000004                            : hmac_global.o (.data.macDataTxIndirect)
                  200011bc    00000004                            : mac.o (.data.macNopBackoffRtcTimerId)
                  200011c0    00000004                            : mac_symbol_timer.o (.data.macSymbolWakeupClock)
                  200011c4    00000004     macTask.o (.data.macTaskEvents)
                  200011c8    00000004     maclib_osal_tirtos_cc13x2_26x2.a : osal_port.o (.data.macTasksEvents)
                  200011cc    00000004     maclib_secure_cc13x2.a : hmac_global.o (.data.macTimerNewRollover)
                  200011d0    00000004                            : hmac_global.o (.data.macTimerRollover)
                  200011d4    00000004     api_mac.o (.data.pMacCallbacks)
                  200011d8    00000004     maclib_secure_cc13x2.a : hmac_global.o (.data.pMacDataTx)
                  200011dc    00000004                            : mac_radio_tx.o (.data.pMacEnhancedAck)
                  200011e0    00000004                            : mac_mcu.o (.data.pRandomSeedCB)
                  200011e4    00000004     app_pm4f.om4f (.data.ti_sysbios_family_arm_m3_Hwi_Module_State_0_excContext__A)
                  200011e8    00000004     app_pm4f.om4f (.data.ti_sysbios_family_arm_m3_Hwi_Module_State_0_excStack__A)
                  200011ec    00000004     app_pm4f.om4f (.data.ti_sysbios_knl_Task_Module_State_0_idleTask__A)
                  200011f0    00000001     maclib_secure_cc13x2.a : hmac_global.o (.data.csmPhy)
                  200011f1    00000001     drivers_cc13x2.a : AESCCMCC26XX.om4f (.data.isInitialized)
                  200011f2    00000001                      : CryptoResourceCC26XX.om4f (.data.isInitialized)
                  200011f3    00000001                      : NVS.om4f (.data.isInitialized)
                  200011f4    00000001                      : PWM.om4f (.data.isInitialized)
                  200011f5    00000001                      : UART.om4f (.data.isInitialized)
                  200011f6    00000001     maclib_secure_cc13x2.a : lmac_global.o (.data.macRadioYielded)
                  200011f7    00000001                            : mac_sleep.o (.data.macSleepState)
                  200011f8    00000001                            : mac_autopend.o (.data.macSrcMatchIsAckAllPending)
                  200011f9    00000001                            : lmac_global.o (.data.macSrcMatchIsEnabled)
                  200011fa    00000001                            : mac.o (.data.macTxCmdActive)
                  200011fb    00000001                            : lmac_global.o (.data.macTxSlottedDelay)
                  200011fc    00000001                            : mac_tx.o (.data.macTxSlottedDelayFactor)
                  200011fd    00000001                            : mac_tx.o (.data.npdb)
                  200011fe    00000001                            : mac_tx.o (.data.numTx)
                  200011ff    00000001                            : mac.o (.data.reqAccessAlloc)
                  20001200    00000001     ti_drivers_config.o (.data.rfDriverCallbackAntennaSwitching.initialized)

.bss       0    20001208    00002df3     UNINITIALIZED
                  20001208    00000800     macTask.o (.bss.macTaskStack)
                  20001a08    00000600     main.o (.bss.appTaskStack)
                  20002008    000002c0     rf_multiMode_cc13x2.am4f : RFCC26X2_multiMode.c.cc13x2.ticlang.o (.bss.RF_cmdPool)
                  200022c8    00000258     (.common:Cllc_associatedDevList)
                  20002520    00000200     cui.o (.bss.gRingBuff)
                  20002720    00000200     app_pm4f.om4f (.bss:taskStackSection)
                  20002920    000001bc     (.common:uartCC26XXObjects)
                  20002adc    000001a5     (.common:menuBuff)
                  20002c81    00000001     main.o (.bss._macTaskId)
                  20002c82    00000002     maclib_secure_cc13x2.a : mac_radio.o (.bss.macSavedPanID)
                  20002c84    00000168     (.common:taskTbl)
                  20002dec    000000fa     (.common:enhancedAckBuf)
                  20002ee6    00000002     (.common:macRxDataEntryOffset)
                  20002ee8    000000f8                            : mac_radio.o (.bss.RF_object)
                  20002fe0    000000d8     (.common:ti_sysbios_family_arm_m3_Hwi_dispatchTable)
                  200030b8    000000b8     (.common:LEDObjects)
                  20003170    0000008c     (.common:FHPIB_db)
                  200031fc    00000088     (.common:FH_hnd)
                  20003284    00000088     (.common:macPib)
                  2000330c    0000007c     (.common:pinHandleTable)
                  20003388    0000007a     (.common:FHNT_tableOpt)
                  20003402    00000006     (.common:FHNT_Dbg)
                  20003408    00000068     rf_multiMode_cc13x2.am4f : RFCC26X2_multiMode.c.cc13x2.ticlang.o (.bss.RF_ratModule)
                  20003470    00000054     (.common:macScan)
                  200034c4    00000050     cui.o (.bss.gMenuSemStruct)
                  20003514    00000050     cui.o (.bss.gStatusSemStruct)
                  20003564    00000050     cui.o (.bss.gUartSemStruct)
                  200035b4    00000050     drivers_cc13x2.a : PINCC26XX.om4f (.bss.pinSemaphore)
                  20003604    00000050     (.common:ButtonObjects)
                  20003654    00000050     (.common:CryptoResourceCC26XX_accessSemaphore)
                  200036a4    00000050     (.common:CryptoResourceCC26XX_operationSemaphore)
                  200036f4    00000050     (.common:appTask)
                  20003744    00000050     (.common:macTask)
                  20003794    0000004c     (.common:cuiMultiMenuData)
                  200037e0    00000046     (.common:NVOCMP_nvHandle)
                  20003826    00000002     (.common:macTxCsmaBackoffDelay)
                  20003828    00000044     rf_multiMode_cc13x2.am4f : RFCC26X2_multiMode.c.cc13x2.ticlang.o (.bss.RF_clkInactivityObj)
                  2000386c    00000044                              : RFCC26X2_multiMode.c.cc13x2.ticlang.o (.bss.RF_clkPowerUpObj)
                  200038b0    00000042     (.common:FHFSM_Dbg)
                  200038f2    00000002     (.common:rxCmdHandle)
                  200038f4    00000004     api_mac.o (.bss.appSemHandle)
                  200038f8    00000040     (.common:RF_cmdIEEERx)
                  20003938    00000040     (.common:macSecurityPib)
                  20003978    0000003c     rf_multiMode_cc13x2.am4f : RFCC26X2_multiMode.c.cc13x2.ticlang.o (.bss.RF_swiHwObj)
                  200039b4    0000003c     (.common:Collector_statistics)
                  200039f0    0000003c     (.common:macBeaconCoord)
                  20003a2c    00000038     (.common:FHNT_hnd)
                  20003a64    00000038     (.common:macDeviceAction1)
                  20003a9c    00000034     (.common:macBeaconDevice)
                  20003ad0    00000030     (.common:RF_cmdPropRadioDivSetup)
                  20003b00    00000030     (.common:RF_cmdPropRxAdv)
                  20003b30    00000030     (.common:macMgmtAction1)
                  20003b60    00000030     (.common:macSrcExtAddrList)
                  20003b90    0000002c     (.common:macCoord)
                  20003bbc    0000002c     (.common:macDevice)
                  20003be8    00000024     collector.o (.bss.dataRequestMsduMappingTable)
                  20003c0c    00000020     ti_drivers_config.o (.bss.uartCC26XXRingBuffer0)
                  20003c2c    00000020     (.common:RF_cmdIEEECsma)
                  20003c4c    00000020     (.common:RF_cmdPropTxAdv)
                  20003c6c    00000020     (.common:RF_cmdRadioSetup)
                  20003c8c    00000020     (.common:RF_params)
                  20003cac    00000020     (.common:macBeacon)
                  20003ccc    0000001c     (.common:CryptoResourceCC26XX_hwi)
                  20003ce8    0000001c     (.common:RF_cmdPropCs)
                  20003d04    0000001c     (.common:RF_cmdPropCsSlotted)
                  20003d20    0000001c     (.common:appSem)
                  20003d3c    0000001c     (.common:macCoordAction2)
                  20003d58    0000001c     (.common:macReset)
                  20003d74    0000001c     (.common:macSem)
                  20003d90    0000001c     (.common:macSrcShortAddrList)
                  20003dac    00000018     (.common:RF_cmdFsRx)
                  20003dc4    00000018     (.common:RF_cmdFsTx)
                  20003ddc    00000018     (.common:RF_cmdIEEETx)
                  20003df4    00000018     (.common:aesccmCC26XXObjects)
                  20003e0c    00000018     (.common:macScanAction)
                  20003e24    00000014     maclib_secure_cc13x2.a : mac_symbol_timer.o (.bss.macSymbolPwrNotifyObj)
                  20003e38    00000014     drivers_cc13x2.a : Random.om4f (.bss.state)
                  20003e4c    00000014     (.common:RF_cmdRxAckCmd)
                  20003e60    00000014     (.common:macAckDbg)
                  20003e74    00000014     (.common:macDeviceAction2)
                  20003e88    00000014     (.common:macMgmtAction2)
                  20003e9c    00000010     driverlib.lib : osc.o (.bss._hposcCoeffs)
                  20003eac    00000010     (.common:macBeaconDeviceAction)
                  20003ebc    00000010     (.common:macCoordAction3)
                  20003ecc    00000010     (.common:macData)
                  20003edc    00000010     (.common:macDataTxDelay)
                  20003eec    00000010     (.common:macFrmFilter)
                  20003efc    00000010     (.common:macRxOutputIeee)
                  20003f0c    0000000c     (.common:macMain)
                  20003f18    0000000c     (.common:macRxOutputSubG)
                  20003f24    0000000a     (.common:FH_PibTbl)
                  20003f2e    00000008     (.common:ApiMac_extAddr)
                  20003f36    00000002     (.common:txCmdHandle)
                  20003f38    00000008     (.common:FHNT_tempTable)
                  20003f40    00000008     (.common:macBeaconCoordAction1)
                  20003f48    00000008     (.common:macCoordAction1)
                  20003f50    00000008     (.common:macRxDataEntryQueue)
                  20003f58    00000004                   : osc.o (.bss.oscHfGlobals.0)
                  20003f5c    00000004                   : osc.o (.bss.oscHfGlobals.2)
                  20003f60    00000004                   : osc.o (.bss.oscHfGlobals.3)
                  20003f64    00000004                   : osc.o (.bss.oscHfGlobals.4)
                  20003f68    00000004     collector.o (.bss.sem)
                  20003f6c    00000004     (.common:AESCCM_handle)
                  20003f70    00000004     (.common:FH_test_var)
                  20003f74    00000004     (.common:HEAPMGR_SIZE)
                  20003f78    00000004     (.common:PowerCC26XX_swiKey)
                  20003f7c    00000004     (.common:PowerCC26XX_taskKey)
                  20003f80    00000004     (.common:collectorStatusLine)
                  20003f84    00000004     (.common:csfCuiHndl)
                  20003f88    00000004     (.common:deviceStatusLine)
                  20003f8c    00000004     (.common:eiDataStatusLine)
                  20003f90    00000004     (.common:eiInferStatusLine)
                  20003f94    00000004     (.common:macCryptoDrvTblPtr)
                  20003f98    00000004     (.common:macPhyTxPower)
                  20003f9c    00000004     (.common:macPrevPeriodRatCount)
                  20003fa0    00000004     (.common:macRfDrvTblPtr)
                  20003fa4    00000004     (.common:macRxSymbol)
                  20003fa8    00000004     (.common:macSymbolTimerRollover)
                  20003fac    00000004     (.common:macSymbolTimerTrigger)
                  20003fb0    00000004     (.common:macTimerActive)
                  20003fb4    00000004     (.common:macTxTimestamp)
                  20003fb8    00000004     (.common:numJoinDevStatusLine)
                  20003fbc    00000004     (.common:pClockHandleEDScan)
                  20003fc0    00000004     (.common:pMacRadioConfig)
                  20003fc4    00000004     (.common:pMaxPower)
                  20003fc8    00000004     (.common:pRfMode)
                  20003fcc    00000004     (.common:pRfPowerTable)
                  20003fd0    00000004     (.common:rxRadioBufferPtr)
                  20003fd4    00000004     (.common:timerAlignedQ)
                  20003fd8    00000004     (.common:timerUnalignedQ)
                  20003fdc    00000001     maclib_secure_cc13x2.a : mac_symbol_timer.o (.bss.macSymbolTimerEvents)
                  20003fdd    00000001                            : mac_radio.o (.bss.radioInitFlag)
                  20003fde    00000001     (.common:AppTaskId)
                  20003fdf    00000001     (.common:NVOCMP_size)
                  20003fe0    00000001     (.common:appTaskId)
                  20003fe1    00000001     (.common:driverlib_release_0_60278)
                  20003fe2    00000001     (.common:gAction)
                  20003fe3    00000001     (.common:macAckTxActive)
                  20003fe4    00000001     (.common:macMgmt)
                  20003fe5    00000001     (.common:macPanCoordinator)
                  20003fe6    00000001     (.common:macPhyChannel)
                  20003fe7    00000001     (.common:macPwr)
                  20003fe8    00000001     (.common:macRxActive)
                  20003fe9    00000001     (.common:macRxEnableFlags)
                  20003fea    00000001     (.common:macRxFilter)
                  20003feb    00000001     (.common:macRxOutgoingAckFlag)
                  20003fec    00000001     (.common:macSpecUsecsPerSymbol)
                  20003fed    00000001     (.common:macSrcResIndex)
                  20003fee    00000001     (.common:macSymbolTimerImpending)
                  20003fef    00000001     (.common:macTaskId)
                  20003ff0    00000001     (.common:macTxActive)
                  20003ff1    00000001     (.common:macTxBe)
                  20003ff2    00000001     (.common:macTxGpInterframeDelay)
                  20003ff3    00000001     (.common:macTxType)
                  20003ff4    00000001     (.common:macUnitBackoffPeriod)
                  20003ff5    00000001     (.common:nvsCC26XXObjects)
                  20003ff6    00000001     (.common:rxFhRsl)
                  20003ff7    00000001     (.common:rxPromiscuousMode)
                  20003ff8    00000001     (.common:rxSeqNum)
                  20003ff9    00000001     (.common:txAckReq)
                  20003ffa    00000001     (.common:txSeqn)

.vtable    0    20003ffb    00000000     UNINITIALIZED

.vtable_ram 
*          0    20003ffb    00000000     UNINITIALIZED

vtable_ram 
*          0    20003ffb    00000000     UNINITIALIZED

.sysmem    0    20003ffb    00000000     UNINITIALIZED

.nonretenvar 
*          0    20003ffb    00000000     UNINITIALIZED

.stack     0    20013aa0    00000560     UNINITIALIZED
                  20013aa0    00000004     startup.am4f : boot_cortex_m.om4f (.stack)
                  20013aa4    0000055c     --HOLE--

.bootVecs 
*          0    00000000    00000000     DSECT

.resetVecs 
*          0    00000000    0000003c     
                  00000000    0000003c     app_pm4f.om4f (.resetVecs)

.vecs      0    20000000    000000d8     NOLOAD SECTION
                  20000000    000000d8     app_pm4f.om4f (.vecs)

xdc.meta   0    00000000    00000107     COPY SECTION
                  00000000    00000107     app_pm4f.om4f (xdc.meta)

xdc.noload 
*          0    00000000    00000000     COPY SECTION

.data:RAM_MAC_BASE_ADDR 
*          0    2000010c    00000010     UNINITIALIZED
                  2000010c    00000010     maclib_secure_cc13x2.a : rom_init_154.o (.data:RAM_MAC_BASE_ADDR)

.text.1    0    0000003c    00000004     
                  0000003c    00000004     api_mac.o (.text.ApiMac_mlmeScanReq)

.text.2    0    000025f8    00013f90     
                  000025f8    000003cc     api_mac.o (.text.ApiMac_processIncoming)
                  000029c4    0000038c     maclib_secure_cc13x2.a : mac_hl_patch.o (.text.macWrapperAddDevice)
                  00002d50    000002f8                            : mac_rx.o (.text.rxPayloadIsr)
                  00003048    000002e0     cui.o (.text.CUI_processMenuUpdate)
                  00003328    000002c8     collector.o (.text.Collector_process)
                  000035f0    000002ac     maclib_secure_cc13x2.a : mac.o (.text.macRxCb)
                  0000389c    0000027c                            : mac_radio_tx.o (.text.macRadioCsmaTxCb)
                  00003b18    00000278     drivers_cc13x2.a : PowerCC26X2_calibrateRCOSC.om4f (.text.PowerCC26X2_auxISR)
                  00003d90    00000254     macTask.o (.text.macTaskFxn)
                  00003fe4    00000240     csf.o (.text.setChMaskAction)
                  00004224    00000220     maclib_secure_cc13x2.a : mac_radio.o (.text.macRadioInitSubG)
                  00004444    00000218     rf_multiMode_cc13x2.am4f : RFCC26X2_multiMode.c.cc13x2.ticlang.o (.text.RF_open)
                  0000465c    00000210     maclib_secure_cc13x2.a : mac.o (.text.macSendReceiveCmdSubG)
                  0000486c    000001f8     drivers_cc13x2.a : PINCC26XX.om4f (.text.PIN_init)
                  00004a64    000001f8                      : UARTCC26XX.om4f (.text.UARTCC26XX_open)
                  00004c5c    000001e8     maclib_secure_cc13x2.a : mac_radio_tx.o (.text.macRadioTxRequestTxAck)
                  00004e44    000001e0     nvocmp.o (.text.NVOCMP_addItem)
                  00005024    000001dc     rf_multiMode_cc13x2.am4f : RFCC26X2_multiMode.c.cc13x2.ticlang.o (.text.RF_scheduleCmd)
                  00005200    000001d4     mac_settings.o (.text.rfSetConfigSubG)
                  000053d4    000001d4     csf.o (.text.setNwkKeyAction)
                  000055a8    000001d0     maclib_secure_cc13x2.a : mac_tx.o (.text.macTxFrame)
                  00005778    000001c8                            : mac_hl_patch.o (.text.macWrapperAddKeyInitFCtr)
                  00005940    000001bc     rf_multiMode_cc13x2.am4f : RFCC26X2_multiMode.c.cc13x2.ticlang.o (.text.RF_dispatchNextCmd)
                  00005afc    000001a4     cui.o (.text.CUI_registerMenu)
                  00005ca0    000001a0     maclib_secure_cc13x2.a : mac.o (.text.macSendReceiveCmdIeee)
                  00005e40    0000019c                            : mac_hl_patch.o (.text.macWrapperDeleteKeyAndAssociatedDevices)
                  00005fdc    00000198                            : mac_hl_patch.o (.text.macIncomingFrameSecurityMaterialRetrieval)
                  00006174    00000190     nvocmp.o (.text.NVOCMP_findItem)
                  00006304    00000188     maclib_secure_cc13x2.a : mac_hl_patch.o (.text.macIncomingFrameSecurity)
                  0000648c    00000188                            : mac_hl_patch.o (.text.macRxBeaconCritical)
                  00006614    00000174     drivers_cc13x2.a : PowerCC26X2.om4f (.text.Power_sleep)
                  00006788    00000174     maclib_secure_cc13x2.a : mac_hl_patch.o (.text.macWrapperDeleteDevice)
                  000068fc    0000016c     drivers_cc13x2.a : AESCCMCC26XX.om4f (.text.AESCCM_startOperation)
                  00006a68    00000168                      : PowerCC26X2_calibrateRCOSC.om4f (.text.PowerCC26X2_calibrate)
                  00006bd0    0000015e                      : Button.om4f (.text.Button_clockTimeoutHandler)
                  00006d2e    00000002     ti_drivers_config.o (.text.Board_initHook)
                  00006d30    0000014c     libc.a : strtol.c.obj (.text.strtol)
                  00006e7c    0000014c     maclib_secure_cc13x2.a : mac_tx.o (.text.txCsmaDelay)
                  00006fc8    00000144                            : mac_radio_tx.o (.text.macRadioLbtTxCb)
                  0000710c    00000140     cui.o (.text.CUI_init)
                  0000724c    00000140     rf_multiMode_cc13x2.am4f : RFCC26X2_multiMode.c.cc13x2.ticlang.o (.text.RF_radioOpDoneCb)
                  0000738c    0000013c     collector.o (.text.dataCnfCB)
                  000074c8    00000138     drivers_cc13x2.a : PowerCC26X2.om4f (.text.Power_init)
                  00007600    00000134     rf_multiMode_cc13x2.am4f : RFCC26X2_multiMode.c.cc13x2.ticlang.o (.text.RF_fsmSetupState)
                  00007734    00000134                              : RFCC26X2_multiMode.c.cc13x2.ticlang.o (.text.RF_ratSetupChannel)
                  00007868    00000134     drivers_cc13x2.a : UARTCC26XX.om4f (.text.UARTCC26XX_hwiIntFxn)
                  0000799c    00000134     csf.o (.text.setPanIdAction)
                  00007ad0    00000130     csf.o (.text.Csf_init)
                  00007c00    00000130     csf.o (.text.Csf_processEvents)
                  00007d30    00000130     csf.o (.text.sensorSelectAction)
                  00007e60    0000012c     driverlib.lib : aes.o (.text.NOROM_AESWriteToKeyStore)
                  00007f8c    0000012c     maclib_secure_cc13x2.a : mac_radio.o (.text.macRadioInitIeee)
                  000080b8    00000128     cui.o (.text.CUI_statusLinePrintf)
                  000081e0    00000128     drivers_cc13x2.a : TRNGCC26XX.om4f (.text.TRNGCC26XX_hwiFxn)
                  00008308    00000124                      : UARTCC26XX.om4f (.text.UARTCC26XX_read)
                  0000842c    00000120     cui.o (.text.CUI_dispMenu)
                  0000854c    00000120     maclib_secure_cc13x2.a : mac_hl_patch.o (.text.macWrapperDeleteAllDevices)
                  0000866c    0000011c     drivers_cc13x2.a : Button.om4f (.text.Button_open)
                  00008788    0000011c     rf_multiMode_cc13x2.am4f : RFCC26X2_multiMode.c.cc13x2.ticlang.o (.text.RF_close)
                  000088a4    0000011c     ti_drivers_config.o (.text.rfDriverCallbackAntennaSwitching)
                  000089c0    00000118     rf_multiMode_cc13x2.am4f : RFCC26X2_multiMode.c.cc13x2.ticlang.o (.text.RF_abortCmd)
                  00008ad8    00000118                              : RFCC26X2_multiMode.c.cc13x2.ticlang.o (.text.RF_decodeOverridePointers)
                  00008bf0    00000118     maclib_secure_cc13x2.a : mac_hl_patch.o (.text.macScanNextChan)
                  00008d08    00000118     csf.o (.text.sensorSetReportInterval)
                  00008e20    00000114     cllc.o (.text.Cllc_process)
                  00008f34    00000114     drivers_cc13x2.a : PINCC26XX.om4f (.text.PINCC26XX_setIoCfg)
                  00009048    00000110                      : LED.om4f (.text.LED_open)
                  00009158    00000108     nvocmp.o (.text.NVOCMP_cleanPage)
                  00009260    00000108     drivers_cc13x2.a : NVSCC26XX.om4f (.text.NVSCC26XX_write)
                  00009368    00000104     rf_multiMode_cc13x2.am4f : RFCC26X2_multiMode.c.cc13x2.ticlang.o (.text.RF_fsmPowerUpState)
                  0000946c    00000100     drivers_cc13x2.a : GPIOCC26XX.om4f (.text.GPIO_setConfig)
                  0000956c    000000fc     rf_multiMode_cc13x2.am4f : RFCC26X2_multiMode.c.cc13x2.ticlang.o (.text.RF_hwiCpe0Active)
                  00009668    000000fc     drivers_cc13x2.a : PowerCC26X2.om4f (.text.configureXOSCHF)
                  00009764    000000f8                      : TRNGCC26XX.om4f (.text.TRNG_getRandom)
                  0000985c    000000f8     maclib_secure_cc13x2.a : mac_tx.o (.text.macTxChannelBusyCallback)
                  00009954    000000f4     cui.o (.text.CUI_statusLineResourceRequest)
                  00009a48    000000f4     driverlib.lib : sys_ctrl.o (.text.NOROM_SysCtrlStandby)
                  00009b3c    000000f4     maclib_secure_cc13x2.a : mac_hl_patch.o (.text.macBuildDataFrame)
                  00009c30    000000f4                            : mac.o (.text.macSetupRATChanCompare)
                  00009d24    000000f0                            : mac_hl_patch.o (.text.macOutgoingFrameKeyDescRetrieval)
                  00009e14    000000ec     macTask.o (.text.MAC_CbackEvent)
                  00009f00    000000e8     maclib_secure_cc13x2.a : mac_tx.o (.text.txCsmaPrep)
                  00009fe8    000000e0     cui.o (.text.CUI_writeString)
                  0000a0c8    000000dc     maclib_secure_cc13x2.a : mac_radio_tx.o (.text.macRadioTxPrepCsmaSlottedSubG)
                  0000a1a4    000000d8                            : mac_hl_patch.o (.text.macEdScanISR)
                  0000a27c    000000d8                            : mac_hl_patch.o (.text.macOutgoingFrameSecurity)
                  0000a354    000000d8     app_pm4f.om4f (.text.xdc_runtime_System_printfExtend__I)
                  0000a42c    000000d4     csf.o (.text.Csf_deviceUpdate)
                  0000a500    000000d4     rf_multiMode_cc13x2.am4f : RFCC26X2_multiMode.c.cc13x2.ticlang.o (.text.RF_control)
                  0000a5d4    000000d0     maclib_secure_cc13x2.a : mac_hl_patch.o (.text.macBuildHeaderIes)
                  0000a6a4    000000d0                            : mac_hl_patch.o (.text.macCcmStarTransform)
                  0000a774    000000d0                            : mac_tx.o (.text.macTxRequestCsmaDelay)
                  0000a844    000000cc     cllc.o (.text.Cllc_restoreNetwork)
                  0000a910    000000cc     collector.o (.text.Collector_sendConfigRequest)
                  0000a9dc    000000cc     maclib_secure_cc13x2.a : mac_hl_patch.o (.text.macMgmtReset)
                  0000aaa8    000000cc                            : mac_hl_patch.o (.text.macScanRxCoordRealign)
                  0000ab74    000000cc                            : mac_symbol_timer.o (.text.macSymbolTimerUpdateWakeup)
                  0000ac40    000000cc     collector.o (.text.sendMsg)
                  0000ad0c    000000ca     rf_multiMode_cc13x2.am4f : RFCC26X2_multiMode.c.cc13x2.ticlang.o (.text.RF_updatePaConfiguration)
                  0000add6    00000002     csf.o (.text.Csf_toggleResponseReceived)
                  0000add8    000000c8     dpl_cc13x2.a : PowerCC26X2_tirtos.om4f (.text.PowerCC26XX_standbyPolicy)
                  0000aea0    000000c8     drivers_cc13x2.a : UARTCC26XX.om4f (.text.UARTCC26XX_write)
                  0000af68    000000c4     csf.o (.text.Csf_deviceSensorDataUpdate)
                  0000b02c    000000c4     csf.o (.text.updateCollectorStatusLine)
                  0000b0f0    000000c0     maclib_secure_cc13x2.a : mac_timer.o (.text.macSymbolTimerTriggerCallback)
                  0000b1b0    000000bc     collector.o (.text.Collector_init)
                  0000b26c    000000bc     rf_multiMode_cc13x2.am4f : RFCC26X2_multiMode.c.cc13x2.ticlang.o (.text.RF_swiHw)
                  0000b328    000000bc     driverlib.lib : setup.o (.text.TrimAfterColdResetWakeupFromShutDown)
                  0000b3e4    000000bc     rom_sysbios.am4f : knl_Task.o (.text.ti_sysbios_knl_Task_setPri__E)
                  0000b4a0    000000b8     cllc.o (.text.assocIndCb)
                  0000b558    000000b4     maclib_secure_cc13x2.a : mac_hl_patch.o (.text.MAC_MlmeScanReq)
                  0000b60c    000000b4     driverlib.lib : osc.o (.text.NOROM_OSCHF_AttemptToSwitchToXosc)
                  0000b6c0    000000b4     maclib_secure_cc13x2.a : mac_hl_patch.o (.text.macBeaconCheckTxTime)
                  0000b774    000000b4                            : mac_radio_tx.o (.text.macRadioTxAckCb)
                  0000b828    000000b4                            : mac_rx.o (.text.macRxInit)
                  0000b8dc    000000b2     api_mac.o (.text.copyDataInd)
                  0000b98e    00000002     rf_multiMode_cc13x2.am4f : rfc.c.cc13x2.ticlang.o (.text.NOROM_RFCCpePatchReset)
                  0000b990    000000b0     drivers_cc13x2.a : PowerCC26X2.om4f (.text.Power_releaseDependency)
                  0000ba40    000000b0     maclib_secure_cc13x2.a : mac_hl_patch.o (.text.macAutoPoll)
                  0000baf0    000000b0     libclang_rt.builtins.a : udivmoddi4.S.obj (.text)
                  0000bba0    000000ac     drivers_cc13x2.a : GPIOCC26XX.om4f (.text.GPIO_init)
                  0000bc4c    000000ac                      : PowerCC26X2.om4f (.text.Power_setDependency)
                  0000bcf8    000000ac     rf_multiMode_cc13x2.am4f : RFCC26X2_multiMode.c.cc13x2.ticlang.o (.text.RF_initRadioSetup)
                  0000bda4    000000ac     maclib_secure_cc13x2.a : mac.o (.text.macGetRFCmdDuration)
                  0000be50    000000ac                            : mac_radio_tx.o (.text.macRadioFHEncryptFrame)
                  0000befc    000000ac                            : mac_tx.o (.text.txComplete)
                  0000bfa8    000000a8                            : mac_autopend.o (.text.MAC_SrcMatchAddEntry)
                  0000c050    000000a8                            : mac_symbol_timer.o (.text.macSymbolTimerInit)
                  0000c0f8    000000a8                            : mac_tx.o (.text.macTxStartQueuedFrame)
                  0000c1a0    000000a4     maclib_osal_tirtos_cc13x2_26x2.a : osal_port.o (.text.OsalPort_heapMalloc)
                  0000c244    000000a4     rf_multiMode_cc13x2.am4f : RFCC26X2_multiMode.c.cc13x2.ticlang.o (.text.RF_pendCmd)
                  0000c2e8    000000a4     drivers_cc13x2.a : UARTCC26XX.om4f (.text.UARTCC26XX_initHw)
                  0000c38c    000000a4     maclib_secure_cc13x2.a : mac_radio_tx.o (.text.macRadioTxPrepSlotted)
                  0000c430    000000a4                            : mac_hl_patch.o (.text.macTrackTimeoutCallback)
                  0000c4d4    000000a4                            : mac_radio.o (.text.scheduleNopWakeupCmd)
                  0000c578    000000a0     driverlib.lib : setup.o (.text.NOROM_SetupTrimDevice)
                  0000c618    000000a0     nvocmp.o (.text.NVOCMP_readContItemApi)
                  0000c6b8    000000a0     rf_multiMode_cc13x2.am4f : RFCC26X2_multiMode.c.cc13x2.ticlang.o (.text.RF_calculateDispatchTime)
                  0000c758    000000a0                              : RFCC26X2_multiMode.c.cc13x2.ticlang.o (.text.RF_requestAccess)
                  0000c7f8    000000a0     maclib_secure_cc13x2.a : mac_hl_patch.o (.text.macBlacklistChecking)
                  0000c898    0000009e     driverlib.lib : chipinfo.o (.text.NOROM_ChipInfo_GetChipType)
                  0000c936    00000002     rf_multiMode_cc13x2.am4f : RFCC26X2_multiMode.c.cc13x2.ticlang.o (.text.RF_defaultCallback)
                  0000c938    0000009c     maclib_secure_cc13x2.a : mac_hl_patch.o (.text.macCcmStarInverseTransform)
                  0000c9d4    0000009a     rf_multiMode_cc13x2.am4f : RFCC26X2_multiMode.c.cc13x2.ticlang.o (.text.RF_defaultSubmitPolicy)
                  0000ca6e    00000002     libclang_rt.builtins.a : aeabi_div0.c.obj (.text.__aeabi_ldiv0)
                  0000ca70    00000098     nvocmp.o (.text.NVOCMP_erase)
                  0000cb08    00000098     maclib_secure_cc13x2.a : mac_hl_patch.o (.text.macIncomingSecurityLevelChecking)
                  0000cba0    00000098                            : mac.o (.text.macStopCmd)
                  0000cc38    00000096     rf_multiMode_cc13x2.am4f : RFCC26X2_multiMode.c.cc13x2.ticlang.o (.text.RF_verifyGap)
                  0000ccce    00000002     libc.a : _lock.c.obj (.text._nop)
                  0000ccd0    00000094     api_mac.o (.text.ApiMac_init)
                  0000cd64    00000094     drivers_cc13x2.a : PINCC26XX.om4f (.text.PIN_open)
                  0000cdf8    00000094     rf_multiMode_cc13x2.am4f : RFCC26X2_multiMode.c.cc13x2.ticlang.o (.text.RF_ratRestartChannels)
                  0000ce8c    00000094     maclib_secure_cc13x2.a : mac_hl_patch.o (.text.macAutoPendAddSrcMatchTableEntry)
                  0000cf20    00000094     drivers_cc13x2.a : UARTCC26XX.om4f (.text.writeTxFifoFlush)
                  0000cfb4    00000090     nvocmp.o (.text.NVOCMP_getDstPage)
                  0000d044    00000090     nvocmp.o (.text.NVOCMP_updateItemApi)
                  0000d0d4    00000090     maclib_osal_tirtos_cc13x2_26x2.a : osal_port.o (.text.OsalPort_setTimer)
                  0000d164    00000090     drivers_cc13x2.a : TRNGCC26XX.om4f (.text.TRNG_construct)
                  0000d1f4    00000090     maclib_secure_cc13x2.a : mac_radio_tx.o (.text.macRadioTxEnhAckCb)
                  0000d284    00000090                            : mac_radio_tx.o (.text.macRadioTxPrepLbt)
                  0000d314    00000090                            : mac_sleep.o (.text.macSleep)
                  0000d3a4    00000090                            : mac_autopend.o (.text.macSrcMatchCheckSrcAddr)
                  0000d434    0000008c     cui.o (.text.CUI_clientOpen)
                  0000d4c0    0000008c     maclib_secure_cc13x2.a : mac_radio_tx.o (.text.macRadioSendImmAck)
                  0000d54c    0000008c     macTask.o (.text.macTaskInit)
                  0000d5d8    0000008c     maclib_secure_cc13x2.a : mac_timer.o (.text.macTimerUpdateSymbolTimer)
                  0000d664    00000088     cllc.o (.text.Cllc_init)
                  0000d6ec    00000088     csf.o (.text.Csf_getDeviceItem)
                  0000d774    00000088     nvocmp.o (.text.NVOCMP_deleteItemApi)
                  0000d7fc    00000088     maclib_secure_cc13x2.a : mac_hl_patch.o (.text.macApiStartReq)
                  0000d884    00000088                            : mac_mcu.o (.text.macMcuOverflowSetPeriod)
                  0000d90c    00000088                            : mac_pwr.o (.text.macPwrVote)
                  0000d994    00000088     rom_sysbios.am4f : cc26xx_Timer.o (.text.ti_sysbios_family_arm_cc26xx_Timer_start__E)
                  0000da1c    00000088                      : gates_GateMutexPri.o (.text.ti_sysbios_gates_GateMutexPri_enter__E)
                  0000daa4    00000084     nvocmp.o (.text.NVOCMP_readHeader)
                  0000db28    00000084     rf_multiMode_cc13x2.am4f : RFCC26X2_multiMode.c.cc13x2.ticlang.o (.text.RF_getInfo)
                  0000dbac    00000084     drivers_cc13x2.a : UARTCC26XX.om4f (.text.UARTCC26XX_writeCancel)
                  0000dc30    00000084                      : NVSCC26XX.om4f (.text.doErase)
                  0000dcb4    00000084     maclib_secure_cc13x2.a : mac_hl_patch.o (.text.macKeyDescriptorLookup)
                  0000dd38    00000084                            : mac_radio.o (.text.macRadioStartScan)
                  0000ddbc    00000084                            : mac.o (.text.macSetupReceiveCmd)
                  0000de40    00000084                            : mac_hl_patch.o (.text.macTrackStartCallback)
                  0000dec4    00000080     driverlib.lib : sys_ctrl.o (.text.NOROM_SysCtrlSetRechargeBeforePowerDown)
                  0000df44    00000080     nvocmp.o (.text.NVOCMP_getFreeNvApi)
                  0000dfc4    00000080     rf_multiMode_cc13x2.am4f : RFCC26X2_multiMode.c.cc13x2.ticlang.o (.text.RF_yield)
                  0000e044    00000080     drivers_cc13x2.a : UARTCC26XX.om4f (.text.UARTCC26XX_close)
                  0000e0c4    00000080     maclib_secure_cc13x2.a : mac_mcu.o (.text.macMcuOverflowSetCompare)
                  0000e144    00000080     app_pm4f.om4f (.text.xdc_runtime_Startup_getState__I)
                  0000e1c4    0000007c     cllc.o (.text.Cllc_securityInit)
                  0000e240    0000007c     maclib_secure_cc13x2.a : mac_hl_patch.o (.text.MAC_ResumeReq)
                  0000e2bc    0000007c     maclib_osal_tirtos_cc13x2_26x2.a : osal_port.o (.text.OsalPort_heapInit)
                  0000e338    0000007c     rf_multiMode_cc13x2.am4f : RFCC26X2_multiMode.c.cc13x2.ticlang.o (.text.RF_cmdDispatchTime)
                  0000e3b4    0000007c     maclib_secure_cc13x2.a : mac_radio.o (.text.macRadioUpdateChannel)
                  0000e430    0000007c                            : mac_radio.o (.text.macRadioUpdateChannelRx)
                  0000e4ac    0000007c                            : mac_symbol_timer.o (.text.macSymbolTimerPeriodIsr)
                  0000e528    0000007c     rom_sysbios.am4f : gates_GateMutexPri.o (.text.ti_sysbios_gates_GateMutexPri_leave__E)
                  0000e5a4    00000078     csf.o (.text.Csf_getDeviceExtAdd)
                  0000e61c    00000078     driverlib.lib : osc.o (.text.NOROM_OSCHF_SwitchToRcOscTurnOffXosc)
                  0000e694    00000078     nvocmp.o (.text.NVOCMP_checkItem)
                  0000e70c    00000078     nvocmp.o (.text.NVOCMP_loadApiPtrs)
                  0000e784    00000078     rf_multiMode_cc13x2.am4f : RFCC26X2_multiMode.c.cc13x2.ticlang.o (.text.RF_discardPendCmd)
                  0000e7fc    00000078                              : RFCC26X2_multiMode.c.cc13x2.ticlang.o (.text.RF_ratDisableChannel)
                  0000e874    00000078                              : RFCC26X2_multiMode.c.cc13x2.ticlang.o (.text.RF_ratFreeChannel)
                  0000e8ec    00000078     cllc.o (.text.beaconNotifyIndCb)
                  0000e964    00000078     cllc.o (.text.maintainAssocTable)
                  0000e9dc    00000074     csf.o (.text.Csf_sendDisassociateMsg)
                  0000ea50    00000074     nvocmp.o (.text.NVOCMP_readItemApi)
                  0000eac4    00000074     maclib_secure_cc13x2.a : mac_hl_patch.o (.text.macCcmDecrypt)
                  0000eb38    00000074                            : mac.o (.text.macRequestBackoff)
                  0000ebac    00000074                            : mac.o (.text.macSetupFsCmd)
                  0000ec20    00000070     drivers_cc13x2.a : AESCCMCC26XX.om4f (.text.AESCCM_cleanup)
                  0000ec90    00000070     csf.o (.text.Csf_updateFrameCounter)
                  0000ed00    00000070     drivers_cc13x2.a : LED.om4f (.text.LED_startBlinking)
                  0000ed70    00000070     nvocmp.o (.text.NVOCMP_writeItemApi)
                  0000ede0    00000070     drivers_cc13x2.a : NVSCC26XX.om4f (.text.NVSCC26XX_open)
                  0000ee50    00000070     maclib_osal_tirtos_cc13x2_26x2.a : osal_port.o (.text.OsalPort_pwrmgrTaskState)
                  0000eec0    00000070     rf_multiMode_cc13x2.am4f : RFCC26X2_multiMode.c.cc13x2.ticlang.o (.text.RF_getTxPower)
                  0000ef30    00000070                              : RFCC26X2_multiMode.c.cc13x2.ticlang.o (.text.RF_hwiHw)
                  0000efa0    00000070     maclib_secure_cc13x2.a : mac_hl_patch.o (.text.macCcmEncrypt)
                  0000f010    00000070                            : mac_radio.o (.text.macRadioPowerDown)
                  0000f080    00000070                            : mac_rx_onoff.o (.text.macRxOffRequest)
                  0000f0f0    00000070     main.o (.text.main)
                  0000f160    00000070     cllc.o (.text.scanCnfCb)
                  0000f1d0    00000070     rom_sysbios.am4f : runtime_System.o (.text.xdc_runtime_System_formatNum__I)
                  0000f240    0000006c     csf.o (.text.Csf_clearAllNVItems)
                  0000f2ac    0000006c     csf.o (.text.Csf_getDevice)
                  0000f318    0000006c     nvocmp.o (.text.NVOCMP_eraseNvApi)
                  0000f384    0000006c     drivers_cc13x2.a : Random.om4f (.text.Random_seedAutomatic)
                  0000f3f0    0000006c     main.o (.text.appTaskFxn)
                  0000f45c    0000006c     maclib_secure_cc13x2.a : mac_mcu.o (.text.macMcuInit)
                  0000f4c8    0000006c     cllc.o (.text.orphanIndCb)
                  0000f534    0000006a     nvocmp.o (.text.NVOCMP_verifyCRC)
                  0000f59e    0000006a     rf_multiMode_cc13x2.am4f : RFCC26X2_multiMode.c.cc13x2.ticlang.o (.text.RF_detachOverrides)
                  0000f608    0000006a     libc.a : copy_decompress_lzss.c.obj (.text:decompress:lzss)
                  0000f672    00000002     drivers_cc13x2.a : PowerCC26X2.om4f (.text.emptyClockFunc)
                  0000f674    00000068                      : Button.om4f (.text.Button_gpioCallbackFxn)
                  0000f6dc    00000068     rf_multiMode_cc13x2.am4f : RFCC26X2_multiMode.c.cc13x2.ticlang.o (.text.RF_issueRadioFreeCb)
                  0000f744    00000068     maclib_secure_cc13x2.a : mac_rx.o (.text.macRxHaltCleanup)
                  0000f7ac    00000068                            : mac_timer.o (.text.macTimerSetRollover)
                  0000f814    00000066     rf_multiMode_cc13x2.am4f : RFCC26X2_multiMode.c.cc13x2.ticlang.o (.text.RF_attachOverrides)
                  0000f87a    00000066     app_pm4f.om4f (.text.memalign)
                  0000f8e0    00000064     drivers_cc13x2.a : AESCCMCC26XX.om4f (.text.AESCCM_hwiFxn)
                  0000f944    00000064                      : PINCC26XX.om4f (.text.PIN_add)
                  0000f9a8    00000064                      : PowerCC26X2_calibrateRCOSC.om4f (.text.PowerCC26X2_initiateCalibration)
                  0000fa0c    00000064     rf_multiMode_cc13x2.am4f : RFCC26X2_multiMode.c.cc13x2.ticlang.o (.text.RF_hwiCpe0PowerFsm)
                  0000fa70    00000064     maclib_secure_cc13x2.a : mac_hl_patch.o (.text.macApiBeaconStartReq)
                  0000fad4    00000064                            : mac.o (.text.macSetTxPowerVal)
                  0000fb38    00000064                            : mac_timer.o (.text.macTimerRealign)
                  0000fb9c    00000064     drivers_cc13x2.a : PowerCC26X2.om4f (.text.oscillatorISR)
                  0000fc00    00000062     rf_multiMode_cc13x2.am4f : RFCC26X2_multiMode.c.cc13x2.ticlang.o (.text.RF_syncCb)
                  0000fc62    00000062     rom_sysbios.am4f : heaps_HeapMem.o (.text.ti_sysbios_heaps_HeapMem_allocUnprotected__E)
                  0000fcc4    00000060     drivers_cc13x2.a : CryptoResourceCC26XX.om4f (.text.CryptoResourceCC26XX_constructRTOSObjects)
                  0000fd24    00000060     maclib_osal_tirtos_cc13x2_26x2.a : osal_port.o (.text.OsalPort_clearEvent)
                  0000fd84    00000060     drivers_cc13x2.a : PINCC26XX.om4f (.text.PIN_remove)
                  0000fde4    00000060     rf_multiMode_cc13x2.am4f : RFCC26X2_multiMode.c.cc13x2.ticlang.o (.text.RF_dispatchNextEvent)
                  0000fe44    00000060     csf.o (.text.findDeviceListIndex)
                  0000fea4    00000060     maclib_secure_cc13x2.a : mac_rx_onoff.o (.text.macRxOn)
                  0000ff04    00000060                            : mac_timer.o (.text.macTimerGetNextTimer)
                  0000ff64    00000060                            : mac_hl_patch.o (.text.macTrackPeriodCallback)
                  0000ffc4    0000005e     rf_multiMode_cc13x2.am4f : rfc.c.cc13x2.ticlang.o (.text.NOROM_RFCAnaDivTxOverride)
                  00010022    00000002     drivers_cc13x2.a : CryptoResourceCC26XX.om4f (.text.errorSpin)
                  00010024    0000005c     maclib_osal_tirtos_cc13x2_26x2.a : osal_port.o (.text.OsalPort_msgReceive)
                  00010080    0000005c                                      : osal_port.o (.text.OsalPort_setEvent)
                  000100dc    0000005c     drivers_cc13x2.a : TRNGCC26XX.om4f (.text.TRNGCC26XX_startTrng)
                  00010138    0000005c                      : UARTCC26XX.om4f (.text.UARTCC26XX_swiIntFxn)
                  00010194    0000005c     libclang_rt.builtins.a : divmoddi4.c.obj (.text.__divmoddi4)
                  000101f0    0000005c     maclib_secure_cc13x2.a : mac_sleep.o (.text.macCanSleep)
                  0001024c    0000005c                            : mac_radio_tx.o (.text.macRadioTxBackoffBoundary)
                  000102a8    0000005c                            : mac_radio_tx.o (.text.macRadioTxGoLbt)
                  00010304    0000005c                            : mac_radio.o (.text.macRadioWakeupCb)
                  00010360    0000005c                            : mac_timer.o (.text.macTimerAddTimer)
                  000103bc    0000005c                            : mac_timer.o (.text.macTimerCancel)
                  00010418    0000005c     collector.o (.text.processDataRetry)
                  00010474    0000005c     maclib_secure_cc13x2.a : mac_rx.o (.text.rxPostRxUpdates)
                  000104d0    00000058     ti_drivers_config.o (.text.Board_sendExtFlashByte)
                  00010528    00000058     cllc.o (.text.Cllc_removeDevice)
                  00010580    00000058     csf.o (.text.Csf_getFrameCounter)
                  000105d8    00000058     drivers_cc13x2.a : GPIOCC26XX.om4f (.text.GPIO_enableInt)
                  00010630    00000058     maclib_osal_tirtos_cc13x2_26x2.a : osal_port.o (.text.HEAPMGR_GETLARGESTFREEBUF)
                  00010688    00000058                                      : osal_port.o (.text.OsalPort_msgSend)
                  000106e0    00000058     rf_multiMode_cc13x2.am4f : RFCC26X2_multiMode.c.cc13x2.ticlang.o (.text.RF_applyRfCorePatch)
                  00010738    00000058     drivers_cc13x2.a : TRNGCC26XX.om4f (.text.TRNG_init)
                  00010790    00000058                      : UARTCC26XX.om4f (.text.UARTCC26XX_control)
                  000107e8    00000058     cui.o (.text.UartReadCallback)
                  00010840    00000058     csf.o (.text.formNwkAndUpdateUser)
                  00010898    00000058     maclib_secure_cc13x2.a : mac_radio.o (.text.macRadioSetChannel)
                  000108f0    00000058                            : mac_radio.o (.text.macRadioSetChannelRx)
                  00010948    00000058                            : mac_radio_tx.o (.text.macRadioTxPrepCsmaSlottedIeee)
                  000109a0    00000058                            : mac_radio.o (.text.macRadioUpdateTxPower)
                  000109f8    00000058                            : mac_timer.o (.text.macSymbolTimerRolloverCallback)
                  00010a50    00000058                            : mac_tx.o (.text.macTxDoneCallback)
                  00010aa8    00000058     rom_sysbios.am4f : heaps_HeapMem.o (.text.ti_sysbios_heaps_HeapMem_alloc__E)
                  00010b00    00000056     drivers_cc13x2.a : StructRingBuf.om4f (.text.StructRingBuf_put)
                  00010b56    00000002     maclib_secure_cc13x2.a : mac_pwr.o (.text.macApiPwrOnReq)
                  00010b58    00000054     drivers_cc13x2.a : AESCCMCC26XX.om4f (.text.AESCCM_construct)
                  00010bac    00000054     nvocmp.o (.text.NVOCMP_compactNvApi)
                  00010c00    00000054     nvocmp.o (.text.NVOCMP_getItemLenApi)
                  00010c54    00000054     rf_multiMode_cc13x2.am4f : RFCC26X2_multiMode.c.cc13x2.ticlang.o (.text.RF_fsmXOSCState)
                  00010ca8    00000054                              : RFCC26X2_multiMode.c.cc13x2.ticlang.o (.text.RF_getCurrentTime)
                  00010cfc    00000054     maclib_osal_tirtos_cc13x2_26x2.a : util_timer.o (.text.UtilTimer_construct)
                  00010d50    00000054     maclib_secure_cc13x2.a : mac_symbol_timer.o (.text.macSymbolTimerEventHandler)
                  00010da4    00000054                            : mac_tx.o (.text.macTxAckReceivedCallback)
                  00010df8    00000054     cllc.o (.text.sendStartReq)
                  00010e4c    00000052     driverlib.lib : chipinfo.o (.text.NOROM_ChipInfo_GetHwRevision)
                  00010e9e    00000002     maclib_secure_cc13x2.a : mac_mcu.o (.text.macMcuBitReverse)
                  00010ea0    00000050                            : mac_autopend.o (.text.MAC_SrcMatchEnable)
                  00010ef0    00000050     rf_multiMode_cc13x2.am4f : RFCC26X2_multiMode.c.cc13x2.ticlang.o (.text.RF_wakeupNotification)
                  00010f40    00000050     maclib_secure_cc13x2.a : mac_radio.o (.text.macGetRadioTxPowerReg)
                  00010f90    00000050                            : mac_radio_tx.o (.text.macRadioSendEnhAck)
                  00010fe0    00000050     cllc.o (.text.sendScanReq)
                  00011030    00000050     collector.o (.text.sendTrackingRequest)
                  00011080    0000004e     nvocmp.o (.text.NVOCMP_readItem)
                  000110ce    0000004e     drivers_cc13x2.a : UARTCC26XX.om4f (.text.UARTCC26XX_readCancel)
                  0001111c    0000004c     csf.o (.text.Csf_networkUpdate)
                  00011168    0000004c     driverlib.lib : osc.o (.text.NOROM_OSC_HPOSCRelativeFrequencyOffsetGet)
                  000111b4    0000004c     nvocmp.o (.text.NVOCMP_setItemInactive)
                  00011200    0000004c     drivers_cc13x2.a : NVSCC26XX.om4f (.text.NVSCC26XX_init)
                  0001124c    0000004c                      : NVSCC26XX.om4f (.text.NVSCC26XX_read)
                  00011298    0000004c                      : StructRingBuf.om4f (.text.StructRingBuf_get)
                  000112e4    0000004c     maclib_secure_cc13x2.a : mac_low_level.o (.text.macLowLevelYield)
                  00011330    0000004c                            : mac_radio_tx.o (.text.macRadioTxHandleAck)
                  0001137c    0000004c                            : mac.o (.text.macSendFsCmd)
                  000113c8    0000004c                            : mac_hl_patch.o (.text.macSetDefaultsByPatch)
                  00011414    0000004c                            : mac_timer.o (.text.macTimerUpdActive)
                  00011460    0000004c     drivers_cc13x2.a : UARTCC26XX.om4f (.text.startTxFifoEmptyClk)
                  000114ac    0000004c                      : PowerCC26X2.om4f (.text.switchXOSCHF)
                  000114f8    00000048                      : GPIOCC26XX.om4f (.text.GPIO_disableInt)
                  00011540    00000048                      : GPIOCC26XX.om4f (.text.GPIO_write)
                  00011588    00000048     driverlib.lib : aux_sysif.o (.text.NOROM_AUXSYSIFOpModeChange)
                  000115d0    00000048     rf_multiMode_cc13x2.am4f : rfc.c.cc13x2.ticlang.o (.text.NOROM_RFCSynthPowerDown)
                  00011618    00000048     drivers_cc13x2.a : NVS.om4f (.text.NVS_open)
                  00011660    00000048     maclib_osal_tirtos_cc13x2_26x2.a : osal_port.o (.text.OsalPort_heapFree)
                  000116a8    00000048     drivers_cc13x2.a : PowerCC26X2.om4f (.text.PowerCC26XX_switchXOSC_HF)
                  000116f0    00000048     dpl_cc13x2.a : SwiP_tirtos.om4f (.text.SwiP_construct)
                  00011738    00000048     maclib_secure_cc13x2.a : mac_hl_patch.o (.text.macIncomingKeyUsagePolicyChecking)
                  00011780    00000048     app_pm4f.om4f (.text.realloc)
                  000117c8    00000048     drivers_cc13x2.a : UARTCC26XX.om4f (.text.writeFinishedDoCallback)
                  00011810    00000046     dpl_cc13x2.a : ClockP_tirtos.om4f (.text.ClockP_construct)
                  00011856    00000046     drivers_cc13x2.a : RingBuf.om4f (.text.RingBuf_put)
                  0001189c    00000044     ti_drivers_config.o (.text.Board_wakeUpExtFlash)
                  000118e0    00000044     cui.o (.text.CUI_menuActionHelp)
                  00011924    00000044     cllc.o (.text.Cllc_addSecDevice)
                  00011968    00000044     collector.o (.text.Collector_sendDeviceTypeRequest)
                  000119ac    00000044     collector.o (.text.Collector_sendToggleLedRequest)
                  000119f0    00000044     csf.o (.text.Csf_stateChangeUpdate)
                  00011a34    00000044     maclib_secure_cc13x2.a : fh_ie_patch.o (.text.FHNT_delTempIndex)
[...]
20000984  __aeabi_errno                                                      
20000988  savedCllcState                                                     
20000989  permitJoining                                                      
20000994  Csf_events                                                         
200009a8  Csf_keys                                                           
200009e2  ti_sysbios_family_arm_m3_Hwi_Module_State_0_excActive__A           
20000a3c  appSubMenu                                                         
20000a94  FHIE_channelPlan                                                   
20000ae8  ti_sysbios_knl_Task_Object__table__V                               
20000bc4  __xdc__init__addr                                                  
20000bc8  ti_sysbios_family_arm_cc26xx_Timer_Object__table__V                
20000c10  commissionSubMenu                                                  
20000c50  configureSubMenu                                                   
20000c90  csfMainMenu                                                        
20000cd4  cuiMultiMenu                                                       
20000d48  ti_sysbios_gates_GateMutex_Object__table__V                        
20000d80  macBeaconPayload                                                   
20000de4  _lock                                                              
20000e18  ti_sysbios_knl_Swi_Module_State_0_readyQ__A                        
20000e48  ti_sysbios_knl_Swi_Object__table__V                                
20000e78  ti_sysbios_knl_Task_Module_State_0_readyQ__A                       
20000ed0  macActionSet                                                       
20000ef4  pOverrides_2gfsk50kbps154g                                         
20000f18  lastRatChanA                                                       
20000f19  lastRatChanB                                                       
20000f1a  macRxCmdActive                                                     
20000f1b  macFsCmdActive                                                     
20000f1c  macRxPreempted                                                     
20000f1d  numRfCmd                                                           
20000f1e  numRxCmd                                                           
20000f1f  numRxPostCmd                                                       
20000f24  lastPostCmd                                                        
20000f28  macSfdDetectCback                                                  
20000f38  macBeaconMargin                                                    
20000f58  ti_sysbios_knl_Clock_Object__table__V                              
20000f78  xdc_runtime_Error_IgnoreBlock                                      
20000f98  ti_sysbios_family_arm_m3_Hwi_Object__table__V                      
20000fc6  Main_assertReason                                                  
20000fc8  taskCnt                                                            
20000fcc  heapmgrMemFreeTotal                                                
20000fd0  heapmgrMemFreeError                                                
20000fdc  macStateTbl                                                        
20000ff0  macUser0Cfg                                                        
20001008  pMacCbackQueryRetransmit                                           
2000100c  pMacCbackCheckPending                                              
20001024  RF_cmdNop                                                          
20001034  RF_cmdNopFg                                                        
20001044  RF_prop_2gfsk50kbps154g                                            
20001054  gpioCallbackFunctions                                              
20001064  gpioPinConfigs                                                     
20001074  macCfg                                                             
200010a8  FH_FSM                                                             
200010b4  ti_sysbios_heaps_HeapCallback_Object__table__V                     
200010d8  pinUpperBound                                                      
200010dc  pinLowerBound                                                      
200010ec  RF_handle                                                          
200010f0  macRadioAckIeeeFrame                                               
200010f3  macRadioAckFrame                                                   
20001100  FH_txTiming                                                        
20001108  RFCC26XX_schedulerPolicy                                           
20001110  ti_sysbios_family_arm_m3_Hwi_Module__root__V                       
20001118  ti_sysbios_gates_GateHwi_Module__root__V                           
20001120  ti_sysbios_gates_GateMutexPri_Module__root__V                      
20001128  ti_sysbios_gates_GateMutex_Module__root__V                         
20001130  ti_sysbios_hal_Hwi_Module__root__V                                 
20001138  ti_sysbios_heaps_HeapCallback_Module__root__V                      
20001140  ti_sysbios_heaps_HeapMem_Module__root__V                           
20001148  ti_sysbios_knl_Clock_Module__root__V                               
20001150  ti_sysbios_knl_Event_Module__root__V                               
20001158  ti_sysbios_knl_Mailbox_Module__root__V                             
20001160  ti_sysbios_knl_Queue_Module__root__V                               
20001168  ti_sysbios_knl_Semaphore_Module__root__V                           
20001170  ti_sysbios_knl_Swi_Module__root__V                                 
20001178  ti_sysbios_knl_Task_Module__root__V                                
20001186  bInSwi                                                             
20001188  _unlock                                                            
2000118c  appEvents                                                          
20001194  macAddrSize                                                        
20001198  macCsmaRtcTimerId                                                  
2000119c  macDataBeaconRequeue                                               
200011a0  macDataCheckSched                                                  
200011a4  macDataCheckTxTime                                                 
200011a8  macDataRequeueIndirect                                             
200011ac  macDataRxBeaconCritical                                            
200011b0  macDataSetSched                                                    
200011b4  macDataTxBeaconComplete                                            
200011b8  macDataTxIndirect                                                  
200011c8  macTasksEvents                                                     
200011cc  macTimerNewRollover                                                
200011d0  macTimerRollover                                                   
200011d8  pMacDataTx                                                         
200011dc  pMacEnhancedAck                                                    
200011e4  ti_sysbios_family_arm_m3_Hwi_Module_State_0_excContext__A          
200011e8  ti_sysbios_family_arm_m3_Hwi_Module_State_0_excStack__A            
200011ec  ti_sysbios_knl_Task_Module_State_0_idleTask__A                     
200011f0  csmPhy                                                             
200011f6  macRadioYielded                                                    
200011f7  macSleepState                                                      
200011f8  macSrcMatchIsAckAllPending                                         
200011f9  macSrcMatchIsEnabled                                               
200011fa  macTxCmdActive                                                     
200011fb  macTxSlottedDelay                                                  
200011fc  macTxSlottedDelayFactor                                            
200011fe  numTx                                                              
200011ff  reqAccessAlloc                                                     
200022c8  Cllc_associatedDevList                                             
20002720  ti_sysbios_knl_Task_Instance_State_0_stack__A                      
20002920  uartCC26XXObjects                                                  
20002adc  menuBuff                                                           
20002c84  taskTbl                                                            
20002dec  enhancedAckBuf                                                     
20002ee6  macRxDataEntryOffset                                               
20002fe0  ti_sysbios_family_arm_m3_Hwi_dispatchTable                         
200030b8  LEDObjects                                                         
20003170  FHPIB_db                                                           
200031fc  FH_hnd                                                             
20003284  macPib                                                             
2000330c  pinHandleTable                                                     
20003388  FHNT_tableOpt                                                      
20003402  FHNT_Dbg                                                           
20003470  macScan                                                            
20003604  ButtonObjects                                                      
20003654  CryptoResourceCC26XX_accessSemaphore                               
200036a4  CryptoResourceCC26XX_operationSemaphore                            
200036f4  appTask                                                            
20003744  macTask                                                            
20003794  cuiMultiMenuData                                                   
200037e0  NVOCMP_nvHandle                                                    
20003826  macTxCsmaBackoffDelay                                              
200038b0  FHFSM_Dbg                                                          
200038f2  rxCmdHandle                                                        
200038f8  RF_cmdIEEERx                                                       
20003938  macSecurityPib                                                     
200039b4  Collector_statistics                                               
200039f0  macBeaconCoord                                                     
20003a2c  FHNT_hnd                                                           
20003a64  macDeviceAction1                                                   
20003a9c  macBeaconDevice                                                    
20003ad0  RF_cmdPropRadioDivSetup                                            
20003b00  RF_cmdPropRxAdv                                                    
20003b30  macMgmtAction1                                                     
20003b60  macSrcExtAddrList                                                  
20003b90  macCoord                                                           
20003bbc  macDevice                                                          
20003c2c  RF_cmdIEEECsma                                                     
20003c4c  RF_cmdPropTxAdv                                                    
20003c6c  RF_cmdRadioSetup                                                   
20003c8c  RF_params                                                          
20003cac  macBeacon                                                          
20003ccc  CryptoResourceCC26XX_hwi                                           
20003ce8  RF_cmdPropCs                                                       
20003d04  RF_cmdPropCsSlotted                                                
20003d20  appSem                                                             
20003d3c  macCoordAction2                                                    
20003d58  macReset                                                           
20003d74  macSem                                                             
20003d90  macSrcShortAddrList                                                
20003dac  RF_cmdFsRx                                                         
20003dc4  RF_cmdFsTx                                                         
20003ddc  RF_cmdIEEETx                                                       
20003df4  aesccmCC26XXObjects                                                
20003e0c  macScanAction                                                      
20003e4c  RF_cmdRxAckCmd                                                     
20003e60  macAckDbg                                                          
20003e74  macDeviceAction2                                                   
20003e88  macMgmtAction2                                                     
20003e9c  _hposcCoeffs                                                       
20003eac  macBeaconDeviceAction                                              
20003ebc  macCoordAction3                                                    
20003ecc  macData                                                            
20003edc  macDataTxDelay                                                     
20003eec  macFrmFilter                                                       
20003efc  macRxOutputIeee                                                    
20003f0c  macMain                                                            
20003f18  macRxOutputSubG                                                    
20003f24  FH_PibTbl                                                          
20003f2e  ApiMac_extAddr                                                     
20003f36  txCmdHandle                                                        
20003f38  FHNT_tempTable                                                     
20003f40  macBeaconCoordAction1                                              
20003f48  macCoordAction1                                                    
20003f50  macRxDataEntryQueue                                                
20003f6c  AESCCM_handle                                                      
20003f70  FH_test_var                                                        
20003f74  HEAPMGR_SIZE                                                       
20003f78  PowerCC26XX_swiKey                                                 
20003f7c  PowerCC26XX_taskKey                                                
20003f80  collectorStatusLine                                                
20003f84  csfCuiHndl                                                         
20003f88  deviceStatusLine                                                   
20003f8c  eiDataStatusLine                                                   
20003f90  eiInferStatusLine                                                  
20003f94  macCryptoDrvTblPtr                                                 
20003f98  macPhyTxPower                                                      
20003f9c  macPrevPeriodRatCount                                              
20003fa0  macRfDrvTblPtr                                                     
20003fa4  macRxSymbol                                                        
20003fa8  macSymbolTimerRollover                                             
20003fac  macSymbolTimerTrigger                                              
20003fb0  macTimerActive                                                     
20003fb4  macTxTimestamp                                                     
20003fb8  numJoinDevStatusLine                                               
20003fbc  pClockHandleEDScan                                                 
20003fc0  pMacRadioConfig                                                    
20003fc4  pMaxPower                                                          
20003fc8  pRfMode                                                            
20003fcc  pRfPowerTable                                                      
20003fd0  rxRadioBufferPtr                                                   
20003fd4  timerAlignedQ                                                      
20003fd8  timerUnalignedQ                                                    
20003fde  AppTaskId                                                          
20003fdf  NVOCMP_size                                                        
20003fe0  appTaskId                                                          
20003fe1  driverlib_release_0_60278                                          
20003fe2  gAction                                                            
20003fe3  macAckTxActive                                                     
20003fe4  macMgmt                                                            
20003fe5  macPanCoordinator                                                  
20003fe6  macPhyChannel                                                      
20003fe7  macPwr                                                             
20003fe8  macRxActive                                                        
20003fe9  macRxEnableFlags                                                   
20003fea  macRxFilter                                                        
20003feb  macRxOutgoingAckFlag                                               
20003fec  macSpecUsecsPerSymbol                                              
20003fed  macSrcResIndex                                                     
20003fee  macSymbolTimerImpending                                            
20003fef  macTaskId                                                          
20003ff0  macTxActive                                                        
20003ff1  macTxBe                                                            
20003ff2  macTxGpInterframeDelay                                             
20003ff3  macTxType                                                          
20003ff4  macUnitBackoffPeriod                                               
20003ff5  nvsCC26XXObjects                                                   
20003ff6  rxFhRsl                                                            
20003ff7  rxPromiscuousMode                                                  
20003ff8  rxSeqNum                                                           
20003ff9  txAckReq                                                           
20003ffa  txSeqn                                                             
20003ffb  heapStart                                                          
20013aa0  __stack                                                            
20013aa0  heapEnd                                                            
20014000  __STACK_END                                                        
20014000  __STACK_TOP                                                        
e000e000  ti_sysbios_family_arm_m3_Hwi_nvic                                  
ffffffff  __TI_pprof_out_hndl                                                
ffffffff  __TI_prof_data_size                                                
ffffffff  __TI_prof_data_start                                               
ffffffff  __binit__                                                          
ffffffff  binit                                                              
UNDEFED   ITM_flush                                                          
UNDEFED   ITM_restore                                                        
UNDEFED   PWM_config                                                         
UNDEFED   PWM_count                                                          
UNDEFED   __c_args__                                                         
UNDEFED   __mpu_init                                                         

[1961 symbols]
