******************************************************************************
            TI ARM Clang Linker Unix v1.3.0                    
******************************************************************************
>> Linked Thu Sep 30 03:51:04 2021

OUTPUT FILE NAME:   <ei_collector_CC1352P1_LAUNCHXL_tirtos_ticlang.out>
ENTRY POINT SYMBOL: "ResetISR"  address: 000161fb


MEMORY CONFIGURATION

         name            origin    length      used     unused   attr    fill
----------------------  --------  ---------  --------  --------  ----  --------
  FLASH                 00000000   00056000  0001ea81  0003757f  R  X
  FLASH_LAST            00056000   00002000  00002000  00000000  R  X
  SRAM                  20000000   00014000  00004537  0000fac9  RW X


SEGMENT ALLOCATION MAP

run origin  load origin   length   init length attrs members
----------  ----------- ---------- ----------- ----- -------
00000000    00000000    00016a88   00016a88    r-x
  00000000    00000000    0000003c   0000003c    r-- .resetVecs
  0000003c    0000003c    00000004   00000004    r-x .text.1
  00000040    00000040    00002098   00002098    r-- .rodata
  000020d8    000020d8    0000053d   0000053d    r-- .const
  00002618    00002618    00013f9c   00013f9c    r-x .text.2
  000165b8    000165b8    000004d0   000004d0    r-- .cinit
0004e000    0004e000    00008000   00000000    rw-
  0004e000    0004e000    00008000   00000000    rw- .TI.bound:flashBuf0
00056000    00056000    00002000   00002000    r-x
  00056000    00056000    00001fa8   00001fa8    r-x .text.3
  00057fa8    00057fa8    00000058   00000058    r-- .ccfg
20000100    20000100    00003f03   00000000    rw-
  20000100    20000100    00000004   00000000    rw- .data:xdcRomConstPtr
  20000104    20000104    00000004   00000000    rw- .data:xdcRomExternFuncPtr
  20000108    20000108    00000004   00000000    rw- .data:xdcRomStatePtr
  2000010c    2000010c    00000010   00000000    rw- .data:RAM_MAC_BASE_ADDR
  20000120    20000120    000010e9   00000000    rw- .data
  20001210    20001210    00002df3   00000000    rw- .bss
20013aa0    20013aa0    00000560   00000000    rw-
  20013aa0    20013aa0    00000560   00000000    rw- .stack


SECTION ALLOCATION MAP

 output                                  attributes/
section   page    origin      length       input sections
--------  ----  ----------  ----------   ----------------
.const     0    000020d8    0000053d     
                  000020d8    000003b8     app_pm4f.om4f (.const:ROM_constStruct)
                  00002490    00000048     app_pm4f.om4f (.const:ROM_externFuncPtrs)
                  000024d8    00000028     app_pm4f.om4f (.const:ti_sysbios_heaps_HeapCallback_Module__FXNS__C)
                  00002500    00000028     app_pm4f.om4f (.const:xdc_runtime_Startup_sfxnTab__A)
                  00002528    00000024     app_pm4f.om4f (.const:ti_sysbios_gates_GateMutexPri_Module__FXNS__C)
                  0000254c    00000020     app_pm4f.om4f (.const:ti_sysbios_gates_GateMutexPri_Object__DESC__C)
                  0000256c    00000020     app_pm4f.om4f (.const:ti_sysbios_heaps_HeapCallback_Object__DESC__C)
                  0000258c    0000001c     app_pm4f.om4f (.const:ti_sysbios_heaps_HeapCallback_Object__PARAMS__C)
                  000025a8    00000018     app_pm4f.om4f (.const:ti_sysbios_gates_GateMutexPri_Object__PARAMS__C)
                  000025c0    00000014     app_pm4f.om4f (.const:xdc_runtime_Startup_sfxnRts__A)
                  000025d4    0000000c     app_pm4f.om4f (.const:xdc_runtime_Startup_firstFxns__A)
                  000025e0    00000008     app_pm4f.om4f (.const:ti_sysbios_family_arm_m3_Hwi_excHookFuncs__A)
                  000025e8    00000004     app_pm4f.om4f (.const:ti_sysbios_gates_GateMutexPri_Instance_State_pendQ__O)
                  000025ec    00000004     app_pm4f.om4f (.const:ti_sysbios_heaps_HeapCallback_Object__count__C)
                  000025f0    00000004     app_pm4f.om4f (.const:ti_sysbios_heaps_HeapCallback_allocInstFxn__C)
                  000025f4    00000004     app_pm4f.om4f (.const:ti_sysbios_heaps_HeapCallback_createInstFxn__C)
                  000025f8    00000004     app_pm4f.om4f (.const:ti_sysbios_heaps_HeapCallback_deleteInstFxn__C)
                  000025fc    00000004     app_pm4f.om4f (.const:ti_sysbios_heaps_HeapCallback_freeInstFxn__C)
                  00002600    00000004     app_pm4f.om4f (.const:ti_sysbios_heaps_HeapCallback_getStatsInstFxn__C)
                  00002604    00000004     app_pm4f.om4f (.const:ti_sysbios_heaps_HeapCallback_initInstFxn__C)
                  00002608    00000004     app_pm4f.om4f (.const:ti_sysbios_heaps_HeapCallback_isBlockingInstFxn__C)
                  0000260c    00000004     app_pm4f.om4f (.const:ti_sysbios_knl_Clock_tickPeriod__C)
                  00002610    00000004     app_pm4f.om4f (.const:ti_sysbios_knl_Idle_funcList__A)
                  00002614    00000001     app_pm4f.om4f (.const:xdc_runtime_Text_charTab__A)

.rodata    0    00000040    00002098     
                  00000040    00000568     maclib_secure_cc13x2.a : hmac_rom_init.o (.rodata.HMAC_ROM_Flash_JT)
                  000005a8    0000054f     csf.o (.rodata.str1.1)
                  00000af7    00000001     ti_drivers_config.o (.rodata.Button_count)
                  00000af8    00000258     maclib_secure_cc13x2.a : fh_rom_init.o (.rodata.FH_ROM_Flash_JT)
                  00000d50    000001fc     rf_multiMode_cc13x2.am4f : rf_patch_cpe_prop.c.cc13x2.ticlang.o (.rodata.patchImageProp)
                  00000f4c    00000188     cui.o (.rodata.str1.1)
                  000010d4    0000000c     drivers_cc13x2.a : Random.om4f (.rodata..L__const.Random_seedAutomatic.hwAttrs)
                  000010e0    00000101     libc.a : aeabi_ctype.S.obj (.rodata)
                  000011e1    00000100     crc.o (.rodata.crc_table)
                  000012e1    000000fa     maclib_secure_cc13x2.a : fh_global.o (.rodata.FH_stateMatrix)
                  000013db    000000f8     mac_cfg.o (.rodata.macPibTbl)
                  000014d3    00000001     ti_drivers_config.o (.rodata.LED_count)
                  000014d4    000000cc     maclib_secure_cc13x2.a : lmac_rom_init.o (.rodata.LMAC_ROM_Flash_JT)
                  000015a0    0000008c     mac_cfg.o (.rodata.FHPIB_defaults)
                  0000162c    00000088     mac_cfg.o (.rodata.macPibDefaults)
                  000016b4    00000072     maclib_secure_cc13x2.a : hmac_global.o (.rodata.macAssociatingSt)
                  00001726    00000072                            : hmac_global.o (.rodata.macIdleSt)
                  00001798    00000072                            : hmac_global.o (.rodata.macPollingSt)
                  0000180a    00000072                            : hmac_global.o (.rodata.macScanningSt)
                  0000187c    00000072                            : hmac_global.o (.rodata.macStartingSt)
                  000018ee    00000002     ti_drivers_config.o (.rodata.ButtonHWAttrs)
                  000018f0    0000006c     maclib_secure_cc13x2.a : icall_osal_rom_init.o (.rodata.ICALL_OSAL_ROM_Flash_JT)
                  0000195c    0000006c     mac_user_config.o (.rodata.macRfDriverTable)
                  000019c8    00000058     mac_cfg.o (.rodata.macSecurityPibTbl)
                  00001a20    00000054     drivers_cc13x2.a : PowerCC26X2.om4f (.rodata.resourceDB)
                  00001a74    00000050     mac_cfg.o (.rodata.macMRFSKStdPhyTable)
                  00001ac4    00000045     app_pm4f.om4f (.rodata.str1.1)
                  00001b09    00000002     cllc.o (.rodata.keyUsageList)
                  00001b0b    00000001     ti_drivers_config.o (.rodata.NVS_count)
                  00001b0c    00000040     mac_user_config.o (.rodata.macCryptoDriverTable)
                  00001b4c    00000040     maclib_secure_cc13x2.a : hmac_global.o (.rodata.macTimerRolloverValue)
                  00001b8c    00000038                            : hmac_global.o (.rodata.macCmdIncludeFHIe)
                  00001bc4    00000031     macTask.o (.rodata.str1.1)
                  00001bf5    00000001     ti_drivers_config.o (.rodata.UART_count)
                  00001bf6    00000001     ti_drivers_config.o (.rodata.aesccmCC26XXHWAttrs)
                  00001bf7    00000001     --HOLE-- [fill = 0]
                  00001bf8    00000030     ti_radio_config.o (.rodata.RF_cmdPropRadioDivSetup_2gfsk50kbps154g)
                  00001c28    00000030     ti_radio_config.o (.rodata.RF_cmdPropRxAdv_2gfsk50kbps154g)
                  00001c58    0000002c     csf.o (.rodata..Lswitch.table.Csf_deviceSensorDeviceTypeResponseUpdate)
                  00001c84    00000028     ti_drivers_config.o (.rodata.BoardGpioInitTable)
                  00001cac    00000028     drivers_cc13x2.a : NVSCC26XX.om4f (.rodata.NVSCC26XX_fxnTable)
                  00001cd4    00000028                      : UARTCC26XX.om4f (.rodata.UARTCC26XX_fxnTable)
                  00001cfc    00000028     ti_drivers_config.o (.rodata.uartCC26XXHWAttrs)
                  00001d24    00000024     drivers_cc13x2.a : UART.om4f (.rodata.UART_defaultParams)
                  00001d48    00000020     mac_user_config.o (.rodata..L__const.rfSelect.RfCfg)
                  00001d68    00000020     ti_radio_config.o (.rodata.RF_cmdPropTxAdv_2gfsk50kbps154g)
                  00001d88    00000020     maclib_secure_cc13x2.a : mac_radio.o (.rodata.activityObject)
                  00001da8    00000020     rf_multiMode_cc13x2.am4f : RFCC26X2_multiMode.c.cc13x2.ticlang.o (.rodata.cst32)
                  00001dc8    00000020     cllc.o (.rodata.keyDeviceList)
                  00001de8    0000001c     ti_radio_config.o (.rodata.RF_cmdPropCs_2gfsk50kbps154g)
                  00001e04    00000018     drivers_cc13x2.a : PWM.om4f (.rodata.PWM_defaultParams)
                  00001e1c    00000018     ti_radio_config.o (.rodata.RF_cmdFs_2gfsk50kbps154g)
                  00001e34    00000018     drivers_cc13x2.a : GPIOCC26XX.om4f (.rodata.interruptType)
                  00001e4c    00000018     maclib_secure_cc13x2.a : hmac_global.o (.rodata.macSendMsgBufSize)
                  00001e64    00000018     rom_sysbios.am4f : runtime_System.o (.rodata.str1.1)
                  00001e7c    00000014     ti_drivers_config.o (.rodata..L__const.Board_shutDownExtFlash.extFlashPinTable)
                  00001e90    00000014     ti_drivers_config.o (.rodata.GPIOCC26XX_config)
                  00001ea4    00000014     ti_drivers_config.o (.rodata.PowerCC26X2_config)
                  00001eb8    00000014     drivers_cc13x2.a : TRNG.om4f (.rodata.TRNG_defaultParams)
                  00001ecc    00000014                      : UARTCC26XX.om4f (.rodata.parityType)
                  00001ee0    00000013     macTask.o (.rodata.msacbackSizeTable)
                  00001ef3    00000011     csf.o (.rodata.validChannelMask)
                  00001f04    00000010     drivers_cc13x2.a : AESCCM.om4f (.rodata.AESCCM_defaultParams)
                  00001f14    00000010     ti_drivers_config.o (.rodata.Button_config)
                  00001f24    00000010     drivers_cc13x2.a : Button.om4f (.rodata.Button_defaultParams)
                  00001f34    00000010     ti_drivers_config.o (.rodata.LED_config)
                  00001f44    00000010     drivers_cc13x2.a : UARTCC26XX.om4f (.rodata.cst16)
                  00001f54    00000010     ti_drivers_config.o (.rodata.cst16)
                  00001f64    00000010     maclib_secure_cc13x2.a : hmac_global.o (.rodata.macIEEEPhyTable)
                  00001f74    00000010     drivers_cc13x2.a : GPIOCC26XX.om4f (.rodata.outPinTypes)
                  00001f84    0000000f     cui.o (.rodata.str1.4)
                  00001f93    0000000e     maclib_secure_cc13x2.a : hmac_global.o (.rodata.macCmdBufSize)
                  00001fa1    0000000e                            : hmac_global.o (.rodata.macTxFrameFailed)
                  00001faf    0000000e                            : hmac_global.o (.rodata.macTxFrameSuccess)
                  00001fbd    00000003     --HOLE-- [fill = 0]
                  00001fc0    0000000e     csf.o (.rodata.str1.4)
                  00001fce    00000002     --HOLE-- [fill = 0]
                  00001fd0    0000000c     ti_drivers_config.o (.rodata.NVS_config)
                  00001fdc    0000000c     ti_drivers_config.o (.rodata.RFCC26XX_hwAttrs)
                  00001fe8    0000000c     ti_drivers_config.o (.rodata.UART_config)
                  00001ff4    0000000c     drivers_cc13x2.a : GPIOCC26XX.om4f (.rodata.inPinTypes)
                  00002000    0000000c     maclib_secure_cc13x2.a : hmac_global.o (.rodata.macCbackEventTbl)
                  0000200c    0000000c                            : hmac_global.o (.rodata.macSendMsgDataSize)
                  00002018    0000000c     drivers_cc13x2.a : GPIOCC26XX.om4f (.rodata.outPinStrengths)
                  00002024    0000000a     cllc.o (.rodata.keyIdLookupList)
                  0000202e    00000009     maclib_secure_cc13x2.a : hmac_global.o (.rodata.macCmdLen)
                  00002037    00000001     --HOLE-- [fill = 0]
                  00002038    00000008     rf_multiMode_cc13x2.am4f : RFCC26X2_multiMode.c.cc13x2.ticlang.o (.rodata..L__const.RF_hwiCpe0Active.activeCmd)
                  00002040    00000008     ti_drivers_config.o (.rodata.AESCCM_config)
                  00002048    00000008     cllc.o (.rodata.Cllc_keySource)
                  00002050    00000008     drivers_cc13x2.a : LED.om4f (.rodata.LED_defaultParams)
                  00002058    00000008     ti_drivers_config.o (.rodata.PINCC26XX_hwAttrs)
                  00002060    00000008     driverlib.lib : aux_sysif.o (.rodata.cst4)
                  00002068    00000008     maclib_secure_cc13x2.a : mac_rx.o (.rodata.cst4)
                  00002070    00000008     drivers_cc13x2.a : UARTCC26XX.om4f (.rodata.cst8)
                  00002078    00000008     main.o (.rodata.cst8)
                  00002080    00000008     maclib_secure_cc13x2.a : fh_global.o (.rodata.fhSupFrameTypes)
                  00002088    00000008                            : hmac_global.o (.rodata.macAuthTagLen)
                  00002090    00000008     ti_drivers_config.o (.rodata.nvsCC26XXHWAttrs)
                  00002098    00000006     cui.o (.rodata..L.str.8)
                  0000209e    00000006     maclib_secure_cc13x2.a : mac_hl_patch.o (.rodata..L__const.macWrapperAddKeyInitFCtr.mtKeyUsageEntry)
                  000020a4    00000006     drivers_cc13x2.a : UARTCC26XX.om4f (.rodata.rxFifoBytes)
                  000020aa    00000006                      : UARTCC26XX.om4f (.rodata.rxFifoThreshold)
                  000020b0    00000006                      : UARTCC26XX.om4f (.rodata.txFifoBytes)
                  000020b6    00000006                      : UARTCC26XX.om4f (.rodata.txFifoThreshold)
                  000020bc    00000005     cllc.o (.rodata.securityLevelEntry)
                  000020c1    00000004     ti_drivers_config.o (.rodata.LEDHWAttrs)
                  000020c5    00000003     --HOLE-- [fill = 0]
                  000020c8    00000004     drivers_cc13x2.a : NVS.om4f (.rodata.NVS_defaultParams)
                  000020cc    00000004     cui.o (.rodata.cst4)
                  000020d0    00000004     app_pm4f.om4f (.rodata.heap0)
                  000020d4    00000004     maclib_secure_cc13x2.a : hmac_global.o (.rodata.macKeySourceLen)

.cinit     0    000165b8    000004d0     
                  000165b8    00000469     (.cinit..data.load) [load image, compression = lzss]
                  00016a21    00000003     --HOLE-- [fill = 0]
                  00016a24    0000000c     (__TI_handler_table)
                  00016a30    00000008     (.cinit..bss.load) [load image, compression = zero_init]
                  00016a38    00000008     (.cinit..data:RAM_MAC_BASE_ADDR.load) [load image, compression = zero_init]
                  00016a40    00000008     (.cinit..data:xdcRomConstPtr.load) [load image, compression = lzss]
                  00016a48    00000008     (.cinit..data:xdcRomExternFuncPtr.load) [load image, compression = lzss]
                  00016a50    00000008     (.cinit..data:xdcRomStatePtr.load) [load image, compression = lzss]
                  00016a58    00000030     (__TI_cinit_table)

.init_array 
*          0    00000000    00000000     UNINITIALIZED

.TI.bound:flashBuf0 
*          0    0004e000    00008000     UNINITIALIZED
                  0004e000    00008000     ti_drivers_config.o (.TI.bound:flashBuf0)

.ccfg      0    00057fa8    00000058     
                  00057fa8    00000058     ti_devices_config.o (.ccfg)

.data:xdcRomConstPtr 
*          0    20000100    00000004     UNINITIALIZED
                  20000100    00000004     app_pm4f.om4f (.data:xdcRomConstPtr)

.data:xdcRomExternFuncPtr 
*          0    20000104    00000004     UNINITIALIZED
                  20000104    00000004     app_pm4f.om4f (.data:xdcRomExternFuncPtr)

.data:xdcRomStatePtr 
*          0    20000108    00000004     UNINITIALIZED
                  20000108    00000004     app_pm4f.om4f (.data:xdcRomStatePtr)

.data      0    20000120    000010e9     UNINITIALIZED
                  20000120    00000170     drivers_cc13x2.a : PowerCC26X2.om4f (.data.PowerCC26X2_module)
                  20000290    0000010c     app_pm4f.om4f (.data:ROM_stateStruct)
                  2000039c    000000a0     mac_cfg.o (.data.macMRFSKGenPhyTable)
                  2000043c    0000007c     drivers_cc13x2.a : PINCC26XX.om4f (.data..L_MergedGlobals.1)
                  200004b8    00000074     cui.o (.data..L_MergedGlobals.23)
                  2000052c    0000006c     cui.o (.data..L_MergedGlobals.22)
                  20000598    0000006c     csf.o (.data..L_MergedGlobals.73)
                  20000604    0000006c     csf.o (.data..L_MergedGlobals.74)
                  20000670    0000006c     maclib_secure_cc13x2.a : hmac_global.o (.data.fhObject)
                  200006dc    00000068     rf_multiMode_cc13x2.am4f : RFCC26X2_multiMode.c.cc13x2.ticlang.o (.data..L_MergedGlobals.1)
                  20000744    00000064                              : RFCC26X2_multiMode.c.cc13x2.ticlang.o (.data..L_MergedGlobals.3)
                  200007a8    00000064     ti_radio_config.o (.data.txPowerTable_868_pa13)
                  2000080c    00000060     cllc.o (.data..L_MergedGlobals)
                  2000086c    00000060     collector.o (.data..L_MergedGlobals)
                  200008cc    0000005c     csf.o (.data..L_MergedGlobals.72)
                  20000928    0000005c     main.o (.data.Main_user1Cfg)
                  20000984    00000004     libc.a : aeabi_portable.c.obj (.data.__aeabi_errno)
                  20000988    0000005a     csf.o (.data..L_MergedGlobals)
                  200009e2    00000002     app_pm4f.om4f (.data.ti_sysbios_family_arm_m3_Hwi_Module_State_0_excActive__A)
                  200009e4    00000058     rf_multiMode_cc13x2.am4f : RFCC26X2_multiMode.c.cc13x2.ticlang.o (.data..L_MergedGlobals.2)
                  20000a3c    00000058     csf.o (.data.appSubMenu)
                  20000a94    00000054     maclib_secure_cc13x2.a : fh_global.o (.data.FHIE_channelPlan)
                  20000ae8    0000004c     app_pm4f.om4f (.data.ti_sysbios_knl_Task_Object__table__V)
                  20000b34    00000048     macTask.o (.data..L_MergedGlobals.2)
                  20000b7c    00000048     cllc.o (.data.macCallbacksCopy)
                  20000bc4    00000004     app_pm4f.om4f (.data.__xdc__init__addr)
                  20000bc8    00000048     app_pm4f.om4f (.data.ti_sysbios_family_arm_cc26xx_Timer_Object__table__V)
                  20000c10    00000040     csf.o (.data.commissionSubMenu)
                  20000c50    00000040     csf.o (.data.configureSubMenu)
                  20000c90    00000040     csf.o (.data.csfMainMenu)
                  20000cd0    0000003d     cui.o (.data..L_MergedGlobals)
                  20000d0d    00000003     maclib_secure_cc13x2.a : mac_tx.o (.data..L_MergedGlobals)
                  20000d10    00000038     drivers_cc13x2.a : TRNGCC26XX.om4f (.data..L_MergedGlobals.1)
                  20000d48    00000038     app_pm4f.om4f (.data.ti_sysbios_gates_GateMutex_Object__table__V)
                  20000d80    00000034     maclib_secure_cc13x2.a : hmac_global.o (.data.macBeaconPayload)
                  20000db4    00000030     drivers_cc13x2.a : GPIOCC26XX.om4f (.data..L_MergedGlobals.1)
                  20000de4    00000004     libc.a : _lock.c.obj (.data._lock)
                  20000de8    00000030     drivers_cc13x2.a : TRNGCC26XX.om4f (.data..L_MergedGlobals)
                  20000e18    00000030     app_pm4f.om4f (.data.ti_sysbios_knl_Swi_Module_State_0_readyQ__A)
                  20000e48    00000030     app_pm4f.om4f (.data.ti_sysbios_knl_Swi_Object__table__V)
                  20000e78    00000030     app_pm4f.om4f (.data.ti_sysbios_knl_Task_Module_State_0_readyQ__A)
                  20000ea8    00000028     nvocmp.o (.data..L_MergedGlobals.1)
                  20000ed0    00000024     maclib_secure_cc13x2.a : hmac_global.o (.data.macActionSet)
                  20000ef4    00000024     ti_radio_config.o (.data.pOverrides_2gfsk50kbps154g)
                  20000f18    00000020     maclib_secure_cc13x2.a : mac.o (.data..L_MergedGlobals)
                  20000f38    00000020     mac_cfg.o (.data.macBeaconMargin)
                  20000f58    00000020     app_pm4f.om4f (.data.ti_sysbios_knl_Clock_Object__table__V)
                  20000f78    00000020     app_pm4f.om4f (.data.xdc_runtime_Error_IgnoreBlock)
                  20000f98    00000018     app_pm4f.om4f (.data.ti_sysbios_family_arm_m3_Hwi_Object__table__V)
                  20000fb0    00000015     maclib_secure_cc13x2.a : mac_rx.o (.data..L_MergedGlobals)
                  20000fc5    00000001     cui.o (.data.CUI_statusLinePrintf.refreshCharIdx)
                  20000fc6    00000001     main.o (.data.Main_assertReason)
                  20000fc7    00000001     nvocmp.o (.data.NVOCMP_failF)
                  20000fc8    00000014     maclib_osal_tirtos_cc13x2_26x2.a : osal_port.o (.data..L_MergedGlobals)
                  20000fdc    00000014     maclib_secure_cc13x2.a : hmac_global.o (.data.macStateTbl)
                  20000ff0    00000014     main.o (.data.macUser0Cfg)
                  20001004    00000010     macTask.o (.data..L_MergedGlobals)
                  20001014    00000010     ti_drivers_config.o (.data..L_MergedGlobals)
                  20001024    00000010     mac_settings.o (.data.RF_cmdNop)
                  20001034    00000010     mac_settings.o (.data.RF_cmdNopFg)
                  20001044    00000010     ti_radio_config.o (.data.RF_prop_2gfsk50kbps154g)
                  20001054    00000010     ti_drivers_config.o (.data.gpioCallbackFunctions)
                  20001064    00000010     ti_drivers_config.o (.data.gpioPinConfigs)
                  20001074    00000010     mac_cfg.o (.data.macCfg)
                  20001084    0000000c     maclib_osal_tirtos_cc13x2_26x2.a : osal_port.o (.data..L_MergedGlobals.1)
                  20001090    0000000c     drivers_cc13x2.a : GPIOCC26XX.om4f (.data..L_MergedGlobals)
                  2000109c    0000000c                      : NVSCC26XX.om4f (.data..L_MergedGlobals)
                  200010a8    0000000c     maclib_secure_cc13x2.a : fh_global.o (.data.FH_FSM)
                  200010b4    0000000c     app_pm4f.om4f (.data.ti_sysbios_heaps_HeapCallback_Object__table__V)
                  200010c0    00000008     maclib_osal_tirtos_cc13x2_26x2.a : osal_port_timers.o (.data..L_MergedGlobals.1)
                  200010c8    00000008     maclib_secure_cc13x2.a : mac.o (.data..L_MergedGlobals.1)
                  200010d0    00000008                            : mac_radio.o (.data..L_MergedGlobals.1)
                  200010d8    00000008     drivers_cc13x2.a : PINCC26XX.om4f (.data..L_MergedGlobals)
                  200010e0    00000008     maclib_osal_tirtos_cc13x2_26x2.a : osal_port_timers.o (.data..L_MergedGlobals)
                  200010e8    00000008     maclib_secure_cc13x2.a : mac_radio.o (.data..L_MergedGlobals)
                  200010f0    00000008                            : mac_radio_tx.o (.data..L_MergedGlobals)
                  200010f8    00000008     rf_multiMode_cc13x2.am4f : RFCC26X2_multiMode.c.cc13x2.ticlang.o (.data..L_MergedGlobals)
                  20001100    00000008     maclib_secure_cc13x2.a : fh_global.o (.data.FH_txTiming)
                  20001108    00000008     rf_multiMode_cc13x2.am4f : RFCC26X2_multiMode.c.cc13x2.ticlang.o (.data.RFCC26XX_schedulerPolicy)
                  20001110    00000008     csf.o (.data.ei_classifier_inferencing_categories)
                  20001118    00000008     app_pm4f.om4f (.data.ti_sysbios_family_arm_m3_Hwi_Module__root__V)
                  20001120    00000008     app_pm4f.om4f (.data.ti_sysbios_gates_GateHwi_Module__root__V)
                  20001128    00000008     app_pm4f.om4f (.data.ti_sysbios_gates_GateMutexPri_Module__root__V)
                  20001130    00000008     app_pm4f.om4f (.data.ti_sysbios_gates_GateMutex_Module__root__V)
                  20001138    00000008     app_pm4f.om4f (.data.ti_sysbios_hal_Hwi_Module__root__V)
                  20001140    00000008     app_pm4f.om4f (.data.ti_sysbios_heaps_HeapCallback_Module__root__V)
                  20001148    00000008     app_pm4f.om4f (.data.ti_sysbios_heaps_HeapMem_Module__root__V)
                  20001150    00000008     app_pm4f.om4f (.data.ti_sysbios_knl_Clock_Module__root__V)
                  20001158    00000008     app_pm4f.om4f (.data.ti_sysbios_knl_Event_Module__root__V)
                  20001160    00000008     app_pm4f.om4f (.data.ti_sysbios_knl_Mailbox_Module__root__V)
                  20001168    00000008     app_pm4f.om4f (.data.ti_sysbios_knl_Queue_Module__root__V)
                  20001170    00000008     app_pm4f.om4f (.data.ti_sysbios_knl_Semaphore_Module__root__V)
                  20001178    00000008     app_pm4f.om4f (.data.ti_sysbios_knl_Swi_Module__root__V)
                  20001180    00000008     app_pm4f.om4f (.data.ti_sysbios_knl_Task_Module__root__V)
                  20001188    00000006     maclib_secure_cc13x2.a : mac_hl_patch.o (.data..L_MergedGlobals)
                  2000118e    00000001                            : lmac_global.o (.data.bInSwi)
                  2000118f    00000001     rf_multiMode_cc13x2.am4f : rf_patch_cpe_prop.c.cc13x2.ticlang.o (.data.bPropPatchEntered)
                  20001190    00000004     libc.a : _lock.c.obj (.data._unlock)
                  20001194    00000004     api_mac.o (.data.appEvents)
                  20001198    00000004     drivers_cc13x2.a : GPIOCC26XX.om4f (.data.configIntsEnabledMask)
                  2000119c    00000004     maclib_secure_cc13x2.a : fh_global.o (.data.macAddrSize)
                  200011a0    00000004                            : mac_tx.o (.data.macCsmaRtcTimerId)
                  200011a4    00000004                            : hmac_global.o (.data.macDataBeaconRequeue)
                  200011a8    00000004                            : hmac_global.o (.data.macDataCheckSched)
                  200011ac    00000004                            : hmac_global.o (.data.macDataCheckTxTime)
                  200011b0    00000004                            : hmac_global.o (.data.macDataRequeueIndirect)
                  200011b4    00000004                            : hmac_global.o (.data.macDataRxBeaconCritical)
                  200011b8    00000004                            : hmac_global.o (.data.macDataSetSched)
                  200011bc    00000004                            : hmac_global.o (.data.macDataTxBeaconComplete)
                  200011c0    00000004                            : hmac_global.o (.data.macDataTxIndirect)
                  200011c4    00000004                            : mac.o (.data.macNopBackoffRtcTimerId)
                  200011c8    00000004                            : mac_symbol_timer.o (.data.macSymbolWakeupClock)
                  200011cc    00000004     macTask.o (.data.macTaskEvents)
                  200011d0    00000004     maclib_osal_tirtos_cc13x2_26x2.a : osal_port.o (.data.macTasksEvents)
                  200011d4    00000004     maclib_secure_cc13x2.a : hmac_global.o (.data.macTimerNewRollover)
                  200011d8    00000004                            : hmac_global.o (.data.macTimerRollover)
                  200011dc    00000004     api_mac.o (.data.pMacCallbacks)
                  200011e0    00000004     maclib_secure_cc13x2.a : hmac_global.o (.data.pMacDataTx)
                  200011e4    00000004                            : mac_radio_tx.o (.data.pMacEnhancedAck)
                  200011e8    00000004                            : mac_mcu.o (.data.pRandomSeedCB)
                  200011ec    00000004     app_pm4f.om4f (.data.ti_sysbios_family_arm_m3_Hwi_Module_State_0_excContext__A)
                  200011f0    00000004     app_pm4f.om4f (.data.ti_sysbios_family_arm_m3_Hwi_Module_State_0_excStack__A)
                  200011f4    00000004     app_pm4f.om4f (.data.ti_sysbios_knl_Task_Module_State_0_idleTask__A)
                  200011f8    00000001     maclib_secure_cc13x2.a : hmac_global.o (.data.csmPhy)
                  200011f9    00000001     drivers_cc13x2.a : AESCCMCC26XX.om4f (.data.isInitialized)
                  200011fa    00000001                      : CryptoResourceCC26XX.om4f (.data.isInitialized)
                  200011fb    00000001                      : NVS.om4f (.data.isInitialized)
                  200011fc    00000001                      : PWM.om4f (.data.isInitialized)
                  200011fd    00000001                      : UART.om4f (.data.isInitialized)
                  200011fe    00000001     maclib_secure_cc13x2.a : lmac_global.o (.data.macRadioYielded)
                  200011ff    00000001                            : mac_sleep.o (.data.macSleepState)
                  20001200    00000001                            : mac_autopend.o (.data.macSrcMatchIsAckAllPending)
                  20001201    00000001                            : lmac_global.o (.data.macSrcMatchIsEnabled)
                  20001202    00000001                            : mac.o (.data.macTxCmdActive)
                  20001203    00000001                            : lmac_global.o (.data.macTxSlottedDelay)
                  20001204    00000001                            : mac_tx.o (.data.macTxSlottedDelayFactor)
                  20001205    00000001                            : mac_tx.o (.data.npdb)
                  20001206    00000001                            : mac_tx.o (.data.numTx)
                  20001207    00000001                            : mac.o (.data.reqAccessAlloc)
                  20001208    00000001     ti_drivers_config.o (.data.rfDriverCallbackAntennaSwitching.initialized)

.bss       0    20001210    00002df3     UNINITIALIZED
                  20001210    00000800     macTask.o (.bss.macTaskStack)
                  20001a10    00000600     main.o (.bss.appTaskStack)
                  20002010    000002c0     rf_multiMode_cc13x2.am4f : RFCC26X2_multiMode.c.cc13x2.ticlang.o (.bss.RF_cmdPool)
                  200022d0    00000258     (.common:Cllc_associatedDevList)
                  20002528    00000200     cui.o (.bss.gRingBuff)
                  20002728    00000200     app_pm4f.om4f (.bss:taskStackSection)
                  20002928    000001bc     (.common:uartCC26XXObjects)
                  20002ae4    000001a5     (.common:menuBuff)
                  20002c89    00000001     main.o (.bss._macTaskId)
                  20002c8a    00000002     maclib_secure_cc13x2.a : mac_radio.o (.bss.macSavedPanID)
                  20002c8c    00000168     (.common:taskTbl)
                  20002df4    000000fa     (.common:enhancedAckBuf)
                  20002eee    00000002     (.common:macRxDataEntryOffset)
                  20002ef0    000000f8                            : mac_radio.o (.bss.RF_object)
                  20002fe8    000000d8     (.common:ti_sysbios_family_arm_m3_Hwi_dispatchTable)
                  200030c0    000000b8     (.common:LEDObjects)
                  20003178    0000008c     (.common:FHPIB_db)
                  20003204    00000088     (.common:FH_hnd)
                  2000328c    00000088     (.common:macPib)
                  20003314    0000007c     (.common:pinHandleTable)
                  20003390    0000007a     (.common:FHNT_tableOpt)
                  2000340a    00000006     (.common:FHNT_Dbg)
                  20003410    00000068     rf_multiMode_cc13x2.am4f : RFCC26X2_multiMode.c.cc13x2.ticlang.o (.bss.RF_ratModule)
                  20003478    00000054     (.common:macScan)
                  200034cc    00000050     cui.o (.bss.gMenuSemStruct)
                  2000351c    00000050     cui.o (.bss.gStatusSemStruct)
                  2000356c    00000050     cui.o (.bss.gUartSemStruct)
                  200035bc    00000050     drivers_cc13x2.a : PINCC26XX.om4f (.bss.pinSemaphore)
                  2000360c    00000050     (.common:ButtonObjects)
                  2000365c    00000050     (.common:CryptoResourceCC26XX_accessSemaphore)
                  200036ac    00000050     (.common:CryptoResourceCC26XX_operationSemaphore)
                  200036fc    00000050     (.common:appTask)
                  2000374c    00000050     (.common:macTask)
                  2000379c    0000004c     (.common:cuiMultiMenuData)
                  200037e8    00000046     (.common:NVOCMP_nvHandle)
                  2000382e    00000002     (.common:macTxCsmaBackoffDelay)
                  20003830    00000044     rf_multiMode_cc13x2.am4f : RFCC26X2_multiMode.c.cc13x2.ticlang.o (.bss.RF_clkInactivityObj)
                  20003874    00000044                              : RFCC26X2_multiMode.c.cc13x2.ticlang.o (.bss.RF_clkPowerUpObj)
                  200038b8    00000042     (.common:FHFSM_Dbg)
                  200038fa    00000002     (.common:rxCmdHandle)
                  200038fc    00000004     api_mac.o (.bss.appSemHandle)
                  20003900    00000040     (.common:RF_cmdIEEERx)
                  20003940    00000040     (.common:macSecurityPib)
                  20003980    0000003c     rf_multiMode_cc13x2.am4f : RFCC26X2_multiMode.c.cc13x2.ticlang.o (.bss.RF_swiHwObj)
                  200039bc    0000003c     (.common:Collector_statistics)
                  200039f8    0000003c     (.common:macBeaconCoord)
                  20003a34    00000038     (.common:FHNT_hnd)
                  20003a6c    00000038     (.common:macDeviceAction1)
                  20003aa4    00000034     (.common:macBeaconDevice)
                  20003ad8    00000030     (.common:RF_cmdPropRadioDivSetup)
                  20003b08    00000030     (.common:RF_cmdPropRxAdv)
                  20003b38    00000030     (.common:macMgmtAction1)
                  20003b68    00000030     (.common:macSrcExtAddrList)
                  20003b98    0000002c     (.common:macCoord)
                  20003bc4    0000002c     (.common:macDevice)
                  20003bf0    00000024     collector.o (.bss.dataRequestMsduMappingTable)
                  20003c14    00000020     ti_drivers_config.o (.bss.uartCC26XXRingBuffer0)
                  20003c34    00000020     (.common:RF_cmdIEEECsma)
                  20003c54    00000020     (.common:RF_cmdPropTxAdv)
                  20003c74    00000020     (.common:RF_cmdRadioSetup)
                  20003c94    00000020     (.common:RF_params)
                  20003cb4    00000020     (.common:macBeacon)
                  20003cd4    0000001c     (.common:CryptoResourceCC26XX_hwi)
                  20003cf0    0000001c     (.common:RF_cmdPropCs)
                  20003d0c    0000001c     (.common:RF_cmdPropCsSlotted)
                  20003d28    0000001c     (.common:appSem)
                  20003d44    0000001c     (.common:macCoordAction2)
                  20003d60    0000001c     (.common:macReset)
                  20003d7c    0000001c     (.common:macSem)
                  20003d98    0000001c     (.common:macSrcShortAddrList)
                  20003db4    00000018     (.common:RF_cmdFsRx)
                  20003dcc    00000018     (.common:RF_cmdFsTx)
                  20003de4    00000018     (.common:RF_cmdIEEETx)
                  20003dfc    00000018     (.common:aesccmCC26XXObjects)
                  20003e14    00000018     (.common:macScanAction)
                  20003e2c    00000014     maclib_secure_cc13x2.a : mac_symbol_timer.o (.bss.macSymbolPwrNotifyObj)
                  20003e40    00000014     drivers_cc13x2.a : Random.om4f (.bss.state)
                  20003e54    00000014     (.common:RF_cmdRxAckCmd)
                  20003e68    00000014     (.common:macAckDbg)
                  20003e7c    00000014     (.common:macDeviceAction2)
                  20003e90    00000014     (.common:macMgmtAction2)
                  20003ea4    00000010     driverlib.lib : osc.o (.bss._hposcCoeffs)
                  20003eb4    00000010     (.common:macBeaconDeviceAction)
                  20003ec4    00000010     (.common:macCoordAction3)
                  20003ed4    00000010     (.common:macData)
                  20003ee4    00000010     (.common:macDataTxDelay)
                  20003ef4    00000010     (.common:macFrmFilter)
                  20003f04    00000010     (.common:macRxOutputIeee)
                  20003f14    0000000c     (.common:macMain)
                  20003f20    0000000c     (.common:macRxOutputSubG)
                  20003f2c    0000000a     (.common:FH_PibTbl)
                  20003f36    00000008     (.common:ApiMac_extAddr)
                  20003f3e    00000002     (.common:txCmdHandle)
                  20003f40    00000008     (.common:FHNT_tempTable)
                  20003f48    00000008     (.common:macBeaconCoordAction1)
                  20003f50    00000008     (.common:macCoordAction1)
                  20003f58    00000008     (.common:macRxDataEntryQueue)
                  20003f60    00000004                   : osc.o (.bss.oscHfGlobals.0)
                  20003f64    00000004                   : osc.o (.bss.oscHfGlobals.2)
                  20003f68    00000004                   : osc.o (.bss.oscHfGlobals.3)
                  20003f6c    00000004                   : osc.o (.bss.oscHfGlobals.4)
                  20003f70    00000004     collector.o (.bss.sem)
                  20003f74    00000004     (.common:AESCCM_handle)
                  20003f78    00000004     (.common:FH_test_var)
                  20003f7c    00000004     (.common:HEAPMGR_SIZE)
                  20003f80    00000004     (.common:PowerCC26XX_swiKey)
                  20003f84    00000004     (.common:PowerCC26XX_taskKey)
                  20003f88    00000004     (.common:collectorStatusLine)
                  20003f8c    00000004     (.common:csfCuiHndl)
                  20003f90    00000004     (.common:deviceStatusLine)
                  20003f94    00000004     (.common:eiDataStatusLine)
                  20003f98    00000004     (.common:eiInferStatusLine)
                  20003f9c    00000004     (.common:macCryptoDrvTblPtr)
                  20003fa0    00000004     (.common:macPhyTxPower)
                  20003fa4    00000004     (.common:macPrevPeriodRatCount)
                  20003fa8    00000004     (.common:macRfDrvTblPtr)
                  20003fac    00000004     (.common:macRxSymbol)
                  20003fb0    00000004     (.common:macSymbolTimerRollover)
                  20003fb4    00000004     (.common:macSymbolTimerTrigger)
                  20003fb8    00000004     (.common:macTimerActive)
                  20003fbc    00000004     (.common:macTxTimestamp)
                  20003fc0    00000004     (.common:numJoinDevStatusLine)
                  20003fc4    00000004     (.common:pClockHandleEDScan)
                  20003fc8    00000004     (.common:pMacRadioConfig)
                  20003fcc    00000004     (.common:pMaxPower)
                  20003fd0    00000004     (.common:pRfMode)
                  20003fd4    00000004     (.common:pRfPowerTable)
                  20003fd8    00000004     (.common:rxRadioBufferPtr)
                  20003fdc    00000004     (.common:timerAlignedQ)
                  20003fe0    00000004     (.common:timerUnalignedQ)
                  20003fe4    00000001     maclib_secure_cc13x2.a : mac_symbol_timer.o (.bss.macSymbolTimerEvents)
                  20003fe5    00000001                            : mac_radio.o (.bss.radioInitFlag)
                  20003fe6    00000001     (.common:AppTaskId)
                  20003fe7    00000001     (.common:NVOCMP_size)
                  20003fe8    00000001     (.common:appTaskId)
                  20003fe9    00000001     (.common:driverlib_release_0_60278)
                  20003fea    00000001     (.common:gAction)
                  20003feb    00000001     (.common:macAckTxActive)
                  20003fec    00000001     (.common:macMgmt)
                  20003fed    00000001     (.common:macPanCoordinator)
                  20003fee    00000001     (.common:macPhyChannel)
                  20003fef    00000001     (.common:macPwr)
                  20003ff0    00000001     (.common:macRxActive)
                  20003ff1    00000001     (.common:macRxEnableFlags)
                  20003ff2    00000001     (.common:macRxFilter)
                  20003ff3    00000001     (.common:macRxOutgoingAckFlag)
                  20003ff4    00000001     (.common:macSpecUsecsPerSymbol)
                  20003ff5    00000001     (.common:macSrcResIndex)
                  20003ff6    00000001     (.common:macSymbolTimerImpending)
                  20003ff7    00000001     (.common:macTaskId)
                  20003ff8    00000001     (.common:macTxActive)
                  20003ff9    00000001     (.common:macTxBe)
                  20003ffa    00000001     (.common:macTxGpInterframeDelay)
                  20003ffb    00000001     (.common:macTxType)
                  20003ffc    00000001     (.common:macUnitBackoffPeriod)
                  20003ffd    00000001     (.common:nvsCC26XXObjects)
                  20003ffe    00000001     (.common:rxFhRsl)
                  20003fff    00000001     (.common:rxPromiscuousMode)
                  20004000    00000001     (.common:rxSeqNum)
                  20004001    00000001     (.common:txAckReq)
                  20004002    00000001     (.common:txSeqn)

.vtable    0    20004003    00000000     UNINITIALIZED

.vtable_ram 
*          0    20004003    00000000     UNINITIALIZED

vtable_ram 
*          0    20004003    00000000     UNINITIALIZED

.sysmem    0    20004003    00000000     UNINITIALIZED

.nonretenvar 
*          0    20004003    00000000     UNINITIALIZED

.stack     0    20013aa0    00000560     UNINITIALIZED
                  20013aa0    00000004     startup.am4f : boot_cortex_m.om4f (.stack)
                  20013aa4    0000055c     --HOLE--

.bootVecs 
*          0    00000000    00000000     DSECT

.resetVecs 
*          0    00000000    0000003c     
                  00000000    0000003c     app_pm4f.om4f (.resetVecs)

.vecs      0    20000000    000000d8     NOLOAD SECTION
                  20000000    000000d8     app_pm4f.om4f (.vecs)

xdc.meta   0    00000000    0000010a     COPY SECTION
                  00000000    0000010a     app_pm4f.om4f (xdc.meta)

xdc.noload 
*          0    00000000    00000000     COPY SECTION

.data:RAM_MAC_BASE_ADDR 
*          0    2000010c    00000010     UNINITIALIZED
                  2000010c    00000010     maclib_secure_cc13x2.a : rom_init_154.o (.data:RAM_MAC_BASE_ADDR)

.text.1    0    0000003c    00000004     
                  0000003c    00000004     api_mac.o (.text.ApiMac_mlmeScanReq)

.text.2    0    00002618    00013f9c     
                  00002618    000003cc     api_mac.o (.text.ApiMac_processIncoming)
                  000029e4    0000038c     maclib_secure_cc13x2.a : mac_hl_patch.o (.text.macWrapperAddDevice)
                  00002d70    000002f8                            : mac_rx.o (.text.rxPayloadIsr)
                  00003068    000002e0     cui.o (.text.CUI_processMenuUpdate)
                  00003348    000002c8     collector.o (.text.Collector_process)
                  00003610    000002ac     maclib_secure_cc13x2.a : mac.o (.text.macRxCb)
                  000038bc    0000027c                            : mac_radio_tx.o (.text.macRadioCsmaTxCb)
                  00003b38    00000278     drivers_cc13x2.a : PowerCC26X2_calibrateRCOSC.om4f (.text.PowerCC26X2_auxISR)
                  00003db0    00000254     macTask.o (.text.macTaskFxn)
                  00004004    00000240     csf.o (.text.setChMaskAction)
                  00004244    00000220     maclib_secure_cc13x2.a : mac_radio.o (.text.macRadioInitSubG)
                  00004464    00000218     rf_multiMode_cc13x2.am4f : RFCC26X2_multiMode.c.cc13x2.ticlang.o (.text.RF_open)
                  0000467c    00000210     maclib_secure_cc13x2.a : mac.o (.text.macSendReceiveCmdSubG)
                  0000488c    000001f8     drivers_cc13x2.a : PINCC26XX.om4f (.text.PIN_init)
                  00004a84    000001f8                      : UARTCC26XX.om4f (.text.UARTCC26XX_open)
                  00004c7c    000001e8     maclib_secure_cc13x2.a : mac_radio_tx.o (.text.macRadioTxRequestTxAck)
                  00004e64    000001e0     nvocmp.o (.text.NVOCMP_addItem)
                  00005044    000001dc     rf_multiMode_cc13x2.am4f : RFCC26X2_multiMode.c.cc13x2.ticlang.o (.text.RF_scheduleCmd)
                  00005220    000001d4     mac_settings.o (.text.rfSetConfigSubG)
                  000053f4    000001d4     csf.o (.text.setNwkKeyAction)
                  000055c8    000001d0     maclib_secure_cc13x2.a : mac_tx.o (.text.macTxFrame)
                  00005798    000001c8                            : mac_hl_patch.o (.text.macWrapperAddKeyInitFCtr)
                  00005960    000001bc     rf_multiMode_cc13x2.am4f : RFCC26X2_multiMode.c.cc13x2.ticlang.o (.text.RF_dispatchNextCmd)
                  00005b1c    000001a4     cui.o (.text.CUI_registerMenu)
                  00005cc0    000001a0     maclib_secure_cc13x2.a : mac.o (.text.macSendReceiveCmdIeee)
                  00005e60    0000019c                            : mac_hl_patch.o (.text.macWrapperDeleteKeyAndAssociatedDevices)
                  00005ffc    00000198                            : mac_hl_patch.o (.text.macIncomingFrameSecurityMaterialRetrieval)
                  00006194    00000190     nvocmp.o (.text.NVOCMP_findItem)
                  00006324    00000188     maclib_secure_cc13x2.a : mac_hl_patch.o (.text.macIncomingFrameSecurity)
                  000064ac    00000188                            : mac_hl_patch.o (.text.macRxBeaconCritical)
                  00006634    00000174     drivers_cc13x2.a : PowerCC26X2.om4f (.text.Power_sleep)
                  000067a8    00000174     maclib_secure_cc13x2.a : mac_hl_patch.o (.text.macWrapperDeleteDevice)
                  0000691c    0000016c     drivers_cc13x2.a : AESCCMCC26XX.om4f (.text.AESCCM_startOperation)
                  00006a88    00000168                      : PowerCC26X2_calibrateRCOSC.om4f (.text.PowerCC26X2_calibrate)
                  00006bf0    0000015e                      : Button.om4f (.text.Button_clockTimeoutHandler)
                  00006d4e    00000002     ti_drivers_config.o (.text.Board_initHook)
                  00006d50    0000014c     libc.a : strtol.c.obj (.text.strtol)
                  00006e9c    0000014c     maclib_secure_cc13x2.a : mac_tx.o (.text.txCsmaDelay)
                  00006fe8    00000144                            : mac_radio_tx.o (.text.macRadioLbtTxCb)
                  0000712c    00000140     cui.o (.text.CUI_init)
                  0000726c    00000140     rf_multiMode_cc13x2.am4f : RFCC26X2_multiMode.c.cc13x2.ticlang.o (.text.RF_radioOpDoneCb)
                  000073ac    0000013c     collector.o (.text.dataCnfCB)
                  000074e8    00000138     drivers_cc13x2.a : PowerCC26X2.om4f (.text.Power_init)
                  00007620    00000134     csf.o (.text.Csf_init)
                  00007754    00000134     rf_multiMode_cc13x2.am4f : RFCC26X2_multiMode.c.cc13x2.ticlang.o (.text.RF_fsmSetupState)
                  00007888    00000134                              : RFCC26X2_multiMode.c.cc13x2.ticlang.o (.text.RF_ratSetupChannel)
                  000079bc    00000134     drivers_cc13x2.a : UARTCC26XX.om4f (.text.UARTCC26XX_hwiIntFxn)
                  00007af0    00000134     csf.o (.text.setPanIdAction)
                  00007c24    00000130     csf.o (.text.Csf_processEvents)
                  00007d54    00000130     csf.o (.text.sensorSelectAction)
                  00007e84    0000012c     driverlib.lib : aes.o (.text.NOROM_AESWriteToKeyStore)
                  00007fb0    0000012c     maclib_secure_cc13x2.a : mac_radio.o (.text.macRadioInitIeee)
                  000080dc    00000128     cui.o (.text.CUI_statusLinePrintf)
                  00008204    00000128     drivers_cc13x2.a : TRNGCC26XX.om4f (.text.TRNGCC26XX_hwiFxn)
                  0000832c    00000124                      : UARTCC26XX.om4f (.text.UARTCC26XX_read)
                  00008450    00000120     cui.o (.text.CUI_dispMenu)
                  00008570    00000120     maclib_secure_cc13x2.a : mac_hl_patch.o (.text.macWrapperDeleteAllDevices)
                  00008690    0000011c     drivers_cc13x2.a : Button.om4f (.text.Button_open)
                  000087ac    0000011c     rf_multiMode_cc13x2.am4f : RFCC26X2_multiMode.c.cc13x2.ticlang.o (.text.RF_close)
                  000088c8    0000011c     ti_drivers_config.o (.text.rfDriverCallbackAntennaSwitching)
                  000089e4    00000118     rf_multiMode_cc13x2.am4f : RFCC26X2_multiMode.c.cc13x2.ticlang.o (.text.RF_abortCmd)
                  00008afc    00000118                              : RFCC26X2_multiMode.c.cc13x2.ticlang.o (.text.RF_decodeOverridePointers)
                  00008c14    00000118     maclib_secure_cc13x2.a : mac_hl_patch.o (.text.macScanNextChan)
                  00008d2c    00000118     csf.o (.text.sensorSetReportInterval)
                  00008e44    00000114     cllc.o (.text.Cllc_process)
                  00008f58    00000114     drivers_cc13x2.a : PINCC26XX.om4f (.text.PINCC26XX_setIoCfg)
                  0000906c    00000110                      : LED.om4f (.text.LED_open)
                  0000917c    00000108     nvocmp.o (.text.NVOCMP_cleanPage)
                  00009284    00000108     drivers_cc13x2.a : NVSCC26XX.om4f (.text.NVSCC26XX_write)
                  0000938c    00000104     rf_multiMode_cc13x2.am4f : RFCC26X2_multiMode.c.cc13x2.ticlang.o (.text.RF_fsmPowerUpState)
                  00009490    00000100     drivers_cc13x2.a : GPIOCC26XX.om4f (.text.GPIO_setConfig)
                  00009590    000000fc     rf_multiMode_cc13x2.am4f : RFCC26X2_multiMode.c.cc13x2.ticlang.o (.text.RF_hwiCpe0Active)
                  0000968c    000000fc     drivers_cc13x2.a : PowerCC26X2.om4f (.text.configureXOSCHF)
                  00009788    000000f8                      : TRNGCC26XX.om4f (.text.TRNG_getRandom)
                  00009880    000000f8     maclib_secure_cc13x2.a : mac_tx.o (.text.macTxChannelBusyCallback)
                  00009978    000000f4     cui.o (.text.CUI_statusLineResourceRequest)
                  00009a6c    000000f4     driverlib.lib : sys_ctrl.o (.text.NOROM_SysCtrlStandby)
                  00009b60    000000f4     maclib_secure_cc13x2.a : mac_hl_patch.o (.text.macBuildDataFrame)
                  00009c54    000000f4                            : mac.o (.text.macSetupRATChanCompare)
                  00009d48    000000f0                            : mac_hl_patch.o (.text.macOutgoingFrameKeyDescRetrieval)
                  00009e38    000000ec     macTask.o (.text.MAC_CbackEvent)
                  00009f24    000000e8     maclib_secure_cc13x2.a : mac_tx.o (.text.txCsmaPrep)
                  0000a00c    000000e0     cui.o (.text.CUI_writeString)
                  0000a0ec    000000dc     maclib_secure_cc13x2.a : mac_radio_tx.o (.text.macRadioTxPrepCsmaSlottedSubG)
                  0000a1c8    000000d8                            : mac_hl_patch.o (.text.macEdScanISR)
                  0000a2a0    000000d8                            : mac_hl_patch.o (.text.macOutgoingFrameSecurity)
                  0000a378    000000d8     app_pm4f.om4f (.text.xdc_runtime_System_printfExtend__I)
                  0000a450    000000d4     csf.o (.text.Csf_deviceUpdate)
                  0000a524    000000d4     rf_multiMode_cc13x2.am4f : RFCC26X2_multiMode.c.cc13x2.ticlang.o (.text.RF_control)
                  0000a5f8    000000d0     maclib_secure_cc13x2.a : mac_hl_patch.o (.text.macBuildHeaderIes)
                  0000a6c8    000000d0                            : mac_hl_patch.o (.text.macCcmStarTransform)
                  0000a798    000000d0                            : mac_tx.o (.text.macTxRequestCsmaDelay)
                  0000a868    000000cc     cllc.o (.text.Cllc_restoreNetwork)
                  0000a934    000000cc     collector.o (.text.Collector_sendConfigRequest)
                  0000aa00    000000cc     csf.o (.text.Csf_deviceSensorDataUpdate)
                  0000aacc    000000cc     maclib_secure_cc13x2.a : mac_hl_patch.o (.text.macMgmtReset)
                  0000ab98    000000cc                            : mac_hl_patch.o (.text.macScanRxCoordRealign)
                  0000ac64    000000cc                            : mac_symbol_timer.o (.text.macSymbolTimerUpdateWakeup)
                  0000ad30    000000cc     collector.o (.text.sendMsg)
                  0000adfc    000000ca     rf_multiMode_cc13x2.am4f : RFCC26X2_multiMode.c.cc13x2.ticlang.o (.text.RF_updatePaConfiguration)
                  0000aec6    00000002     csf.o (.text.Csf_toggleResponseReceived)
                  0000aec8    000000c8     dpl_cc13x2.a : PowerCC26X2_tirtos.om4f (.text.PowerCC26XX_standbyPolicy)
                  0000af90    000000c8     drivers_cc13x2.a : UARTCC26XX.om4f (.text.UARTCC26XX_write)
                  0000b058    000000c4     csf.o (.text.updateCollectorStatusLine)
                  0000b11c    000000c0     maclib_secure_cc13x2.a : mac_timer.o (.text.macSymbolTimerTriggerCallback)
                  0000b1dc    000000bc     collector.o (.text.Collector_init)
                  0000b298    000000bc     rf_multiMode_cc13x2.am4f : RFCC26X2_multiMode.c.cc13x2.ticlang.o (.text.RF_swiHw)
                  0000b354    000000bc     driverlib.lib : setup.o (.text.TrimAfterColdResetWakeupFromShutDown)
                  0000b410    000000bc     rom_sysbios.am4f : knl_Task.o (.text.ti_sysbios_knl_Task_setPri__E)
                  0000b4cc    000000b8     cllc.o (.text.assocIndCb)
                  0000b584    000000b4     maclib_secure_cc13x2.a : mac_hl_patch.o (.text.MAC_MlmeScanReq)
                  0000b638    000000b4     driverlib.lib : osc.o (.text.NOROM_OSCHF_AttemptToSwitchToXosc)
                  0000b6ec    000000b4     maclib_secure_cc13x2.a : mac_hl_patch.o (.text.macBeaconCheckTxTime)
                  0000b7a0    000000b4                            : mac_radio_tx.o (.text.macRadioTxAckCb)
                  0000b854    000000b4                            : mac_rx.o (.text.macRxInit)
                  0000b908    000000b2     api_mac.o (.text.copyDataInd)
                  0000b9ba    00000002     rf_multiMode_cc13x2.am4f : rfc.c.cc13x2.ticlang.o (.text.NOROM_RFCCpePatchReset)
                  0000b9bc    000000b0     drivers_cc13x2.a : PowerCC26X2.om4f (.text.Power_releaseDependency)
                  0000ba6c    000000b0     maclib_secure_cc13x2.a : mac_hl_patch.o (.text.macAutoPoll)
                  0000bb1c    000000b0     libclang_rt.builtins.a : udivmoddi4.S.obj (.text)
                  0000bbcc    000000ac     drivers_cc13x2.a : GPIOCC26XX.om4f (.text.GPIO_init)
                  0000bc78    000000ac                      : PowerCC26X2.om4f (.text.Power_setDependency)
                  0000bd24    000000ac     rf_multiMode_cc13x2.am4f : RFCC26X2_multiMode.c.cc13x2.ticlang.o (.text.RF_initRadioSetup)
                  0000bdd0    000000ac     maclib_secure_cc13x2.a : mac.o (.text.macGetRFCmdDuration)
                  0000be7c    000000ac                            : mac_radio_tx.o (.text.macRadioFHEncryptFrame)
                  0000bf28    000000ac                            : mac_tx.o (.text.txComplete)
                  0000bfd4    000000a8                            : mac_autopend.o (.text.MAC_SrcMatchAddEntry)
                  0000c07c    000000a8                            : mac_symbol_timer.o (.text.macSymbolTimerInit)
                  0000c124    000000a8                            : mac_tx.o (.text.macTxStartQueuedFrame)
                  0000c1cc    000000a4     maclib_osal_tirtos_cc13x2_26x2.a : osal_port.o (.text.OsalPort_heapMalloc)
                  0000c270    000000a4     rf_multiMode_cc13x2.am4f : RFCC26X2_multiMode.c.cc13x2.ticlang.o (.text.RF_pendCmd)
                  0000c314    000000a4     drivers_cc13x2.a : UARTCC26XX.om4f (.text.UARTCC26XX_initHw)
                  0000c3b8    000000a4     maclib_secure_cc13x2.a : mac_radio_tx.o (.text.macRadioTxPrepSlotted)
                  0000c45c    000000a4                            : mac_hl_patch.o (.text.macTrackTimeoutCallback)
                  0000c500    000000a4                            : mac_radio.o (.text.scheduleNopWakeupCmd)
                  0000c5a4    000000a0     driverlib.lib : setup.o (.text.NOROM_SetupTrimDevice)
                  0000c644    000000a0     nvocmp.o (.text.NVOCMP_readContItemApi)
                  0000c6e4    000000a0     rf_multiMode_cc13x2.am4f : RFCC26X2_multiMode.c.cc13x2.ticlang.o (.text.RF_calculateDispatchTime)
                  0000c784    000000a0                              : RFCC26X2_multiMode.c.cc13x2.ticlang.o (.text.RF_requestAccess)
                  0000c824    000000a0     maclib_secure_cc13x2.a : mac_hl_patch.o (.text.macBlacklistChecking)
                  0000c8c4    0000009e     driverlib.lib : chipinfo.o (.text.NOROM_ChipInfo_GetChipType)
                  0000c962    00000002     rf_multiMode_cc13x2.am4f : RFCC26X2_multiMode.c.cc13x2.ticlang.o (.text.RF_defaultCallback)
                  0000c964    0000009c     maclib_secure_cc13x2.a : mac_hl_patch.o (.text.macCcmStarInverseTransform)
                  0000ca00    0000009a     rf_multiMode_cc13x2.am4f : RFCC26X2_multiMode.c.cc13x2.ticlang.o (.text.RF_defaultSubmitPolicy)
                  0000ca9a    00000002     libclang_rt.builtins.a : aeabi_div0.c.obj (.text.__aeabi_ldiv0)
                  0000ca9c    00000098     nvocmp.o (.text.NVOCMP_erase)
                  0000cb34    00000098     maclib_secure_cc13x2.a : mac_hl_patch.o (.text.macIncomingSecurityLevelChecking)
                  0000cbcc    00000098                            : mac.o (.text.macStopCmd)
                  0000cc64    00000096     rf_multiMode_cc13x2.am4f : RFCC26X2_multiMode.c.cc13x2.ticlang.o (.text.RF_verifyGap)
                  0000ccfa    00000002     libc.a : _lock.c.obj (.text._nop)
                  0000ccfc    00000094     api_mac.o (.text.ApiMac_init)
                  0000cd90    00000094     drivers_cc13x2.a : PINCC26XX.om4f (.text.PIN_open)
                  0000ce24    00000094     rf_multiMode_cc13x2.am4f : RFCC26X2_multiMode.c.cc13x2.ticlang.o (.text.RF_ratRestartChannels)
                  0000ceb8    00000094     maclib_secure_cc13x2.a : mac_hl_patch.o (.text.macAutoPendAddSrcMatchTableEntry)
                  0000cf4c    00000094     drivers_cc13x2.a : UARTCC26XX.om4f (.text.writeTxFifoFlush)
                  0000cfe0    00000090     nvocmp.o (.text.NVOCMP_getDstPage)
                  0000d070    00000090     nvocmp.o (.text.NVOCMP_updateItemApi)
                  0000d100    00000090     maclib_osal_tirtos_cc13x2_26x2.a : osal_port.o (.text.OsalPort_setTimer)
                  0000d190    00000090     drivers_cc13x2.a : TRNGCC26XX.om4f (.text.TRNG_construct)
                  0000d220    00000090     maclib_secure_cc13x2.a : mac_radio_tx.o (.text.macRadioTxEnhAckCb)
                  0000d2b0    00000090                            : mac_radio_tx.o (.text.macRadioTxPrepLbt)
                  0000d340    00000090                            : mac_sleep.o (.text.macSleep)
                  0000d3d0    00000090                            : mac_autopend.o (.text.macSrcMatchCheckSrcAddr)
                  0000d460    0000008c     cui.o (.text.CUI_clientOpen)
                  0000d4ec    0000008c     maclib_secure_cc13x2.a : mac_radio_tx.o (.text.macRadioSendImmAck)
                  0000d578    0000008c     macTask.o (.text.macTaskInit)
                  0000d604    0000008c     maclib_secure_cc13x2.a : mac_timer.o (.text.macTimerUpdateSymbolTimer)
                  0000d690    00000088     cllc.o (.text.Cllc_init)
                  0000d718    00000088     csf.o (.text.Csf_getDeviceItem)
                  0000d7a0    00000088     nvocmp.o (.text.NVOCMP_deleteItemApi)
                  0000d828    00000088     maclib_secure_cc13x2.a : mac_hl_patch.o (.text.macApiStartReq)
                  0000d8b0    00000088                            : mac_mcu.o (.text.macMcuOverflowSetPeriod)
                  0000d938    00000088                            : mac_pwr.o (.text.macPwrVote)
                  0000d9c0    00000088     rom_sysbios.am4f : cc26xx_Timer.o (.text.ti_sysbios_family_arm_cc26xx_Timer_start__E)
                  0000da48    00000088                      : gates_GateMutexPri.o (.text.ti_sysbios_gates_GateMutexPri_enter__E)
                  0000dad0    00000084     nvocmp.o (.text.NVOCMP_readHeader)
                  0000db54    00000084     rf_multiMode_cc13x2.am4f : RFCC26X2_multiMode.c.cc13x2.ticlang.o (.text.RF_getInfo)
                  0000dbd8    00000084     drivers_cc13x2.a : UARTCC26XX.om4f (.text.UARTCC26XX_writeCancel)
                  0000dc5c    00000084                      : NVSCC26XX.om4f (.text.doErase)
                  0000dce0    00000084     maclib_secure_cc13x2.a : mac_hl_patch.o (.text.macKeyDescriptorLookup)
                  0000dd64    00000084                            : mac_radio.o (.text.macRadioStartScan)
                  0000dde8    00000084                            : mac.o (.text.macSetupReceiveCmd)
                  0000de6c    00000084                            : mac_hl_patch.o (.text.macTrackStartCallback)
                  0000def0    00000080     driverlib.lib : sys_ctrl.o (.text.NOROM_SysCtrlSetRechargeBeforePowerDown)
                  0000df70    00000080     nvocmp.o (.text.NVOCMP_getFreeNvApi)
                  0000dff0    00000080     rf_multiMode_cc13x2.am4f : RFCC26X2_multiMode.c.cc13x2.ticlang.o (.text.RF_yield)
                  0000e070    00000080     drivers_cc13x2.a : UARTCC26XX.om4f (.text.UARTCC26XX_close)
                  0000e0f0    00000080     maclib_secure_cc13x2.a : mac_mcu.o (.text.macMcuOverflowSetCompare)
                  0000e170    00000080     app_pm4f.om4f (.text.xdc_runtime_Startup_getState__I)
                  0000e1f0    0000007c     cllc.o (.text.Cllc_securityInit)
                  0000e26c    0000007c     maclib_secure_cc13x2.a : mac_hl_patch.o (.text.MAC_ResumeReq)
                  0000e2e8    0000007c     maclib_osal_tirtos_cc13x2_26x2.a : osal_port.o (.text.OsalPort_heapInit)
                  0000e364    0000007c     rf_multiMode_cc13x2.am4f : RFCC26X2_multiMode.c.cc13x2.ticlang.o (.text.RF_cmdDispatchTime)
                  0000e3e0    0000007c     maclib_secure_cc13x2.a : mac_radio.o (.text.macRadioUpdateChannel)
                  0000e45c    0000007c                            : mac_radio.o (.text.macRadioUpdateChannelRx)
                  0000e4d8    0000007c                            : mac_symbol_timer.o (.text.macSymbolTimerPeriodIsr)
                  0000e554    0000007c     rom_sysbios.am4f : gates_GateMutexPri.o (.text.ti_sysbios_gates_GateMutexPri_leave__E)
                  0000e5d0    00000078     csf.o (.text.Csf_getDeviceExtAdd)
                  0000e648    00000078     driverlib.lib : osc.o (.text.NOROM_OSCHF_SwitchToRcOscTurnOffXosc)
                  0000e6c0    00000078     nvocmp.o (.text.NVOCMP_checkItem)
                  0000e738    00000078     nvocmp.o (.text.NVOCMP_loadApiPtrs)
                  0000e7b0    00000078     rf_multiMode_cc13x2.am4f : RFCC26X2_multiMode.c.cc13x2.ticlang.o (.text.RF_discardPendCmd)
                  0000e828    00000078                              : RFCC26X2_multiMode.c.cc13x2.ticlang.o (.text.RF_ratDisableChannel)
                  0000e8a0    00000078                              : RFCC26X2_multiMode.c.cc13x2.ticlang.o (.text.RF_ratFreeChannel)
                  0000e918    00000078     cllc.o (.text.beaconNotifyIndCb)
                  0000e990    00000078     cllc.o (.text.maintainAssocTable)
                  0000ea08    00000074     csf.o (.text.Csf_sendDisassociateMsg)
                  0000ea7c    00000074     nvocmp.o (.text.NVOCMP_readItemApi)
                  0000eaf0    00000074     maclib_secure_cc13x2.a : mac_hl_patch.o (.text.macCcmDecrypt)
                  0000eb64    00000074                            : mac.o (.text.macRequestBackoff)
                  0000ebd8    00000074                            : mac.o (.text.macSetupFsCmd)
                  0000ec4c    00000070     drivers_cc13x2.a : AESCCMCC26XX.om4f (.text.AESCCM_cleanup)
                  0000ecbc    00000070     csf.o (.text.Csf_updateFrameCounter)
                  0000ed2c    00000070     drivers_cc13x2.a : LED.om4f (.text.LED_startBlinking)
                  0000ed9c    00000070     nvocmp.o (.text.NVOCMP_writeItemApi)
                  0000ee0c    00000070     drivers_cc13x2.a : NVSCC26XX.om4f (.text.NVSCC26XX_open)
                  0000ee7c    00000070     maclib_osal_tirtos_cc13x2_26x2.a : osal_port.o (.text.OsalPort_pwrmgrTaskState)
                  0000eeec    00000070     rf_multiMode_cc13x2.am4f : RFCC26X2_multiMode.c.cc13x2.ticlang.o (.text.RF_getTxPower)
                  0000ef5c    00000070                              : RFCC26X2_multiMode.c.cc13x2.ticlang.o (.text.RF_hwiHw)
                  0000efcc    00000070     maclib_secure_cc13x2.a : mac_hl_patch.o (.text.macCcmEncrypt)
                  0000f03c    00000070                            : mac_radio.o (.text.macRadioPowerDown)
                  0000f0ac    00000070                            : mac_rx_onoff.o (.text.macRxOffRequest)
                  0000f11c    00000070     main.o (.text.main)
                  0000f18c    00000070     cllc.o (.text.scanCnfCb)
                  0000f1fc    00000070     rom_sysbios.am4f : runtime_System.o (.text.xdc_runtime_System_formatNum__I)
                  0000f26c    0000006c     csf.o (.text.Csf_clearAllNVItems)
                  0000f2d8    0000006c     csf.o (.text.Csf_getDevice)
                  0000f344    0000006c     nvocmp.o (.text.NVOCMP_eraseNvApi)
                  0000f3b0    0000006c     drivers_cc13x2.a : Random.om4f (.text.Random_seedAutomatic)
                  0000f41c    0000006c     main.o (.text.appTaskFxn)
                  0000f488    0000006c     maclib_secure_cc13x2.a : mac_mcu.o (.text.macMcuInit)
                  0000f4f4    0000006c     cllc.o (.text.orphanIndCb)
                  0000f560    0000006a     nvocmp.o (.text.NVOCMP_verifyCRC)
                  0000f5ca    0000006a     rf_multiMode_cc13x2.am4f : RFCC26X2_multiMode.c.cc13x2.ticlang.o (.text.RF_detachOverrides)
                  0000f634    0000006a     libc.a : copy_decompress_lzss.c.obj (.text:decompress:lzss)
                  0000f69e    00000002     drivers_cc13x2.a : PowerCC26X2.om4f (.text.emptyClockFunc)
                  0000f6a0    00000068                      : Button.om4f (.text.Button_gpioCallbackFxn)
                  0000f708    00000068     rf_multiMode_cc13x2.am4f : RFCC26X2_multiMode.c.cc13x2.ticlang.o (.text.RF_issueRadioFreeCb)
                  0000f770    00000068     maclib_secure_cc13x2.a : mac_rx.o (.text.macRxHaltCleanup)
                  0000f7d8    00000068                            : mac_timer.o (.text.macTimerSetRollover)
                  0000f840    00000066     rf_multiMode_cc13x2.am4f : RFCC26X2_multiMode.c.cc13x2.ticlang.o (.text.RF_attachOverrides)
                  0000f8a6    00000066     app_pm4f.om4f (.text.memalign)
                  0000f90c    00000064     drivers_cc13x2.a : AESCCMCC26XX.om4f (.text.AESCCM_hwiFxn)
                  0000f970    00000064                      : PINCC26XX.om4f (.text.PIN_add)
                  0000f9d4    00000064                      : PowerCC26X2_calibrateRCOSC.om4f (.text.PowerCC26X2_initiateCalibration)
                  0000fa38    00000064     rf_multiMode_cc13x2.am4f : RFCC26X2_multiMode.c.cc13x2.ticlang.o (.text.RF_hwiCpe0PowerFsm)
                  0000fa9c    00000064     maclib_secure_cc13x2.a : mac_hl_patch.o (.text.macApiBeaconStartReq)
                  0000fb00    00000064                            : mac.o (.text.macSetTxPowerVal)
                  0000fb64    00000064                            : mac_timer.o (.text.macTimerRealign)
                  0000fbc8    00000064     drivers_cc13x2.a : PowerCC26X2.om4f (.text.oscillatorISR)
                  0000fc2c    00000062     rf_multiMode_cc13x2.am4f : RFCC26X2_multiMode.c.cc13x2.ticlang.o (.text.RF_syncCb)
                  0000fc8e    00000062     rom_sysbios.am4f : heaps_HeapMem.o (.text.ti_sysbios_heaps_HeapMem_allocUnprotected__E)
                  0000fcf0    00000060     drivers_cc13x2.a : CryptoResourceCC26XX.om4f (.text.CryptoResourceCC26XX_constructRTOSObjects)
                  0000fd50    00000060     maclib_osal_tirtos_cc13x2_26x2.a : osal_port.o (.text.OsalPort_clearEvent)
                  0000fdb0    00000060     drivers_cc13x2.a : PINCC26XX.om4f (.text.PIN_remove)
                  0000fe10    00000060     rf_multiMode_cc13x2.am4f : RFCC26X2_multiMode.c.cc13x2.ticlang.o (.text.RF_dispatchNextEvent)
                  0000fe70    00000060     csf.o (.text.findDeviceListIndex)
                  0000fed0    00000060     maclib_secure_cc13x2.a : mac_rx_onoff.o (.text.macRxOn)
                  0000ff30    00000060                            : mac_timer.o (.text.macTimerGetNextTimer)
                  0000ff90    00000060                            : mac_hl_patch.o (.text.macTrackPeriodCallback)
                  0000fff0    0000005e     rf_multiMode_cc13x2.am4f : rfc.c.cc13x2.ticlang.o (.text.NOROM_RFCAnaDivTxOverride)
                  0001004e    00000002     drivers_cc13x2.a : CryptoResourceCC26XX.om4f (.text.errorSpin)
                  00010050    0000005c     maclib_osal_tirtos_cc13x2_26x2.a : osal_port.o (.text.OsalPort_msgReceive)
                  000100ac    0000005c                                      : osal_port.o (.text.OsalPort_setEvent)
                  00010108    0000005c     drivers_cc13x2.a : TRNGCC26XX.om4f (.text.TRNGCC26XX_startTrng)
                  00010164    0000005c                      : UARTCC26XX.om4f (.text.UARTCC26XX_swiIntFxn)
                  000101c0    0000005c     libclang_rt.builtins.a : divmoddi4.c.obj (.text.__divmoddi4)
                  0001021c    0000005c     maclib_secure_cc13x2.a : mac_sleep.o (.text.macCanSleep)
                  00010278    0000005c                            : mac_radio_tx.o (.text.macRadioTxBackoffBoundary)
                  000102d4    0000005c                            : mac_radio_tx.o (.text.macRadioTxGoLbt)
                  00010330    0000005c                            : mac_radio.o (.text.macRadioWakeupCb)
                  0001038c    0000005c                            : mac_timer.o (.text.macTimerAddTimer)
                  000103e8    0000005c                            : mac_timer.o (.text.macTimerCancel)
                  00010444    0000005c     collector.o (.text.processDataRetry)
                  000104a0    0000005c     maclib_secure_cc13x2.a : mac_rx.o (.text.rxPostRxUpdates)
                  000104fc    00000058     ti_drivers_config.o (.text.Board_sendExtFlashByte)
                  00010554    00000058     cllc.o (.text.Cllc_removeDevice)
                  000105ac    00000058     csf.o (.text.Csf_getFrameCounter)
                  00010604    00000058     drivers_cc13x2.a : GPIOCC26XX.om4f (.text.GPIO_enableInt)
                  0001065c    00000058     maclib_osal_tirtos_cc13x2_26x2.a : osal_port.o (.text.HEAPMGR_GETLARGESTFREEBUF)
                  000106b4    00000058                                      : osal_port.o (.text.OsalPort_msgSend)
                  0001070c    00000058     rf_multiMode_cc13x2.am4f : RFCC26X2_multiMode.c.cc13x2.ticlang.o (.text.RF_applyRfCorePatch)
                  00010764    00000058     drivers_cc13x2.a : TRNGCC26XX.om4f (.text.TRNG_init)
                  000107bc    00000058                      : UARTCC26XX.om4f (.text.UARTCC26XX_control)
                  00010814    00000058     cui.o (.text.UartReadCallback)
                  0001086c    00000058     csf.o (.text.formNwkAndUpdateUser)
                  000108c4    00000058     maclib_secure_cc13x2.a : mac_radio.o (.text.macRadioSetChannel)
                  0001091c    00000058                            : mac_radio.o (.text.macRadioSetChannelRx)
                  00010974    00000058                            : mac_radio_tx.o (.text.macRadioTxPrepCsmaSlottedIeee)
                  000109cc    00000058                            : mac_radio.o (.text.macRadioUpdateTxPower)
                  00010a24    00000058                            : mac_timer.o (.text.macSymbolTimerRolloverCallback)
                  00010a7c    00000058                            : mac_tx.o (.text.macTxDoneCallback)
                  00010ad4    00000058     rom_sysbios.am4f : heaps_HeapMem.o (.text.ti_sysbios_heaps_HeapMem_alloc__E)
                  00010b2c    00000056     drivers_cc13x2.a : StructRingBuf.om4f (.text.StructRingBuf_put)
                  00010b82    00000002     maclib_secure_cc13x2.a : mac_pwr.o (.text.macApiPwrOnReq)
                  00010b84    00000054     drivers_cc13x2.a : AESCCMCC26XX.om4f (.text.AESCCM_construct)
                  00010bd8    00000054     nvocmp.o (.text.NVOCMP_compactNvApi)
                  00010c2c    00000054     nvocmp.o (.text.NVOCMP_getItemLenApi)
                  00010c80    00000054     rf_multiMode_cc13x2.am4f : RFCC26X2_multiMode.c.cc13x2.ticlang.o (.text.RF_fsmXOSCState)
                  00010cd4    00000054                              : RFCC26X2_multiMode.c.cc13x2.ticlang.o (.text.RF_getCurrentTime)
                  00010d28    00000054     maclib_osal_tirtos_cc13x2_26x2.a : util_timer.o (.text.UtilTimer_construct)
                  00010d7c    00000054     maclib_secure_cc13x2.a : mac_symbol_timer.o (.text.macSymbolTimerEventHandler)
                  00010dd0    00000054                            : mac_tx.o (.text.macTxAckReceivedCallback)
                  00010e24    00000054     cllc.o (.text.sendStartReq)
                  00010e78    00000052     driverlib.lib : chipinfo.o (.text.NOROM_ChipInfo_GetHwRevision)
                  00010eca    00000002     maclib_secure_cc13x2.a : mac_mcu.o (.text.macMcuBitReverse)
                  00010ecc    00000050                            : mac_autopend.o (.text.MAC_SrcMatchEnable)
                  00010f1c    00000050     rf_multiMode_cc13x2.am4f : RFCC26X2_multiMode.c.cc13x2.ticlang.o (.text.RF_wakeupNotification)
                  00010f6c    00000050     maclib_secure_cc13x2.a : mac_radio.o (.text.macGetRadioTxPowerReg)
                  00010fbc    00000050                            : mac_radio_tx.o (.text.macRadioSendEnhAck)
                  0001100c    00000050     cllc.o (.text.sendScanReq)
                  0001105c    00000050     collector.o (.text.sendTrackingRequest)
                  000110ac    0000004e     nvocmp.o (.text.NVOCMP_readItem)
                  000110fa    0000004e     drivers_cc13x2.a : UARTCC26XX.om4f (.text.UARTCC26XX_readCancel)
                  00011148    0000004c     csf.o (.text.Csf_networkUpdate)
                  00011194    0000004c     driverlib.lib : osc.o (.text.NOROM_OSC_HPOSCRelativeFrequencyOffsetGet)
                  000111e0    0000004c     nvocmp.o (.text.NVOCMP_setItemInactive)
                  0001122c    0000004c     drivers_cc13x2.a : NVSCC26XX.om4f (.text.NVSCC26XX_init)
                  00011278    0000004c                      : NVSCC26XX.om4f (.text.NVSCC26XX_read)
                  000112c4    0000004c                      : StructRingBuf.om4f (.text.StructRingBuf_get)
                  00011310    0000004c     maclib_secure_cc13x2.a : mac_low_level.o (.text.macLowLevelYield)
                  0001135c    0000004c                            : mac_radio_tx.o (.text.macRadioTxHandleAck)
                  000113a8    0000004c                            : mac.o (.text.macSendFsCmd)
                  000113f4    0000004c                            : mac_hl_patch.o (.text.macSetDefaultsByPatch)
                  00011440    0000004c                            : mac_timer.o (.text.macTimerUpdActive)
                  0001148c    0000004c     drivers_cc13x2.a : UARTCC26XX.om4f (.text.startTxFifoEmptyClk)
                  000114d8    0000004c                      : PowerCC26X2.om4f (.text.switchXOSCHF)
                  00011524    00000048                      : GPIOCC26XX.om4f (.text.GPIO_disableInt)
                  0001156c    00000048                      : GPIOCC26XX.om4f (.text.GPIO_write)
                  000115b4    00000048     driverlib.lib : aux_sysif.o (.text.NOROM_AUXSYSIFOpModeChange)
                  000115fc    00000048     rf_multiMode_cc13x2.am4f : rfc.c.cc13x2.ticlang.o (.text.NOROM_RFCSynthPowerDown)
                  00011644    00000048     drivers_cc13x2.a : NVS.om4f (.text.NVS_open)
                  0001168c    00000048     maclib_osal_tirtos_cc13x2_26x2.a : osal_port.o (.text.OsalPort_heapFree)
                  000116d4    00000048     drivers_cc13x2.a : PowerCC26X2.om4f (.text.PowerCC26XX_switchXOSC_HF)
                  0001171c    00000048     dpl_cc13x2.a : SwiP_tirtos.om4f (.text.SwiP_construct)
                  00011764    00000048     maclib_secure_cc13x2.a : mac_hl_patch.o (.text.macIncomingKeyUsagePolicyChecking)
                  000117ac    00000048     app_pm4f.om4f (.text.realloc)
                  000117f4    00000048     drivers_cc13x2.a : UARTCC26XX.om4f (.text.writeFinishedDoCallback)
                  0001183c    00000046     dpl_cc13x2.a : ClockP_tirtos.om4f (.text.ClockP_construct)
                  00011882    00000046     drivers_cc13x2.a : RingBuf.om4f (.text.RingBuf_put)
                  000118c8    00000044     ti_drivers_config.o (.text.Board_wakeUpExtFlash)
                  0001190c    00000044     cui.o (.text.CUI_menuActionHelp)
                  00011950    00000044     cllc.o (.text.Cllc_addSecDevice)
                  00011994    00000044     collector.o (.text.Collector_sendDeviceTypeRequest)
                  000119d8    00000044     collector.o (.text.Collector_sendToggleLedRequest)
                  00011a1c    00000044     csf.o (.text.Csf_stateChangeUpdate)
[...]
20000988  savedCllcState                                                     
20000989  permitJoining                                                      
20000994  Csf_events                                                         
200009a8  Csf_keys                                                           
200009e2  ti_sysbios_family_arm_m3_Hwi_Module_State_0_excActive__A           
20000a3c  appSubMenu                                                         
20000a94  FHIE_channelPlan                                                   
20000ae8  ti_sysbios_knl_Task_Object__table__V                               
20000bc4  __xdc__init__addr                                                  
20000bc8  ti_sysbios_family_arm_cc26xx_Timer_Object__table__V                
20000c10  commissionSubMenu                                                  
20000c50  configureSubMenu                                                   
20000c90  csfMainMenu                                                        
20000cd4  cuiMultiMenu                                                       
20000d48  ti_sysbios_gates_GateMutex_Object__table__V                        
20000d80  macBeaconPayload                                                   
20000de4  _lock                                                              
20000e18  ti_sysbios_knl_Swi_Module_State_0_readyQ__A                        
20000e48  ti_sysbios_knl_Swi_Object__table__V                                
20000e78  ti_sysbios_knl_Task_Module_State_0_readyQ__A                       
20000ed0  macActionSet                                                       
20000ef4  pOverrides_2gfsk50kbps154g                                         
20000f18  lastRatChanA                                                       
20000f19  lastRatChanB                                                       
20000f1a  macRxCmdActive                                                     
20000f1b  macFsCmdActive                                                     
20000f1c  macRxPreempted                                                     
20000f1d  numRfCmd                                                           
20000f1e  numRxCmd                                                           
20000f1f  numRxPostCmd                                                       
20000f24  lastPostCmd                                                        
20000f28  macSfdDetectCback                                                  
20000f38  macBeaconMargin                                                    
20000f58  ti_sysbios_knl_Clock_Object__table__V                              
20000f78  xdc_runtime_Error_IgnoreBlock                                      
20000f98  ti_sysbios_family_arm_m3_Hwi_Object__table__V                      
20000fc6  Main_assertReason                                                  
20000fc8  taskCnt                                                            
20000fcc  heapmgrMemFreeTotal                                                
20000fd0  heapmgrMemFreeError                                                
20000fdc  macStateTbl                                                        
20000ff0  macUser0Cfg                                                        
20001008  pMacCbackQueryRetransmit                                           
2000100c  pMacCbackCheckPending                                              
20001024  RF_cmdNop                                                          
20001034  RF_cmdNopFg                                                        
20001044  RF_prop_2gfsk50kbps154g                                            
20001054  gpioCallbackFunctions                                              
20001064  gpioPinConfigs                                                     
20001074  macCfg                                                             
200010a8  FH_FSM                                                             
200010b4  ti_sysbios_heaps_HeapCallback_Object__table__V                     
200010d8  pinUpperBound                                                      
200010dc  pinLowerBound                                                      
200010ec  RF_handle                                                          
200010f0  macRadioAckIeeeFrame                                               
200010f3  macRadioAckFrame                                                   
20001100  FH_txTiming                                                        
20001108  RFCC26XX_schedulerPolicy                                           
20001110  ei_classifier_inferencing_categories                               
20001118  ti_sysbios_family_arm_m3_Hwi_Module__root__V                       
20001120  ti_sysbios_gates_GateHwi_Module__root__V                           
20001128  ti_sysbios_gates_GateMutexPri_Module__root__V                      
20001130  ti_sysbios_gates_GateMutex_Module__root__V                         
20001138  ti_sysbios_hal_Hwi_Module__root__V                                 
20001140  ti_sysbios_heaps_HeapCallback_Module__root__V                      
20001148  ti_sysbios_heaps_HeapMem_Module__root__V                           
20001150  ti_sysbios_knl_Clock_Module__root__V                               
20001158  ti_sysbios_knl_Event_Module__root__V                               
20001160  ti_sysbios_knl_Mailbox_Module__root__V                             
20001168  ti_sysbios_knl_Queue_Module__root__V                               
20001170  ti_sysbios_knl_Semaphore_Module__root__V                           
20001178  ti_sysbios_knl_Swi_Module__root__V                                 
20001180  ti_sysbios_knl_Task_Module__root__V                                
2000118e  bInSwi                                                             
20001190  _unlock                                                            
20001194  appEvents                                                          
2000119c  macAddrSize                                                        
200011a0  macCsmaRtcTimerId                                                  
200011a4  macDataBeaconRequeue                                               
200011a8  macDataCheckSched                                                  
200011ac  macDataCheckTxTime                                                 
200011b0  macDataRequeueIndirect                                             
200011b4  macDataRxBeaconCritical                                            
200011b8  macDataSetSched                                                    
200011bc  macDataTxBeaconComplete                                            
200011c0  macDataTxIndirect                                                  
200011d0  macTasksEvents                                                     
200011d4  macTimerNewRollover                                                
200011d8  macTimerRollover                                                   
200011e0  pMacDataTx                                                         
200011e4  pMacEnhancedAck                                                    
200011ec  ti_sysbios_family_arm_m3_Hwi_Module_State_0_excContext__A          
200011f0  ti_sysbios_family_arm_m3_Hwi_Module_State_0_excStack__A            
200011f4  ti_sysbios_knl_Task_Module_State_0_idleTask__A                     
200011f8  csmPhy                                                             
200011fe  macRadioYielded                                                    
200011ff  macSleepState                                                      
20001200  macSrcMatchIsAckAllPending                                         
20001201  macSrcMatchIsEnabled                                               
20001202  macTxCmdActive                                                     
20001203  macTxSlottedDelay                                                  
20001204  macTxSlottedDelayFactor                                            
20001206  numTx                                                              
20001207  reqAccessAlloc                                                     
200022d0  Cllc_associatedDevList                                             
20002728  ti_sysbios_knl_Task_Instance_State_0_stack__A                      
20002928  uartCC26XXObjects                                                  
20002ae4  menuBuff                                                           
20002c8c  taskTbl                                                            
20002df4  enhancedAckBuf                                                     
20002eee  macRxDataEntryOffset                                               
20002fe8  ti_sysbios_family_arm_m3_Hwi_dispatchTable                         
200030c0  LEDObjects                                                         
20003178  FHPIB_db                                                           
20003204  FH_hnd                                                             
2000328c  macPib                                                             
20003314  pinHandleTable                                                     
20003390  FHNT_tableOpt                                                      
2000340a  FHNT_Dbg                                                           
20003478  macScan                                                            
2000360c  ButtonObjects                                                      
2000365c  CryptoResourceCC26XX_accessSemaphore                               
200036ac  CryptoResourceCC26XX_operationSemaphore                            
200036fc  appTask                                                            
2000374c  macTask                                                            
2000379c  cuiMultiMenuData                                                   
200037e8  NVOCMP_nvHandle                                                    
2000382e  macTxCsmaBackoffDelay                                              
200038b8  FHFSM_Dbg                                                          
200038fa  rxCmdHandle                                                        
20003900  RF_cmdIEEERx                                                       
20003940  macSecurityPib                                                     
200039bc  Collector_statistics                                               
200039f8  macBeaconCoord                                                     
20003a34  FHNT_hnd                                                           
20003a6c  macDeviceAction1                                                   
20003aa4  macBeaconDevice                                                    
20003ad8  RF_cmdPropRadioDivSetup                                            
20003b08  RF_cmdPropRxAdv                                                    
20003b38  macMgmtAction1                                                     
20003b68  macSrcExtAddrList                                                  
20003b98  macCoord                                                           
20003bc4  macDevice                                                          
20003c34  RF_cmdIEEECsma                                                     
20003c54  RF_cmdPropTxAdv                                                    
20003c74  RF_cmdRadioSetup                                                   
20003c94  RF_params                                                          
20003cb4  macBeacon                                                          
20003cd4  CryptoResourceCC26XX_hwi                                           
20003cf0  RF_cmdPropCs                                                       
20003d0c  RF_cmdPropCsSlotted                                                
20003d28  appSem                                                             
20003d44  macCoordAction2                                                    
20003d60  macReset                                                           
20003d7c  macSem                                                             
20003d98  macSrcShortAddrList                                                
20003db4  RF_cmdFsRx                                                         
20003dcc  RF_cmdFsTx                                                         
20003de4  RF_cmdIEEETx                                                       
20003dfc  aesccmCC26XXObjects                                                
20003e14  macScanAction                                                      
20003e54  RF_cmdRxAckCmd                                                     
20003e68  macAckDbg                                                          
20003e7c  macDeviceAction2                                                   
20003e90  macMgmtAction2                                                     
20003ea4  _hposcCoeffs                                                       
20003eb4  macBeaconDeviceAction                                              
20003ec4  macCoordAction3                                                    
20003ed4  macData                                                            
20003ee4  macDataTxDelay                                                     
20003ef4  macFrmFilter                                                       
20003f04  macRxOutputIeee                                                    
20003f14  macMain                                                            
20003f20  macRxOutputSubG                                                    
20003f2c  FH_PibTbl                                                          
20003f36  ApiMac_extAddr                                                     
20003f3e  txCmdHandle                                                        
20003f40  FHNT_tempTable                                                     
20003f48  macBeaconCoordAction1                                              
20003f50  macCoordAction1                                                    
20003f58  macRxDataEntryQueue                                                
20003f74  AESCCM_handle                                                      
20003f78  FH_test_var                                                        
20003f7c  HEAPMGR_SIZE                                                       
20003f80  PowerCC26XX_swiKey                                                 
20003f84  PowerCC26XX_taskKey                                                
20003f88  collectorStatusLine                                                
20003f8c  csfCuiHndl                                                         
20003f90  deviceStatusLine                                                   
20003f94  eiDataStatusLine                                                   
20003f98  eiInferStatusLine                                                  
20003f9c  macCryptoDrvTblPtr                                                 
20003fa0  macPhyTxPower                                                      
20003fa4  macPrevPeriodRatCount                                              
20003fa8  macRfDrvTblPtr                                                     
20003fac  macRxSymbol                                                        
20003fb0  macSymbolTimerRollover                                             
20003fb4  macSymbolTimerTrigger                                              
20003fb8  macTimerActive                                                     
20003fbc  macTxTimestamp                                                     
20003fc0  numJoinDevStatusLine                                               
20003fc4  pClockHandleEDScan                                                 
20003fc8  pMacRadioConfig                                                    
20003fcc  pMaxPower                                                          
20003fd0  pRfMode                                                            
20003fd4  pRfPowerTable                                                      
20003fd8  rxRadioBufferPtr                                                   
20003fdc  timerAlignedQ                                                      
20003fe0  timerUnalignedQ                                                    
20003fe6  AppTaskId                                                          
20003fe7  NVOCMP_size                                                        
20003fe8  appTaskId                                                          
20003fe9  driverlib_release_0_60278                                          
20003fea  gAction                                                            
20003feb  macAckTxActive                                                     
20003fec  macMgmt                                                            
20003fed  macPanCoordinator                                                  
20003fee  macPhyChannel                                                      
20003fef  macPwr                                                             
20003ff0  macRxActive                                                        
20003ff1  macRxEnableFlags                                                   
20003ff2  macRxFilter                                                        
20003ff3  macRxOutgoingAckFlag                                               
20003ff4  macSpecUsecsPerSymbol                                              
20003ff5  macSrcResIndex                                                     
20003ff6  macSymbolTimerImpending                                            
20003ff7  macTaskId                                                          
20003ff8  macTxActive                                                        
20003ff9  macTxBe                                                            
20003ffa  macTxGpInterframeDelay                                             
20003ffb  macTxType                                                          
20003ffc  macUnitBackoffPeriod                                               
20003ffd  nvsCC26XXObjects                                                   
20003ffe  rxFhRsl                                                            
20003fff  rxPromiscuousMode                                                  
20004000  rxSeqNum                                                           
20004001  txAckReq                                                           
20004002  txSeqn                                                             
20004003  heapStart                                                          
20013aa0  __stack                                                            
20013aa0  heapEnd                                                            
20014000  __STACK_END                                                        
20014000  __STACK_TOP                                                        
e000e000  ti_sysbios_family_arm_m3_Hwi_nvic                                  
ffffffff  __TI_pprof_out_hndl                                                
ffffffff  __TI_prof_data_size                                                
ffffffff  __TI_prof_data_start                                               
ffffffff  __binit__                                                          
ffffffff  binit                                                              
UNDEFED   ITM_flush                                                          
UNDEFED   ITM_restore                                                        
UNDEFED   PWM_config                                                         
UNDEFED   PWM_count                                                          
UNDEFED   __c_args__                                                         
UNDEFED   __mpu_init                                                         

[1962 symbols]
