******************************************************************************
            TI ARM Clang Linker Unix v1.3.0                    
******************************************************************************
>> Linked Wed Sep 29 22:55:30 2021

OUTPUT FILE NAME:   <sensor_CC1352P1_LAUNCHXL_tirtos_ticlang.out>
ENTRY POINT SYMBOL: "ResetISR"  address: 00025d8d


MEMORY CONFIGURATION

         name            origin    length      used     unused   attr    fill
----------------------  --------  ---------  --------  --------  ----  --------
  FLASH                 00000000   00056000  0002a5fd  0002ba03  R  X
  FLASH_LAST            00056000   00002000  00002000  00000000  R  X
  SRAM                  20000000   00014000  0000477b  0000f885  RW X


SEGMENT ALLOCATION MAP

run origin  load origin   length   init length attrs members
----------  ----------- ---------- ----------- ----- -------
00000000    00000000    00026600   00026600    r-x
  00000000    00000000    0000003c   0000003c    r-- .resetVecs
  0000003c    0000003c    00000004   00000004    r-- .init_array
  00000040    00000040    000123b8   000123b8    r-- .rodata
  000123f8    000123f8    0000053d   0000053d    r-- .const
  00012938    00012938    00013828   00013828    r-x .text.1
  00026160    00026160    00000498   00000498    r-- .cinit
  000265f8    000265f8    00000008   00000008    r-- .ARM.exidx
00052000    00052000    00004000   00000000    rw-
  00052000    00052000    00004000   00000000    rw- .TI.bound:flashBuf0
00056000    00056000    00002000   00002000    r-x
  00056000    00056000    00001fa8   00001fa8    r-x .text.2
  00057fa8    00057fa8    00000058   00000058    r-- .ccfg
20000100    20000100    00004147   00000000    rw-
  20000100    20000100    00000004   00000000    rw- .data:xdcRomConstPtr
  20000104    20000104    00000004   00000000    rw- .data:xdcRomExternFuncPtr
  20000108    20000108    00000004   00000000    rw- .data:xdcRomStatePtr
  2000010c    2000010c    00000010   00000000    rw- .data:RAM_MAC_BASE_ADDR
  20000120    20000120    000012bc   00000000    rw- .data
  200013e0    200013e0    00002e67   00000000    rw- .bss
20013aa0    20013aa0    00000560   00000000    rw-
  20013aa0    20013aa0    00000560   00000000    rw- .stack


SECTION ALLOCATION MAP

 output                                  attributes/
section   page    origin      length       input sections
--------  ----  ----------  ----------   ----------------
.const     0    000123f8    0000053d     
                  000123f8    000003b8     app_pm4f.om4f (.const:ROM_constStruct)
                  000127b0    00000048     app_pm4f.om4f (.const:ROM_externFuncPtrs)
                  000127f8    00000028     app_pm4f.om4f (.const:ti_sysbios_heaps_HeapCallback_Module__FXNS__C)
                  00012820    00000028     app_pm4f.om4f (.const:xdc_runtime_Startup_sfxnTab__A)
                  00012848    00000024     app_pm4f.om4f (.const:ti_sysbios_gates_GateMutexPri_Module__FXNS__C)
                  0001286c    00000020     app_pm4f.om4f (.const:ti_sysbios_gates_GateMutexPri_Object__DESC__C)
                  0001288c    00000020     app_pm4f.om4f (.const:ti_sysbios_heaps_HeapCallback_Object__DESC__C)
                  000128ac    0000001c     app_pm4f.om4f (.const:ti_sysbios_heaps_HeapCallback_Object__PARAMS__C)
                  000128c8    00000018     app_pm4f.om4f (.const:ti_sysbios_gates_GateMutexPri_Object__PARAMS__C)
                  000128e0    00000014     app_pm4f.om4f (.const:xdc_runtime_Startup_sfxnRts__A)
                  000128f4    0000000c     app_pm4f.om4f (.const:xdc_runtime_Startup_firstFxns__A)
                  00012900    00000008     app_pm4f.om4f (.const:ti_sysbios_family_arm_m3_Hwi_excHookFuncs__A)
                  00012908    00000004     app_pm4f.om4f (.const:ti_sysbios_gates_GateMutexPri_Instance_State_pendQ__O)
                  0001290c    00000004     app_pm4f.om4f (.const:ti_sysbios_heaps_HeapCallback_Object__count__C)
                  00012910    00000004     app_pm4f.om4f (.const:ti_sysbios_heaps_HeapCallback_allocInstFxn__C)
                  00012914    00000004     app_pm4f.om4f (.const:ti_sysbios_heaps_HeapCallback_createInstFxn__C)
                  00012918    00000004     app_pm4f.om4f (.const:ti_sysbios_heaps_HeapCallback_deleteInstFxn__C)
                  0001291c    00000004     app_pm4f.om4f (.const:ti_sysbios_heaps_HeapCallback_freeInstFxn__C)
                  00012920    00000004     app_pm4f.om4f (.const:ti_sysbios_heaps_HeapCallback_getStatsInstFxn__C)
                  00012924    00000004     app_pm4f.om4f (.const:ti_sysbios_heaps_HeapCallback_initInstFxn__C)
                  00012928    00000004     app_pm4f.om4f (.const:ti_sysbios_heaps_HeapCallback_isBlockingInstFxn__C)
                  0001292c    00000004     app_pm4f.om4f (.const:ti_sysbios_knl_Clock_tickPeriod__C)
                  00012930    00000004     app_pm4f.om4f (.const:ti_sysbios_knl_Idle_funcList__A)
                  00012934    00000001     app_pm4f.om4f (.const:xdc_runtime_Text_charTab__A)

.rodata    0    00000040    000123b8     
                  00000040    0000fa00     trained_model_compiled.o (.rodata._ZN12_GLOBAL__N_112tensor_data4E)
                  0000fa40    00000800     trained_model_compiled.o (.rodata._ZN12_GLOBAL__N_112tensor_data5E)
                  00010240    00000568     maclib_secure_cc13x2.a : hmac_rom_init.o (.rodata.HMAC_ROM_Flash_JT)
                  000107a8    000002d6     ssf.o (.rodata.str1.1)
                  00010a7e    00000002     ti_drivers_config.o (.rodata.ButtonHWAttrs)
                  00010a80    00000258     maclib_secure_cc13x2.a : fh_rom_init.o (.rodata.FH_ROM_Flash_JT)
                  00010cd8    000001fc     rf_multiMode_cc13x2.am4f : rf_patch_cpe_prop.c.cc13x2.ticlang.o (.rodata.patchImageProp)
                  00010ed4    00000188     cui.o (.rodata.str1.1)
                  0001105c    00000004     ti_drivers_config.o (.rodata.LEDHWAttrs)
                  00011060    00000101     libc.a : aeabi_ctype.S.obj (.rodata)
                  00011161    00000006     cui.o (.rodata..L.str.8)
                  00011167    00000001     ti_drivers_config.o (.rodata.Button_count)
                  00011168    00000100     trained_model_compiled.o (.rodata._ZN12_GLOBAL__N_112tensor_data1E)
                  00011268    00000100     crc.o (.rodata.crc_table)
                  00011368    000000fa     maclib_secure_cc13x2.a : fh_global.o (.rodata.FH_stateMatrix)
                  00011462    000000f8     mac_cfg.o (.rodata.macPibTbl)
                  0001155a    00000002     jdllc.o (.rodata.keyUsageList)
                  0001155c    000000cc     maclib_secure_cc13x2.a : lmac_rom_init.o (.rodata.LMAC_ROM_Flash_JT)
                  00011628    0000008c     mac_cfg.o (.rodata.FHPIB_defaults)
                  000116b4    00000088     mac_cfg.o (.rodata.macPibDefaults)
                  0001173c    00000004     drivers_cc13x2.a : NVS.om4f (.rodata.NVS_defaultParams)
                  00011740    00000080     trained_model_compiled.o (.rodata._ZN12_GLOBAL__N_112tensor_data2E)
                  000117c0    00000072     maclib_secure_cc13x2.a : hmac_global.o (.rodata.macAssociatingSt)
                  00011832    00000072                            : hmac_global.o (.rodata.macIdleSt)
                  000118a4    00000072                            : hmac_global.o (.rodata.macPollingSt)
                  00011916    00000072                            : hmac_global.o (.rodata.macScanningSt)
                  00011988    00000072                            : hmac_global.o (.rodata.macStartingSt)
                  000119fa    00000001     ti_drivers_config.o (.rodata.I2C_count)
                  000119fb    00000001     ti_drivers_config.o (.rodata.LED_count)
                  000119fc    0000006c     maclib_secure_cc13x2.a : icall_osal_rom_init.o (.rodata.ICALL_OSAL_ROM_Flash_JT)
                  00011a68    0000006c     mac_user_config.o (.rodata.macRfDriverTable)
                  00011ad4    00000058     mac_cfg.o (.rodata.macSecurityPibTbl)
                  00011b2c    00000054     drivers_cc13x2.a : PowerCC26X2.om4f (.rodata.resourceDB)
                  00011b80    00000050     mac_cfg.o (.rodata.macMRFSKStdPhyTable)
                  00011bd0    00000045     app_pm4f.om4f (.rodata.str1.1)
                  00011c15    00000001     ti_drivers_config.o (.rodata.NVS_count)
                  00011c16    00000001     ti_drivers_config.o (.rodata.UART_count)
                  00011c17    00000001     ti_drivers_config.o (.rodata.aesccmCC26XXHWAttrs)
                  00011c18    00000040     trained_model_compiled.o (.rodata._ZN12_GLOBAL__N_112tensor_data6E)
                  00011c58    00000040     mac_user_config.o (.rodata.macCryptoDriverTable)
                  00011c98    00000040     maclib_secure_cc13x2.a : hmac_global.o (.rodata.macTimerRolloverValue)
                  00011cd8    00000038                            : hmac_global.o (.rodata.macCmdIncludeFHIe)
                  00011d10    00000031     macTask.o (.rodata.str1.1)
                  00011d41    00000003     --HOLE-- [fill = 0]
                  00011d44    00000030     ti_drivers_config.o (.rodata.BoardGpioInitTable)
                  00011d74    00000030     ti_radio_config.o (.rodata.RF_cmdPropRadioDivSetup_2gfsk50kbps154g)
                  00011da4    00000030     ti_radio_config.o (.rodata.RF_cmdPropRxAdv_2gfsk50kbps154g)
                  00011dd4    00000028     drivers_cc13x2.a : NVSCC26XX.om4f (.rodata.NVSCC26XX_fxnTable)
                  00011dfc    00000028                      : UARTCC26XX.om4f (.rodata.UARTCC26XX_fxnTable)
                  00011e24    00000028     ti_drivers_config.o (.rodata.uartCC26XXHWAttrs)
                  00011e4c    00000024     drivers_cc13x2.a : UART.om4f (.rodata.UART_defaultParams)
                  00011e70    00000020     mac_user_config.o (.rodata..L__const.rfSelect.RfCfg)
                  00011e90    00000020     ti_radio_config.o (.rodata.RF_cmdPropTxAdv_2gfsk50kbps154g)
                  00011eb0    00000020     maclib_secure_cc13x2.a : mac_radio.o (.rodata.activityObject)
                  00011ed0    00000020     rf_multiMode_cc13x2.am4f : RFCC26X2_multiMode.c.cc13x2.ticlang.o (.rodata.cst32)
                  00011ef0    00000020     jdllc.o (.rodata.keyDeviceList)
                  00011f10    0000001c     ti_radio_config.o (.rodata.RF_cmdPropCs_2gfsk50kbps154g)
                  00011f2c    00000019     sensor.o (.rodata.str1.1)
                  00011f45    00000003     --HOLE-- [fill = 0]
                  00011f48    00000018     drivers_cc13x2.a : PWM.om4f (.rodata.PWM_defaultParams)
                  00011f60    00000018     ti_radio_config.o (.rodata.RF_cmdFs_2gfsk50kbps154g)
                  00011f78    00000018     ti_drivers_config.o (.rodata.i2cCC26xxHWAttrs)
                  00011f90    00000018     drivers_cc13x2.a : GPIOCC26XX.om4f (.rodata.interruptType)
                  00011fa8    00000018     maclib_secure_cc13x2.a : hmac_global.o (.rodata.macSendMsgBufSize)
                  00011fc0    00000018     rom_sysbios.am4f : runtime_System.o (.rodata.str1.1)
                  00011fd8    00000014     ti_drivers_config.o (.rodata..L__const.Board_shutDownExtFlash.extFlashPinTable)
                  00011fec    00000014     ti_drivers_config.o (.rodata.GPIOCC26XX_config)
                  00012000    00000014     ti_drivers_config.o (.rodata.PowerCC26X2_config)
                  00012014    00000014     drivers_cc13x2.a : TRNG.om4f (.rodata.TRNG_defaultParams)
                  00012028    00000014                      : UARTCC26XX.om4f (.rodata.parityType)
                  0001203c    00000013     macTask.o (.rodata.msacbackSizeTable)
                  0001204f    00000011     ssf.o (.rodata.validChannelMask)
                  00012060    00000010     drivers_cc13x2.a : AESCCM.om4f (.rodata.AESCCM_defaultParams)
                  00012070    00000010     ti_drivers_config.o (.rodata.Button_config)
                  00012080    00000010     drivers_cc13x2.a : Button.om4f (.rodata.Button_defaultParams)
                  00012090    00000010     ti_drivers_config.o (.rodata.LED_config)
                  000120a0    00000010     drivers_cc13x2.a : I2CCC26XX.om4f (.rodata.cst16)
                  000120b0    00000010                      : UARTCC26XX.om4f (.rodata.cst16)
                  000120c0    00000010     ti_drivers_config.o (.rodata.cst16)
                  000120d0    00000010     maclib_secure_cc13x2.a : hmac_global.o (.rodata.macIEEEPhyTable)
                  000120e0    00000010     drivers_cc13x2.a : GPIOCC26XX.om4f (.rodata.outPinTypes)
                  000120f0    0000000f     cui.o (.rodata.str1.4)
                  000120ff    0000000e     maclib_secure_cc13x2.a : hmac_global.o (.rodata.macCmdBufSize)
                  0001210d    0000000e                            : hmac_global.o (.rodata.macTxFrameFailed)
                  0001211b    0000000e                            : hmac_global.o (.rodata.macTxFrameSuccess)
                  00012129    00000003     --HOLE-- [fill = 0]
                  0001212c    0000000c     drivers_cc13x2.a : Random.om4f (.rodata..L__const.Random_seedAutomatic.hwAttrs)
                  00012138    0000000c     ti_drivers_config.o (.rodata.NVS_config)
                  00012144    0000000c     ti_drivers_config.o (.rodata.RFCC26XX_hwAttrs)
                  00012150    0000000c     ti_drivers_config.o (.rodata.UART_config)
                  0001215c    0000000c     trained_model_compiled.o (.rodata._ZN12_GLOBAL__N_117tensor_dimension0E)
                  00012168    0000000c     trained_model_compiled.o (.rodata._ZN12_GLOBAL__N_117tensor_dimension4E)
                  00012174    0000000c     trained_model_compiled.o (.rodata._ZN12_GLOBAL__N_117tensor_dimension5E)
                  00012180    0000000c     trained_model_compiled.o (.rodata._ZN12_GLOBAL__N_117tensor_dimension6E)
                  0001218c    0000000c     trained_model_compiled.o (.rodata._ZN12_GLOBAL__N_117tensor_dimension7E)
                  00012198    0000000c     trained_model_compiled.o (.rodata._ZN12_GLOBAL__N_117tensor_dimension8E)
                  000121a4    0000000c     trained_model_compiled.o (.rodata._ZN12_GLOBAL__N_117tensor_dimension9E)
                  000121b0    0000000c     trained_model_compiled.o (.rodata._ZN12_GLOBAL__N_118tensor_dimension10E)
                  000121bc    0000000c     trained_model_compiled.o (.rodata._ZN12_GLOBAL__N_16quant0E)
                  000121c8    0000000c     trained_model_compiled.o (.rodata._ZN12_GLOBAL__N_16quant1E)
                  000121d4    0000000c     trained_model_compiled.o (.rodata._ZN12_GLOBAL__N_16quant2E)
                  000121e0    0000000c     trained_model_compiled.o (.rodata._ZN12_GLOBAL__N_16quant3E)
                  000121ec    0000000c     trained_model_compiled.o (.rodata._ZN12_GLOBAL__N_16quant4E)
                  000121f8    0000000c     trained_model_compiled.o (.rodata._ZN12_GLOBAL__N_16quant5E)
                  00012204    0000000c     trained_model_compiled.o (.rodata._ZN12_GLOBAL__N_16quant6E)
                  00012210    0000000c     trained_model_compiled.o (.rodata._ZN12_GLOBAL__N_16quant7E)
                  0001221c    0000000c     trained_model_compiled.o (.rodata._ZN12_GLOBAL__N_16quant8E)
                  00012228    0000000c     trained_model_compiled.o (.rodata._ZN12_GLOBAL__N_16quant9E)
                  00012234    0000000c     trained_model_compiled.o (.rodata._ZN12_GLOBAL__N_17quant10E)
                  00012240    0000000c     drivers_cc13x2.a : GPIOCC26XX.om4f (.rodata.inPinTypes)
                  0001224c    0000000c     maclib_secure_cc13x2.a : hmac_global.o (.rodata.macCbackEventTbl)
                  00012258    0000000c                            : hmac_global.o (.rodata.macSendMsgDataSize)
                  00012264    0000000c     drivers_cc13x2.a : GPIOCC26XX.om4f (.rodata.outPinStrengths)
                  00012270    0000000b     ssf.o (.rodata.str1.4)
                  0001227b    00000001     --HOLE-- [fill = 0]
                  0001227c    0000000a     jdllc.o (.rodata.keyIdLookupList)
                  00012286    00000009     maclib_secure_cc13x2.a : hmac_global.o (.rodata.macCmdLen)
                  0001228f    00000001     --HOLE-- [fill = 0]
                  00012290    00000008     rf_multiMode_cc13x2.am4f : RFCC26X2_multiMode.c.cc13x2.ticlang.o (.rodata..L__const.RF_hwiCpe0Active.activeCmd)
                  00012298    00000008     ti_drivers_config.o (.rodata.AESCCM_config)
                  000122a0    00000008     ti_drivers_config.o (.rodata.I2C_config)
                  000122a8    00000008     jdllc.o (.rodata.Jdllc_keySource)
                  000122b0    00000008     drivers_cc13x2.a : LED.om4f (.rodata.LED_defaultParams)
                  000122b8    00000008     ti_drivers_config.o (.rodata.PINCC26XX_hwAttrs)
                  000122c0    00000008     trained_model_compiled.o (.rodata._ZN12_GLOBAL__N_111quant0_zeroE)
                  000122c8    00000008     trained_model_compiled.o (.rodata._ZN12_GLOBAL__N_111quant1_zeroE)
                  000122d0    00000008     trained_model_compiled.o (.rodata._ZN12_GLOBAL__N_111quant2_zeroE)
                  000122d8    00000008     trained_model_compiled.o (.rodata._ZN12_GLOBAL__N_111quant3_zeroE)
                  000122e0    00000008     trained_model_compiled.o (.rodata._ZN12_GLOBAL__N_111quant4_zeroE)
                  000122e8    00000008     trained_model_compiled.o (.rodata._ZN12_GLOBAL__N_111quant5_zeroE)
                  000122f0    00000008     trained_model_compiled.o (.rodata._ZN12_GLOBAL__N_111quant6_zeroE)
                  000122f8    00000008     trained_model_compiled.o (.rodata._ZN12_GLOBAL__N_111quant7_zeroE)
                  00012300    00000008     trained_model_compiled.o (.rodata._ZN12_GLOBAL__N_111quant8_zeroE)
                  00012308    00000008     trained_model_compiled.o (.rodata._ZN12_GLOBAL__N_111quant9_zeroE)
                  00012310    00000008     trained_model_compiled.o (.rodata._ZN12_GLOBAL__N_112quant0_scaleE)
                  00012318    00000008     trained_model_compiled.o (.rodata._ZN12_GLOBAL__N_112quant10_zeroE)
                  00012320    00000008     trained_model_compiled.o (.rodata._ZN12_GLOBAL__N_112quant1_scaleE)
                  00012328    00000008     trained_model_compiled.o (.rodata._ZN12_GLOBAL__N_112quant2_scaleE)
                  00012330    00000008     trained_model_compiled.o (.rodata._ZN12_GLOBAL__N_112quant3_scaleE)
                  00012338    00000008     trained_model_compiled.o (.rodata._ZN12_GLOBAL__N_112quant4_scaleE)
                  00012340    00000008     trained_model_compiled.o (.rodata._ZN12_GLOBAL__N_112quant5_scaleE)
                  00012348    00000008     trained_model_compiled.o (.rodata._ZN12_GLOBAL__N_112quant6_scaleE)
                  00012350    00000008     trained_model_compiled.o (.rodata._ZN12_GLOBAL__N_112quant7_scaleE)
                  00012358    00000008     trained_model_compiled.o (.rodata._ZN12_GLOBAL__N_112quant8_scaleE)
                  00012360    00000008     trained_model_compiled.o (.rodata._ZN12_GLOBAL__N_112quant9_scaleE)
                  00012368    00000008     trained_model_compiled.o (.rodata._ZN12_GLOBAL__N_112tensor_data3E)
                  00012370    00000008     trained_model_compiled.o (.rodata._ZN12_GLOBAL__N_113quant10_scaleE)
                  00012378    00000008     trained_model_compiled.o (.rodata._ZN12_GLOBAL__N_117tensor_dimension1E)
                  00012380    00000008     trained_model_compiled.o (.rodata._ZN12_GLOBAL__N_117tensor_dimension2E)
                  00012388    00000008     trained_model_compiled.o (.rodata._ZN12_GLOBAL__N_117tensor_dimension3E)
                  00012390    00000008     driverlib.lib : aux_sysif.o (.rodata.cst4)
                  00012398    00000008     maclib_secure_cc13x2.a : mac_rx.o (.rodata.cst4)
                  000123a0    00000008     drivers_cc13x2.a : UARTCC26XX.om4f (.rodata.cst8)
                  000123a8    00000008     main.o (.rodata.cst8)
                  000123b0    00000008     maclib_secure_cc13x2.a : fh_global.o (.rodata.fhSupFrameTypes)
                  000123b8    00000008                            : hmac_global.o (.rodata.macAuthTagLen)
                  000123c0    00000008     ti_drivers_config.o (.rodata.nvsCC26XXHWAttrs)
                  000123c8    00000006     maclib_secure_cc13x2.a : mac_hl_patch.o (.rodata..L__const.macWrapperAddKeyInitFCtr.mtKeyUsageEntry)
                  000123ce    00000006     drivers_cc13x2.a : UARTCC26XX.om4f (.rodata.rxFifoBytes)
                  000123d4    00000006                      : UARTCC26XX.om4f (.rodata.rxFifoThreshold)
                  000123da    00000006                      : UARTCC26XX.om4f (.rodata.txFifoBytes)
                  000123e0    00000006                      : UARTCC26XX.om4f (.rodata.txFifoThreshold)
                  000123e6    00000005     jdllc.o (.rodata.securityLevelEntry)
                  000123eb    00000004     cui.o (.rodata.cst4)
                  000123ef    00000001     --HOLE-- [fill = 0]
                  000123f0    00000004     app_pm4f.om4f (.rodata.heap0)
                  000123f4    00000004     maclib_secure_cc13x2.a : hmac_global.o (.rodata.macKeySourceLen)

.cinit     0    00026160    00000498     
                  00026160    0000042d     (.cinit..data.load) [load image, compression = lzss]
                  0002658d    00000003     --HOLE-- [fill = 0]
                  00026590    0000000c     (__TI_handler_table)
                  0002659c    00000004     --HOLE-- [fill = 0]
                  000265a0    00000008     (.cinit..bss.load) [load image, compression = zero_init]
                  000265a8    00000008     (.cinit..data:RAM_MAC_BASE_ADDR.load) [load image, compression = zero_init]
                  000265b0    00000008     (.cinit..data:xdcRomConstPtr.load) [load image, compression = lzss]
                  000265b8    00000008     (.cinit..data:xdcRomExternFuncPtr.load) [load image, compression = lzss]
                  000265c0    00000008     (.cinit..data:xdcRomStatePtr.load) [load image, compression = lzss]
                  000265c8    00000030     (__TI_cinit_table)

.init_array 
*          0    0000003c    00000004     
                  0000003c    00000004     trained_model_compiled.o (.init_array)

.TI.bound:flashBuf0 
*          0    00052000    00004000     UNINITIALIZED
                  00052000    00004000     ti_drivers_config.o (.TI.bound:flashBuf0)

.ccfg      0    00057fa8    00000058     
                  00057fa8    00000058     ti_devices_config.o (.ccfg)

.data:xdcRomConstPtr 
*          0    20000100    00000004     UNINITIALIZED
                  20000100    00000004     app_pm4f.om4f (.data:xdcRomConstPtr)

.data:xdcRomExternFuncPtr 
*          0    20000104    00000004     UNINITIALIZED
                  20000104    00000004     app_pm4f.om4f (.data:xdcRomExternFuncPtr)

.data:xdcRomStatePtr 
*          0    20000108    00000004     UNINITIALIZED
                  20000108    00000004     app_pm4f.om4f (.data:xdcRomStatePtr)

.data      0    20000120    000012bc     UNINITIALIZED
                  20000120    00000170     drivers_cc13x2.a : PowerCC26X2.om4f (.data.PowerCC26X2_module)
                  20000290    0000010c     app_pm4f.om4f (.data:ROM_stateStruct)
                  2000039c    00000108     trained_model_compiled.o (.data._ZN12_GLOBAL__N_110tensorDataE)
                  200004a4    000000a0     mac_cfg.o (.data.macMRFSKGenPhyTable)
                  20000544    00000088     libc.a : aeabi_atexit.c.obj (.data.atexit_register.__atexit0)
                  200005cc    0000007c     drivers_cc13x2.a : PINCC26XX.om4f (.data..L_MergedGlobals.1)
                  20000648    00000078     sensor.o (.data..L_MergedGlobals)
                  200006c0    00000074     cui.o (.data..L_MergedGlobals.23)
                  20000734    00000074     ssf.o (.data..L_MergedGlobals.39)
                  200007a8    00000074     jdllc.o (.data..L_MergedGlobals)
                  2000081c    0000006c     cui.o (.data..L_MergedGlobals.22)
                  20000888    0000006c     ssf.o (.data..L_MergedGlobals.40)
                  200008f4    0000006c     maclib_secure_cc13x2.a : hmac_global.o (.data.fhObject)
                  20000960    00000068     rf_multiMode_cc13x2.am4f : RFCC26X2_multiMode.c.cc13x2.ticlang.o (.data..L_MergedGlobals.1)
                  200009c8    00000064                              : RFCC26X2_multiMode.c.cc13x2.ticlang.o (.data..L_MergedGlobals.3)
                  20000a2c    00000064     ti_radio_config.o (.data.txPowerTable_868_pa13)
                  20000a90    0000005c     trained_model_compiled.o (.data..L_MergedGlobals)
                  20000aec    0000005c     main.o (.data.Main_user1Cfg)
                  20000b48    00000058     rf_multiMode_cc13x2.am4f : RFCC26X2_multiMode.c.cc13x2.ticlang.o (.data..L_MergedGlobals.2)
                  20000ba0    00000054     maclib_secure_cc13x2.a : fh_global.o (.data.FHIE_channelPlan)
                  20000bf4    0000004c     app_pm4f.om4f (.data.ti_sysbios_knl_Task_Object__table__V)
                  20000c40    00000048     macTask.o (.data..L_MergedGlobals.2)
                  20000c88    00000048     sensor.o (.data.Sensor_macCallbacks)
                  20000cd0    00000048     jdllc.o (.data.macCallbacksCopy)
                  20000d18    00000048     app_pm4f.om4f (.data.ti_sysbios_family_arm_cc26xx_Timer_Object__table__V)
                  20000d60    00000041     ssf.o (.data..L_MergedGlobals)
                  20000da1    00000003     maclib_secure_cc13x2.a : mac_tx.o (.data..L_MergedGlobals)
                  20000da4    00000040     ssf.o (.data.configureSubMenu)
                  20000de4    00000040     ssf.o (.data.ssfMainMenu)
                  20000e24    0000003d     cui.o (.data..L_MergedGlobals)
                  20000e61    00000001     cui.o (.data.CUI_statusLinePrintf.refreshCharIdx)
                  20000e62    00000002     app_pm4f.om4f (.data.ti_sysbios_family_arm_m3_Hwi_Module_State_0_excActive__A)
                  20000e64    00000038     drivers_cc13x2.a : TRNGCC26XX.om4f (.data..L_MergedGlobals.1)
                  20000e9c    00000038     app_pm4f.om4f (.data.ti_sysbios_gates_GateMutex_Object__table__V)
                  20000ed4    00000034     ssf.o (.data.commissionSubMenu)
                  20000f08    00000034     maclib_secure_cc13x2.a : hmac_global.o (.data.macBeaconPayload)
                  20000f3c    00000030     drivers_cc13x2.a : GPIOCC26XX.om4f (.data..L_MergedGlobals.1)
                  20000f6c    00000004     libc.a : aeabi_portable.c.obj (.data.__aeabi_errno)
                  20000f70    00000030     drivers_cc13x2.a : TRNGCC26XX.om4f (.data..L_MergedGlobals)
                  20000fa0    00000030     app_pm4f.om4f (.data.ti_sysbios_knl_Swi_Module_State_0_readyQ__A)
                  20000fd0    00000030     app_pm4f.om4f (.data.ti_sysbios_knl_Swi_Object__table__V)
                  20001000    00000030     app_pm4f.om4f (.data.ti_sysbios_knl_Task_Module_State_0_readyQ__A)
                  20001030    00000028     nvocmp.o (.data..L_MergedGlobals.1)
                  20001058    00000028     ssf.o (.data.appSubMenu)
                  20001080    00000024     maclib_secure_cc13x2.a : hmac_global.o (.data.macActionSet)
                  200010a4    00000024     ti_radio_config.o (.data.pOverrides_2gfsk50kbps154g)
                  200010c8    00000020     maclib_secure_cc13x2.a : mac.o (.data..L_MergedGlobals)
                  200010e8    00000020     mac_cfg.o (.data.macBeaconMargin)
                  20001108    00000020     app_pm4f.om4f (.data.ti_sysbios_knl_Clock_Object__table__V)
                  20001128    00000020     app_pm4f.om4f (.data.xdc_runtime_Error_IgnoreBlock)
                  20001148    00000018     app_pm4f.om4f (.data.ti_sysbios_family_arm_m3_Hwi_Object__table__V)
                  20001160    00000015     maclib_secure_cc13x2.a : mac_rx.o (.data..L_MergedGlobals)
                  20001175    00000001     main.o (.data.Main_assertReason)
                  20001176    00000001     nvocmp.o (.data.NVOCMP_failF)
                  20001177    00000001     maclib_secure_cc13x2.a : lmac_global.o (.data.bInSwi)
                  20001178    00000014     maclib_osal_tirtos_cc13x2_26x2.a : osal_port.o (.data..L_MergedGlobals)
                  2000118c    00000014     maclib_secure_cc13x2.a : hmac_global.o (.data.macStateTbl)
                  200011a0    00000014     main.o (.data.macUser0Cfg)
                  200011b4    00000010     sensor.o (.data..L_MergedGlobals.2)
                  200011c4    00000010     macTask.o (.data..L_MergedGlobals)
                  200011d4    00000010     ti_drivers_config.o (.data..L_MergedGlobals)
                  200011e4    00000010     mac_settings.o (.data.RF_cmdNop)
                  200011f4    00000010     mac_settings.o (.data.RF_cmdNopFg)
                  20001204    00000010     ti_radio_config.o (.data.RF_prop_2gfsk50kbps154g)
                  20001214    00000010     ti_drivers_config.o (.data.gpioCallbackFunctions)
                  20001224    00000010     ti_drivers_config.o (.data.gpioPinConfigs)
                  20001234    00000010     mac_cfg.o (.data.macCfg)
                  20001244    0000000c     maclib_osal_tirtos_cc13x2_26x2.a : osal_port.o (.data..L_MergedGlobals.1)
                  20001250    0000000c     drivers_cc13x2.a : GPIOCC26XX.om4f (.data..L_MergedGlobals)
                  2000125c    0000000c                      : NVSCC26XX.om4f (.data..L_MergedGlobals)
                  20001268    0000000c     maclib_secure_cc13x2.a : fh_global.o (.data.FH_FSM)
                  20001274    0000000c     app_pm4f.om4f (.data.ti_sysbios_heaps_HeapCallback_Object__table__V)
                  20001280    00000008     maclib_osal_tirtos_cc13x2_26x2.a : osal_port_timers.o (.data..L_MergedGlobals.1)
                  20001288    00000008     maclib_secure_cc13x2.a : mac.o (.data..L_MergedGlobals.1)
                  20001290    00000008                            : mac_radio.o (.data..L_MergedGlobals.1)
                  20001298    00000008     drivers_cc13x2.a : PINCC26XX.om4f (.data..L_MergedGlobals)
                  200012a0    00000008     ina228.o (.data..L_MergedGlobals)
                  200012a8    00000008     libc.a : exit.c.obj (.data..L_MergedGlobals)
                  200012b0    00000008     maclib_osal_tirtos_cc13x2_26x2.a : osal_port_timers.o (.data..L_MergedGlobals)
                  200012b8    00000008     maclib_secure_cc13x2.a : mac_radio.o (.data..L_MergedGlobals)
                  200012c0    00000008                            : mac_radio_tx.o (.data..L_MergedGlobals)
                  200012c8    00000008     rf_multiMode_cc13x2.am4f : RFCC26X2_multiMode.c.cc13x2.ticlang.o (.data..L_MergedGlobals)
                  200012d0    00000008     maclib_secure_cc13x2.a : fh_global.o (.data.FH_txTiming)
                  200012d8    00000008     rf_multiMode_cc13x2.am4f : RFCC26X2_multiMode.c.cc13x2.ticlang.o (.data.RFCC26XX_schedulerPolicy)
                  200012e0    00000008     app_pm4f.om4f (.data.ti_sysbios_family_arm_m3_Hwi_Module__root__V)
                  200012e8    00000008     app_pm4f.om4f (.data.ti_sysbios_gates_GateHwi_Module__root__V)
                  200012f0    00000008     app_pm4f.om4f (.data.ti_sysbios_gates_GateMutexPri_Module__root__V)
                  200012f8    00000008     app_pm4f.om4f (.data.ti_sysbios_gates_GateMutex_Module__root__V)
                  20001300    00000008     app_pm4f.om4f (.data.ti_sysbios_hal_Hwi_Module__root__V)
                  20001308    00000008     app_pm4f.om4f (.data.ti_sysbios_heaps_HeapCallback_Module__root__V)
                  20001310    00000008     app_pm4f.om4f (.data.ti_sysbios_heaps_HeapMem_Module__root__V)
                  20001318    00000008     app_pm4f.om4f (.data.ti_sysbios_knl_Clock_Module__root__V)
                  20001320    00000008     app_pm4f.om4f (.data.ti_sysbios_knl_Event_Module__root__V)
                  20001328    00000008     app_pm4f.om4f (.data.ti_sysbios_knl_Mailbox_Module__root__V)
                  20001330    00000008     app_pm4f.om4f (.data.ti_sysbios_knl_Queue_Module__root__V)
                  20001338    00000008     app_pm4f.om4f (.data.ti_sysbios_knl_Semaphore_Module__root__V)
                  20001340    00000008     app_pm4f.om4f (.data.ti_sysbios_knl_Swi_Module__root__V)
                  20001348    00000008     app_pm4f.om4f (.data.ti_sysbios_knl_Task_Module__root__V)
                  20001350    00000006     maclib_secure_cc13x2.a : mac_hl_patch.o (.data..L_MergedGlobals)
                  20001356    00000001     rf_multiMode_cc13x2.am4f : rf_patch_cpe_prop.c.cc13x2.ticlang.o (.data.bPropPatchEntered)
                  20001357    00000001     maclib_secure_cc13x2.a : hmac_global.o (.data.csmPhy)
                  20001358    00000004     libc.a : exit.c.obj (.data.__dso_handle)
                  2000135c    00000004     app_pm4f.om4f (.data.__xdc__init__addr)
                  20001360    00000004     libc.a : _lock.c.obj (.data._lock)
                  20001364    00000004            : _lock.c.obj (.data._unlock)
                  20001368    00000004     api_mac.o (.data.appEvents)
                  2000136c    00000004     drivers_cc13x2.a : GPIOCC26XX.om4f (.data.configIntsEnabledMask)
                  20001370    00000004     maclib_secure_cc13x2.a : fh_global.o (.data.macAddrSize)
                  20001374    00000004                            : mac_tx.o (.data.macCsmaRtcTimerId)
                  20001378    00000004                            : hmac_global.o (.data.macDataBeaconRequeue)
                  2000137c    00000004                            : hmac_global.o (.data.macDataCheckSched)
                  20001380    00000004                            : hmac_global.o (.data.macDataCheckTxTime)
                  20001384    00000004                            : hmac_global.o (.data.macDataRequeueIndirect)
                  20001388    00000004                            : hmac_global.o (.data.macDataRxBeaconCritical)
                  2000138c    00000004                            : hmac_global.o (.data.macDataSetSched)
                  20001390    00000004                            : hmac_global.o (.data.macDataTxBeaconComplete)
                  20001394    00000004                            : hmac_global.o (.data.macDataTxIndirect)
                  20001398    00000004                            : mac.o (.data.macNopBackoffRtcTimerId)
                  2000139c    00000004                            : mac_symbol_timer.o (.data.macSymbolWakeupClock)
                  200013a0    00000004     macTask.o (.data.macTaskEvents)
                  200013a4    00000004     maclib_osal_tirtos_cc13x2_26x2.a : osal_port.o (.data.macTasksEvents)
                  200013a8    00000004     maclib_secure_cc13x2.a : hmac_global.o (.data.macTimerNewRollover)
                  200013ac    00000004                            : hmac_global.o (.data.macTimerRollover)
                  200013b0    00000004     api_mac.o (.data.pMacCallbacks)
                  200013b4    00000004     maclib_secure_cc13x2.a : hmac_global.o (.data.pMacDataTx)
                  200013b8    00000004                            : mac_radio_tx.o (.data.pMacEnhancedAck)
                  200013bc    00000004                            : mac_mcu.o (.data.pRandomSeedCB)
                  200013c0    00000004     app_pm4f.om4f (.data.ti_sysbios_family_arm_m3_Hwi_Module_State_0_excContext__A)
                  200013c4    00000004     app_pm4f.om4f (.data.ti_sysbios_family_arm_m3_Hwi_Module_State_0_excStack__A)
                  200013c8    00000004     app_pm4f.om4f (.data.ti_sysbios_knl_Task_Module_State_0_idleTask__A)
                  200013cc    00000001     drivers_cc13x2.a : AESCCMCC26XX.om4f (.data.isInitialized)
                  200013cd    00000001                      : CryptoResourceCC26XX.om4f (.data.isInitialized)
                  200013ce    00000001                      : NVS.om4f (.data.isInitialized)
                  200013cf    00000001                      : PWM.om4f (.data.isInitialized)
                  200013d0    00000001                      : UART.om4f (.data.isInitialized)
                  200013d1    00000001     maclib_secure_cc13x2.a : lmac_global.o (.data.macRadioYielded)
                  200013d2    00000001                            : mac_sleep.o (.data.macSleepState)
                  200013d3    00000001                            : mac_autopend.o (.data.macSrcMatchIsAckAllPending)
                  200013d4    00000001                            : lmac_global.o (.data.macSrcMatchIsEnabled)
                  200013d5    00000001                            : mac.o (.data.macTxCmdActive)
                  200013d6    00000001                            : lmac_global.o (.data.macTxSlottedDelay)
                  200013d7    00000001                            : mac_tx.o (.data.macTxSlottedDelayFactor)
                  200013d8    00000001                            : mac_tx.o (.data.npdb)
                  200013d9    00000001                            : mac_tx.o (.data.numTx)
                  200013da    00000001                            : mac.o (.data.reqAccessAlloc)
                  200013db    00000001     ti_drivers_config.o (.data.rfDriverCallbackAntennaSwitching.initialized)

.bss       0    200013e0    00002e67     UNINITIALIZED
                  200013e0    00000800     main.o (.bss.appTaskStack)
                  20001be0    00000800     macTask.o (.bss.macTaskStack)
                  200023e0    000002c0     rf_multiMode_cc13x2.am4f : RFCC26X2_multiMode.c.cc13x2.ticlang.o (.bss.RF_cmdPool)
                  200026a0    00000200     cui.o (.bss.gRingBuff)
                  200028a0    00000200     app_pm4f.om4f (.bss:taskStackSection)
                  20002aa0    000001bc     (.common:uartCC26XXObjects)
                  20002c5c    000001a5     (.common:menuBuff)
                  20002e01    00000001     main.o (.bss._macTaskId)
                  20002e02    00000002     maclib_secure_cc13x2.a : mac_radio.o (.bss.macSavedPanID)
                  20002e04    00000168     (.common:taskTbl)
                  20002f6c    0000014c     (.common:i2cCC26xxObjects)
                  200030b8    000000fa     (.common:enhancedAckBuf)
                  200031b2    00000006     (.common:FHNT_Dbg)
                  200031b8    000000f8                            : mac_radio.o (.bss.RF_object)
                  200032b0    000000d8     (.common:ti_sysbios_family_arm_m3_Hwi_dispatchTable)
                  20003388    000000b8     (.common:LEDObjects)
                  20003440    0000008c     (.common:FHPIB_db)
                  200034cc    00000088     (.common:FH_hnd)
                  20003554    00000088     (.common:macPib)
                  200035dc    0000007c     (.common:pinHandleTable)
                  20003658    0000007a     (.common:FHNT_tableOpt)
                  200036d2    00000002     (.common:macRxDataEntryOffset)
                  200036d4    00000004     libc.a : aeabi_atexit.c.obj (.bss.__atexit)
                  200036d8    00000068     rf_multiMode_cc13x2.am4f : RFCC26X2_multiMode.c.cc13x2.ticlang.o (.bss.RF_ratModule)
                  20003740    00000054     (.common:macScan)
                  20003794    00000050     cui.o (.bss.gMenuSemStruct)
                  200037e4    00000050     cui.o (.bss.gStatusSemStruct)
                  20003834    00000050     cui.o (.bss.gUartSemStruct)
                  20003884    00000050     drivers_cc13x2.a : PINCC26XX.om4f (.bss.pinSemaphore)
                  200038d4    00000050     (.common:ButtonObjects)
                  20003924    00000050     (.common:CryptoResourceCC26XX_accessSemaphore)
                  20003974    00000050     (.common:CryptoResourceCC26XX_operationSemaphore)
                  200039c4    00000050     (.common:appTask)
                  20003a14    00000050     (.common:macTask)
                  20003a64    0000004c     (.common:cuiMultiMenuData)
                  20003ab0    00000044     rf_multiMode_cc13x2.am4f : RFCC26X2_multiMode.c.cc13x2.ticlang.o (.bss.RF_clkInactivityObj)
                  20003af4    00000044                              : RFCC26X2_multiMode.c.cc13x2.ticlang.o (.bss.RF_clkPowerUpObj)
                  20003b38    00000042     (.common:FHFSM_Dbg)
                  20003b7a    00000002     (.common:macTxCsmaBackoffDelay)
                  20003b7c    00000004     api_mac.o (.bss.appSemHandle)
                  20003b80    00000040     (.common:RF_cmdIEEERx)
                  20003bc0    00000040     (.common:macSecurityPib)
                  20003c00    0000003c     rf_multiMode_cc13x2.am4f : RFCC26X2_multiMode.c.cc13x2.ticlang.o (.bss.RF_swiHwObj)
                  20003c3c    0000003c     (.common:macBeaconCoord)
                  20003c78    00000038     (.common:FHNT_hnd)
                  20003cb0    00000038     (.common:macDeviceAction1)
                  20003ce8    00000034     (.common:macBeaconDevice)
                  20003d1c    00000030     (.common:RF_cmdPropRadioDivSetup)
                  20003d4c    00000030     (.common:RF_cmdPropRxAdv)
                  20003d7c    00000030     (.common:macMgmtAction1)
                  20003dac    00000030     (.common:macSrcExtAddrList)
                  20003ddc    0000002e     (.common:NVOCMP_nvHandle)
                  20003e0a    00000002     (.common:rxCmdHandle)
                  20003e0c    0000002c     (.common:macCoord)
                  20003e38    0000002c     (.common:macDevice)
                  20003e64    00000020     ti_drivers_config.o (.bss.uartCC26XXRingBuffer0)
                  20003e84    00000020     (.common:RF_cmdIEEECsma)
                  20003ea4    00000020     (.common:RF_cmdPropTxAdv)
                  20003ec4    00000020     (.common:RF_cmdRadioSetup)
                  20003ee4    00000020     (.common:RF_params)
                  20003f04    00000020     (.common:macBeacon)
                  20003f24    0000001c     (.common:CryptoResourceCC26XX_hwi)
                  20003f40    0000001c     (.common:RF_cmdPropCs)
                  20003f5c    0000001c     (.common:RF_cmdPropCsSlotted)
                  20003f78    0000001c     (.common:appSem)
                  20003f94    0000001c     (.common:macCoordAction2)
                  20003fb0    0000001c     (.common:macReset)
                  20003fcc    0000001c     (.common:macSem)
                  20003fe8    0000001c     (.common:macSrcShortAddrList)
                  20004004    00000018     (.common:RF_cmdFsRx)
                  2000401c    00000018     (.common:RF_cmdFsTx)
                  20004034    00000018     (.common:RF_cmdIEEETx)
                  2000404c    00000018     (.common:aesccmCC26XXObjects)
                  20004064    00000018     (.common:macScanAction)
                  2000407c    00000014     maclib_secure_cc13x2.a : mac_symbol_timer.o (.bss.macSymbolPwrNotifyObj)
                  20004090    00000014     drivers_cc13x2.a : Random.om4f (.bss.state)
                  200040a4    00000014     (.common:RF_cmdRxAckCmd)
                  200040b8    00000014     (.common:macAckDbg)
                  200040cc    00000014     (.common:macDeviceAction2)
                  200040e0    00000014     (.common:macMgmtAction2)
                  200040f4    00000010     driverlib.lib : osc.o (.bss._hposcCoeffs)
                  20004104    00000010     (.common:macBeaconDeviceAction)
                  20004114    00000010     (.common:macCoordAction3)
                  20004124    00000010     (.common:macData)
                  20004134    00000010     (.common:macDataTxDelay)
                  20004144    00000010     (.common:macFrmFilter)
                  20004154    00000010     (.common:macRxOutputIeee)
                  20004164    0000000c     (.common:macMain)
                  20004170    0000000c     (.common:macRxOutputSubG)
                  2000417c    0000000a     (.common:FH_PibTbl)
                  20004186    00000008     (.common:ApiMac_extAddr)
                  2000418e    00000002     (.common:txCmdHandle)
                  20004190    00000008     (.common:FHNT_tempTable)
                  20004198    00000008     (.common:macBeaconCoordAction1)
                  200041a0    00000008     (.common:macCoordAction1)
                  200041a8    00000008     (.common:macRxDataEntryQueue)
                  200041b0    00000004                   : osc.o (.bss.oscHfGlobals.0)
                  200041b4    00000004                   : osc.o (.bss.oscHfGlobals.2)
                  200041b8    00000004                   : osc.o (.bss.oscHfGlobals.3)
                  200041bc    00000004                   : osc.o (.bss.oscHfGlobals.4)
                  200041c0    00000004     (.common:AESCCM_handle)
                  200041c4    00000004     (.common:FH_test_var)
                  200041c8    00000004     (.common:HEAPMGR_SIZE)
                  200041cc    00000004     (.common:PowerCC26XX_swiKey)
                  200041d0    00000004     (.common:PowerCC26XX_taskKey)
                  200041d4    00000004     (.common:eiDataStatusLine)
                  200041d8    00000004     (.common:eiInferStatusLine)
                  200041dc    00000004     (.common:macCryptoDrvTblPtr)
                  200041e0    00000004     (.common:macPhyTxPower)
                  200041e4    00000004     (.common:macPrevPeriodRatCount)
                  200041e8    00000004     (.common:macRfDrvTblPtr)
                  200041ec    00000004     (.common:macRxSymbol)
                  200041f0    00000004     (.common:macSymbolTimerRollover)
                  200041f4    00000004     (.common:macSymbolTimerTrigger)
                  200041f8    00000004     (.common:macTimerActive)
                  200041fc    00000004     (.common:macTxTimestamp)
                  20004200    00000004     (.common:pClockHandleEDScan)
                  20004204    00000004     (.common:pMacRadioConfig)
                  20004208    00000004     (.common:pMaxPower)
                  2000420c    00000004     (.common:pRfMode)
                  20004210    00000004     (.common:pRfPowerTable)
                  20004214    00000004     (.common:rxRadioBufferPtr)
                  20004218    00000004     (.common:sensorStatusLine)
                  2000421c    00000004     (.common:ssfCuiHndl)
                  20004220    00000004     (.common:timerAlignedQ)
                  20004224    00000004     (.common:timerUnalignedQ)
                  20004228    00000001     maclib_secure_cc13x2.a : mac_symbol_timer.o (.bss.macSymbolTimerEvents)
                  20004229    00000001                            : mac_radio.o (.bss.radioInitFlag)
                  2000422a    00000001     (.common:AppTaskId)
                  2000422b    00000001     (.common:NVOCMP_size)
                  2000422c    00000001     (.common:appTaskId)
                  2000422d    00000001     (.common:driverlib_release_0_60278)
                  2000422e    00000001     (.common:gAction)
                  2000422f    00000001     (.common:macAckTxActive)
                  20004230    00000001     (.common:macMgmt)
                  20004231    00000001     (.common:macPanCoordinator)
                  20004232    00000001     (.common:macPhyChannel)
                  20004233    00000001     (.common:macPwr)
                  20004234    00000001     (.common:macRxActive)
                  20004235    00000001     (.common:macRxEnableFlags)
                  20004236    00000001     (.common:macRxFilter)
                  20004237    00000001     (.common:macRxOutgoingAckFlag)
                  20004238    00000001     (.common:macSpecUsecsPerSymbol)
                  20004239    00000001     (.common:macSrcResIndex)
                  2000423a    00000001     (.common:macSymbolTimerImpending)
                  2000423b    00000001     (.common:macTaskId)
                  2000423c    00000001     (.common:macTxActive)
                  2000423d    00000001     (.common:macTxBe)
                  2000423e    00000001     (.common:macTxGpInterframeDelay)
                  2000423f    00000001     (.common:macTxType)
                  20004240    00000001     (.common:macUnitBackoffPeriod)
                  20004241    00000001     (.common:nvsCC26XXObjects)
                  20004242    00000001     (.common:rxFhRsl)
                  20004243    00000001     (.common:rxPromiscuousMode)
                  20004244    00000001     (.common:rxSeqNum)
                  20004245    00000001     (.common:txAckReq)
                  20004246    00000001     (.common:txSeqn)

.vtable    0    20004247    00000000     UNINITIALIZED

.vtable_ram 
*          0    20004247    00000000     UNINITIALIZED

vtable_ram 
*          0    20004247    00000000     UNINITIALIZED

.sysmem    0    20004247    00000000     UNINITIALIZED

.nonretenvar 
*          0    20004247    00000000     UNINITIALIZED

.stack     0    20013aa0    00000560     UNINITIALIZED
                  20013aa0    00000004     startup.am4f : boot_cortex_m.om4f (.stack)
                  20013aa4    0000055c     --HOLE--

.bootVecs 
*          0    00000000    00000000     DSECT

.resetVecs 
*          0    00000000    0000003c     
                  00000000    0000003c     app_pm4f.om4f (.resetVecs)

.vecs      0    20000000    000000d8     NOLOAD SECTION
                  20000000    000000d8     app_pm4f.om4f (.vecs)

xdc.meta   0    00000000    00000104     COPY SECTION
                  00000000    00000104     app_pm4f.om4f (xdc.meta)

xdc.noload 
*          0    00000000    00000000     COPY SECTION

.data:RAM_MAC_BASE_ADDR 
*          0    2000010c    00000010     UNINITIALIZED
                  2000010c    00000010     maclib_secure_cc13x2.a : rom_init_154.o (.data:RAM_MAC_BASE_ADDR)

.ARM.exidx 
*          0    000265f8    00000008     
                  000265f8    00000008     (.ARM.exidx.text.CUI_processMenuUpdate:cui.o)

.text.1    0    00012938    00013828     
                  00012938    000002e0     cui.o (.text.CUI_processMenuUpdate)
                  00012c18    000002d4     sensor.o (.text.dataIndCB)
                  00012eec    000002ac     nvocmp.o (.text.NVOCMP_initNvApi)
                  00013198    000002ac     maclib_secure_cc13x2.a : mac.o (.text.macRxCb)
                  00013444    000002a0     nvocmp.o (.text.NVOCMP_compactPage)
                  000136e4    0000027c     maclib_secure_cc13x2.a : mac_radio_tx.o (.text.macRadioCsmaTxCb)
                  00013960    00000278     drivers_cc13x2.a : PowerCC26X2_calibrateRCOSC.om4f (.text.PowerCC26X2_auxISR)
                  00013bd8    00000254     macTask.o (.text.macTaskFxn)
                  00013e2c    00000230     jdllc.o (.text.Jdllc_process)
                  0001405c    00000220     maclib_secure_cc13x2.a : mac_radio.o (.text.macRadioInitSubG)
                  0001427c    00000218     rf_multiMode_cc13x2.am4f : RFCC26X2_multiMode.c.cc13x2.ticlang.o (.text.RF_open)
                  00014494    00000210     maclib_secure_cc13x2.a : mac.o (.text.macSendReceiveCmdSubG)
                  000146a4    000001f8     drivers_cc13x2.a : PINCC26XX.om4f (.text.PIN_init)
                  0001489c    000001f8                      : UARTCC26XX.om4f (.text.UARTCC26XX_open)
                  00014a94    000001f0     trained_model_compiled.o (.text._GLOBAL__sub_I_trained_model_compiled.cpp)
                  00014c84    000001e8     maclib_secure_cc13x2.a : mac_radio_tx.o (.text.macRadioTxRequestTxAck)
                  00014e6c    000001e4     ssf.o (.text.setChMaskAction)
                  00015050    000001e0     nvocmp.o (.text.NVOCMP_addItem)
                  00015230    000001dc     rf_multiMode_cc13x2.am4f : RFCC26X2_multiMode.c.cc13x2.ticlang.o (.text.RF_scheduleCmd)
                  0001540c    000001d4     mac_settings.o (.text.rfSetConfigSubG)
                  000155e0    000001d4     ssf.o (.text.setNwkKeyAction)
                  000157b4    000001d0     maclib_secure_cc13x2.a : mac_tx.o (.text.macTxFrame)
                  00015984    000001c8                            : mac_hl_patch.o (.text.macWrapperAddKeyInitFCtr)
                  00015b4c    000001bc     rf_multiMode_cc13x2.am4f : RFCC26X2_multiMode.c.cc13x2.ticlang.o (.text.RF_dispatchNextCmd)
                  00015d08    000001a4     cui.o (.text.CUI_registerMenu)
                  00015eac    000001a0     maclib_secure_cc13x2.a : mac.o (.text.macSendReceiveCmdIeee)
                  0001604c    0000019c                            : mac_hl_patch.o (.text.macWrapperDeleteKeyAndAssociatedDevices)
                  000161e8    00000198                            : mac_hl_patch.o (.text.macIncomingFrameSecurityMaterialRetrieval)
                  00016380    00000188                            : mac_hl_patch.o (.text.macIncomingFrameSecurity)
                  00016508    00000188                            : mac_hl_patch.o (.text.macRxBeaconCritical)
                  00016690    00000178     ssf.o (.text.Ssf_init)
                  00016808    00000174     drivers_cc13x2.a : I2CCC26XX.om4f (.text.I2C_open)
                  0001697c    00000174                      : PowerCC26X2.om4f (.text.Power_sleep)
                  00016af0    00000174     maclib_secure_cc13x2.a : mac_hl_patch.o (.text.macWrapperDeleteDevice)
                  00016c64    0000016c     drivers_cc13x2.a : AESCCMCC26XX.om4f (.text.AESCCM_startOperation)
                  00016dd0    00000168                      : PowerCC26X2_calibrateRCOSC.om4f (.text.PowerCC26X2_calibrate)
                  00016f38    0000015e                      : Button.om4f (.text.Button_clockTimeoutHandler)
                  00017096    00000002     ti_drivers_config.o (.text.Board_initHook)
                  00017098    0000014c     libc.a : strtol.c.obj (.text.strtol)
                  000171e4    0000014c     maclib_secure_cc13x2.a : mac_tx.o (.text.txCsmaDelay)
                  00017330    00000144                            : mac_radio_tx.o (.text.macRadioLbtTxCb)
                  00017474    00000140     cui.o (.text.CUI_init)
                  000175b4    00000140     rf_multiMode_cc13x2.am4f : RFCC26X2_multiMode.c.cc13x2.ticlang.o (.text.RF_radioOpDoneCb)
                  000176f4    00000138     drivers_cc13x2.a : PowerCC26X2.om4f (.text.Power_init)
                  0001782c    00000134     rf_multiMode_cc13x2.am4f : RFCC26X2_multiMode.c.cc13x2.ticlang.o (.text.RF_fsmSetupState)
                  00017960    00000134                              : RFCC26X2_multiMode.c.cc13x2.ticlang.o (.text.RF_ratSetupChannel)
                  00017a94    00000134     drivers_cc13x2.a : UARTCC26XX.om4f (.text.UARTCC26XX_hwiIntFxn)
                  00017bc8    00000134     ssf.o (.text.setPanIdAction)
                  00017cfc    0000012c     driverlib.lib : aes.o (.text.NOROM_AESWriteToKeyStore)
                  00017e28    0000012c     maclib_secure_cc13x2.a : mac_radio.o (.text.macRadioInitIeee)
                  00017f54    00000128     cui.o (.text.CUI_statusLinePrintf)
                  0001807c    00000128     nvocmp.o (.text.NVOCMP_findItem)
                  000181a4    00000128     drivers_cc13x2.a : TRNGCC26XX.om4f (.text.TRNGCC26XX_hwiFxn)
                  000182cc    00000126                      : I2C.om4f (.text.I2C_transferTimeout)
                  000183f2    00000124                      : UARTCC26XX.om4f (.text.UARTCC26XX_read)
                  00018516    00000002                      : I2C.om4f (.text.I2C_init)
                  00018518    00000120     maclib_secure_cc13x2.a : mac_hl_patch.o (.text.macWrapperDeleteAllDevices)
                  00018638    0000011c     drivers_cc13x2.a : Button.om4f (.text.Button_open)
                  00018754    0000011c     rf_multiMode_cc13x2.am4f : RFCC26X2_multiMode.c.cc13x2.ticlang.o (.text.RF_close)
                  00018870    0000011c     ti_drivers_config.o (.text.rfDriverCallbackAntennaSwitching)
                  0001898c    00000118     rf_multiMode_cc13x2.am4f : RFCC26X2_multiMode.c.cc13x2.ticlang.o (.text.RF_abortCmd)
                  00018aa4    00000118                              : RFCC26X2_multiMode.c.cc13x2.ticlang.o (.text.RF_decodeOverridePointers)
                  00018bbc    00000118     maclib_secure_cc13x2.a : mac_hl_patch.o (.text.macScanNextChan)
                  00018cd4    00000114     drivers_cc13x2.a : PINCC26XX.om4f (.text.PINCC26XX_setIoCfg)
                  00018de8    00000110                      : LED.om4f (.text.LED_open)
                  00018ef8    00000108                      : NVSCC26XX.om4f (.text.NVSCC26XX_write)
                  00019000    00000108     jdllc.o (.text.assocCnfCb)
                  00019108    00000108     sensor.o (.text.dataCnfCB)
                  00019210    00000104     rf_multiMode_cc13x2.am4f : RFCC26X2_multiMode.c.cc13x2.ticlang.o (.text.RF_fsmPowerUpState)
                  00019314    00000100     drivers_cc13x2.a : GPIOCC26XX.om4f (.text.GPIO_setConfig)
                  00019414    000000fc     rf_multiMode_cc13x2.am4f : RFCC26X2_multiMode.c.cc13x2.ticlang.o (.text.RF_hwiCpe0Active)
                  00019510    000000fc     drivers_cc13x2.a : PowerCC26X2.om4f (.text.configureXOSCHF)
                  0001960c    000000f8                      : TRNGCC26XX.om4f (.text.TRNG_getRandom)
                  00019704    000000f8     maclib_secure_cc13x2.a : mac_tx.o (.text.macTxChannelBusyCallback)
                  000197fc    000000f4     cui.o (.text.CUI_statusLineResourceRequest)
                  000198f0    000000f4     driverlib.lib : sys_ctrl.o (.text.NOROM_SysCtrlStandby)
                  000199e4    000000f4     sensor.o (.text.Sensor_sendMsg)
                  00019ad8    000000f4     maclib_secure_cc13x2.a : mac_hl_patch.o (.text.macBuildDataFrame)
                  00019bcc    000000f4                            : mac.o (.text.macSetupRATChanCompare)
                  00019cc0    000000f0                            : mac_hl_patch.o (.text.macOutgoingFrameKeyDescRetrieval)
                  00019db0    000000ec     macTask.o (.text.MAC_CbackEvent)
                  00019e9c    000000e8     maclib_secure_cc13x2.a : mac_tx.o (.text.txCsmaPrep)
                  00019f84    000000e0     cui.o (.text.CUI_writeString)
                  0001a064    000000dc     drivers_cc13x2.a : I2CCC26XX.om4f (.text.I2CCC26XX_hwiFxn)
                  0001a140    000000dc     maclib_secure_cc13x2.a : mac_radio_tx.o (.text.macRadioTxPrepCsmaSlottedSubG)
                  0001a21c    000000d8                            : mac_hl_patch.o (.text.macEdScanISR)
                  0001a2f4    000000d8                            : mac_hl_patch.o (.text.macOutgoingFrameSecurity)
                  0001a3cc    000000d8     app_pm4f.om4f (.text.xdc_runtime_System_printfExtend__I)
                  0001a4a4    000000d4     rf_multiMode_cc13x2.am4f : RFCC26X2_multiMode.c.cc13x2.ticlang.o (.text.RF_control)
                  0001a578    000000d0     maclib_secure_cc13x2.a : mac_hl_patch.o (.text.macBuildHeaderIes)
                  0001a648    000000d0                            : mac_hl_patch.o (.text.macCcmStarTransform)
                  0001a718    000000d0                            : mac_tx.o (.text.macTxRequestCsmaDelay)
                  0001a7e8    000000cc     sensor.o (.text.Sensor_init)
                  0001a8b4    000000cc     ssf.o (.text.Ssf_networkUpdate)
                  0001a980    000000cc     maclib_secure_cc13x2.a : mac_hl_patch.o (.text.macMgmtReset)
                  0001aa4c    000000cc                            : mac_hl_patch.o (.text.macScanRxCoordRealign)
                  0001ab18    000000cc                            : mac_symbol_timer.o (.text.macSymbolTimerUpdateWakeup)
                  0001abe4    000000ca     rf_multiMode_cc13x2.am4f : RFCC26X2_multiMode.c.cc13x2.ticlang.o (.text.RF_updatePaConfiguration)
                  0001acae    00000002                              : rfc.c.cc13x2.ticlang.o (.text.NOROM_RFCCpePatchReset)
                  0001acb0    000000c8     dpl_cc13x2.a : PowerCC26X2_tirtos.om4f (.text.PowerCC26XX_standbyPolicy)
                  0001ad78    000000c8     drivers_cc13x2.a : UARTCC26XX.om4f (.text.UARTCC26XX_write)
                  0001ae40    000000c4     ssf.o (.text.Ssf_stateChangeUpdate)
                  0001af04    000000c0     maclib_secure_cc13x2.a : mac_timer.o (.text.macSymbolTimerTriggerCallback)
                  0001afc4    000000bc     rf_multiMode_cc13x2.am4f : RFCC26X2_multiMode.c.cc13x2.ticlang.o (.text.RF_swiHw)
                  0001b080    000000bc     ssf.o (.text.Ssf_processEvents)
                  0001b13c    000000bc     driverlib.lib : setup.o (.text.TrimAfterColdResetWakeupFromShutDown)
                  0001b1f8    000000bc     rom_sysbios.am4f : knl_Task.o (.text.ti_sysbios_knl_Task_setPri__E)
                  0001b2b4    000000b4     maclib_secure_cc13x2.a : mac_hl_patch.o (.text.MAC_MlmeScanReq)
                  0001b368    000000b4     driverlib.lib : osc.o (.text.NOROM_OSCHF_AttemptToSwitchToXosc)
                  0001b41c    000000b4     maclib_secure_cc13x2.a : mac_hl_patch.o (.text.macBeaconCheckTxTime)
                  0001b4d0    000000b4                            : mac_radio_tx.o (.text.macRadioTxAckCb)
                  0001b584    000000b4                            : mac_rx.o (.text.macRxInit)
                  0001b638    000000b4     jdllc.o (.text.pollCnfCb)
                  0001b6ec    000000b2     api_mac.o (.text.copyDataInd)
                  0001b79e    00000002     rf_multiMode_cc13x2.am4f : RFCC26X2_multiMode.c.cc13x2.ticlang.o (.text.RF_defaultCallback)
                  0001b7a0    000000b0     drivers_cc13x2.a : PowerCC26X2.om4f (.text.Power_releaseDependency)
                  0001b850    000000b0     maclib_secure_cc13x2.a : mac_hl_patch.o (.text.macAutoPoll)
                  0001b900    000000b0     jdllc.o (.text.scanCnfCb)
                  0001b9b0    000000b0     libclang_rt.builtins.a : udivmoddi4.S.obj (.text)
                  0001ba60    000000ac     drivers_cc13x2.a : GPIOCC26XX.om4f (.text.GPIO_init)
                  0001bb0c    000000ac                      : PowerCC26X2.om4f (.text.Power_setDependency)
                  0001bbb8    000000ac     rf_multiMode_cc13x2.am4f : RFCC26X2_multiMode.c.cc13x2.ticlang.o (.text.RF_initRadioSetup)
                  0001bc64    000000ac     maclib_secure_cc13x2.a : mac.o (.text.macGetRFCmdDuration)
                  0001bd10    000000ac                            : mac_radio_tx.o (.text.macRadioFHEncryptFrame)
                  0001bdbc    000000ac                            : mac_tx.o (.text.txComplete)
                  0001be68    000000a8                            : mac_autopend.o (.text.MAC_SrcMatchAddEntry)
                  0001bf10    000000a8                            : mac_symbol_timer.o (.text.macSymbolTimerInit)
                  0001bfb8    000000a8                            : mac_tx.o (.text.macTxStartQueuedFrame)
                  0001c060    000000a4     maclib_osal_tirtos_cc13x2_26x2.a : osal_port.o (.text.OsalPort_heapMalloc)
                  0001c104    000000a4     rf_multiMode_cc13x2.am4f : RFCC26X2_multiMode.c.cc13x2.ticlang.o (.text.RF_pendCmd)
                  0001c1a8    000000a4     drivers_cc13x2.a : UARTCC26XX.om4f (.text.UARTCC26XX_initHw)
                  0001c24c    000000a4     libc.a : aeabi_atexit.c.obj (.text.atexit_register)
                  0001c2f0    000000a4     sensor.o (.text.jdllcJoinedCb)
                  0001c394    000000a4     maclib_secure_cc13x2.a : mac_radio_tx.o (.text.macRadioTxPrepSlotted)
                  0001c438    000000a4                            : mac_hl_patch.o (.text.macTrackTimeoutCallback)
                  0001c4dc    000000a4                            : mac_radio.o (.text.scheduleNopWakeupCmd)
                  0001c580    000000a0     drivers_cc13x2.a : I2CCC26XX.om4f (.text.I2CCC26XX_swiFxn)
                  0001c620    000000a0     driverlib.lib : setup.o (.text.NOROM_SetupTrimDevice)
                  0001c6c0    000000a0     nvocmp.o (.text.NVOCMP_readContItemApi)
                  0001c760    000000a0     rf_multiMode_cc13x2.am4f : RFCC26X2_multiMode.c.cc13x2.ticlang.o (.text.RF_calculateDispatchTime)
                  0001c800    000000a0                              : RFCC26X2_multiMode.c.cc13x2.ticlang.o (.text.RF_requestAccess)
                  0001c8a0    000000a0     maclib_secure_cc13x2.a : mac_hl_patch.o (.text.macBlacklistChecking)
                  0001c940    0000009e     driverlib.lib : chipinfo.o (.text.NOROM_ChipInfo_GetChipType)
                  0001c9de    00000002     ssf.o (.text.Ssf_sensorReadingUpdate)
                  0001c9e0    0000009c     maclib_secure_cc13x2.a : mac_hl_patch.o (.text.macCcmStarInverseTransform)
                  0001ca7c    0000009a     rf_multiMode_cc13x2.am4f : RFCC26X2_multiMode.c.cc13x2.ticlang.o (.text.RF_defaultSubmitPolicy)
                  0001cb16    00000002     ssf.o (.text.Ssf_trackingUpdate)
                  0001cb18    00000098     nvocmp.o (.text.NVOCMP_erase)
                  0001cbb0    00000098     maclib_secure_cc13x2.a : mac_hl_patch.o (.text.macIncomingSecurityLevelChecking)
                  0001cc48    00000098                            : mac.o (.text.macStopCmd)
                  0001cce0    00000096     rf_multiMode_cc13x2.am4f : RFCC26X2_multiMode.c.cc13x2.ticlang.o (.text.RF_verifyGap)
                  0001cd76    00000002     libclang_rt.builtins.a : aeabi_div0.c.obj (.text.__aeabi_ldiv0)
                  0001cd78    00000094     api_mac.o (.text.ApiMac_init)
                  0001ce0c    00000094     drivers_cc13x2.a : PINCC26XX.om4f (.text.PIN_open)
                  0001cea0    00000094     rf_multiMode_cc13x2.am4f : RFCC26X2_multiMode.c.cc13x2.ticlang.o (.text.RF_ratRestartChannels)
                  0001cf34    00000094     maclib_secure_cc13x2.a : mac_hl_patch.o (.text.macAutoPendAddSrcMatchTableEntry)
                  0001cfc8    00000094     drivers_cc13x2.a : UARTCC26XX.om4f (.text.writeTxFifoFlush)
                  0001d05c    00000090     nvocmp.o (.text.NVOCMP_updateItemApi)
                  0001d0ec    00000090     maclib_osal_tirtos_cc13x2_26x2.a : osal_port.o (.text.OsalPort_setTimer)
                  0001d17c    00000090     drivers_cc13x2.a : TRNGCC26XX.om4f (.text.TRNG_construct)
                  0001d20c    00000090     maclib_secure_cc13x2.a : mac_radio_tx.o (.text.macRadioTxEnhAckCb)
                  0001d29c    00000090                            : mac_radio_tx.o (.text.macRadioTxPrepLbt)
                  0001d32c    00000090                            : mac_sleep.o (.text.macSleep)
                  0001d3bc    00000090                            : mac_autopend.o (.text.macSrcMatchCheckSrcAddr)
                  0001d44c    0000008c     cui.o (.text.CUI_clientOpen)
                  0001d4d8    0000008c     jdllc.o (.text.beaconNotifyIndCb)
                  0001d564    0000008c     maclib_secure_cc13x2.a : mac_radio_tx.o (.text.macRadioSendImmAck)
                  0001d5f0    0000008c     macTask.o (.text.macTaskInit)
                  0001d67c    0000008c     maclib_secure_cc13x2.a : mac_timer.o (.text.macTimerUpdateSymbolTimer)
                  0001d708    00000088     jdllc.o (.text.Jdllc_init)
                  0001d790    00000088     nvocmp.o (.text.NVOCMP_deleteItemApi)
                  0001d818    00000088     maclib_secure_cc13x2.a : mac_hl_patch.o (.text.macApiStartReq)
                  0001d8a0    00000088                            : mac_mcu.o (.text.macMcuOverflowSetPeriod)
                  0001d928    00000088                            : mac_pwr.o (.text.macPwrVote)
                  0001d9b0    00000088     rom_sysbios.am4f : cc26xx_Timer.o (.text.ti_sysbios_family_arm_cc26xx_Timer_start__E)
                  0001da38    00000088                      : gates_GateMutexPri.o (.text.ti_sysbios_gates_GateMutexPri_enter__E)
                  0001dac0    00000084     nvocmp.o (.text.NVOCMP_createItemApi)
                  0001db44    00000084     nvocmp.o (.text.NVOCMP_readHeader)
                  0001dbc8    00000084     rf_multiMode_cc13x2.am4f : RFCC26X2_multiMode.c.cc13x2.ticlang.o (.text.RF_getInfo)
                  0001dc4c    00000084     drivers_cc13x2.a : UARTCC26XX.om4f (.text.UARTCC26XX_writeCancel)
                  0001dcd0    00000084     jdllc.o (.text.disassoCnfCb)
                  0001dd54    00000084     drivers_cc13x2.a : NVSCC26XX.om4f (.text.doErase)
                  0001ddd8    00000084     maclib_secure_cc13x2.a : mac_hl_patch.o (.text.macKeyDescriptorLookup)
                  0001de5c    00000084                            : mac_radio.o (.text.macRadioStartScan)
                  0001dee0    00000084                            : mac.o (.text.macSetupReceiveCmd)
                  0001df64    00000084                            : mac_hl_patch.o (.text.macTrackStartCallback)
                  0001dfe8    00000080     driverlib.lib : sys_ctrl.o (.text.NOROM_SysCtrlSetRechargeBeforePowerDown)
                  0001e068    00000080     rf_multiMode_cc13x2.am4f : RFCC26X2_multiMode.c.cc13x2.ticlang.o (.text.RF_yield)
                  0001e0e8    00000080     drivers_cc13x2.a : UARTCC26XX.om4f (.text.UARTCC26XX_close)
                  0001e168    00000080     maclib_secure_cc13x2.a : mac_mcu.o (.text.macMcuOverflowSetCompare)
                  0001e1e8    00000080     jdllc.o (.text.syncLossCb)
                  0001e268    00000080     app_pm4f.om4f (.text.xdc_runtime_Startup_getState__I)
                  0001e2e8    0000007c     jdllc.o (.text.Jdllc_securityInit)
                  0001e364    0000007c     maclib_secure_cc13x2.a : mac_hl_patch.o (.text.MAC_ResumeReq)
                  0001e3e0    0000007c     maclib_osal_tirtos_cc13x2_26x2.a : osal_port.o (.text.OsalPort_heapInit)
                  0001e45c    0000007c     rf_multiMode_cc13x2.am4f : RFCC26X2_multiMode.c.cc13x2.ticlang.o (.text.RF_cmdDispatchTime)
                  0001e4d8    0000007c     maclib_secure_cc13x2.a : mac_radio.o (.text.macRadioUpdateChannel)
                  0001e554    0000007c                            : mac_radio.o (.text.macRadioUpdateChannelRx)
                  0001e5d0    0000007c                            : mac_symbol_timer.o (.text.macSymbolTimerPeriodIsr)
                  0001e64c    0000007c     rom_sysbios.am4f : gates_GateMutexPri.o (.text.ti_sysbios_gates_GateMutexPri_leave__E)
                  0001e6c8    00000078     driverlib.lib : osc.o (.text.NOROM_OSCHF_SwitchToRcOscTurnOffXosc)
                  0001e740    00000078     nvocmp.o (.text.NVOCMP_checkItem)
                  0001e7b8    00000078     nvocmp.o (.text.NVOCMP_loadApiPtrs)
                  0001e830    00000078     rf_multiMode_cc13x2.am4f : RFCC26X2_multiMode.c.cc13x2.ticlang.o (.text.RF_discardPendCmd)
                  0001e8a8    00000078                              : RFCC26X2_multiMode.c.cc13x2.ticlang.o (.text.RF_ratDisableChannel)
                  0001e920    00000078                              : RFCC26X2_multiMode.c.cc13x2.ticlang.o (.text.RF_ratFreeChannel)
                  0001e998    00000074     jdllc.o (.text.Jdllc_rejoin)
                  0001ea0c    00000074     nvocmp.o (.text.NVOCMP_readItemApi)
                  0001ea80    00000074     ina228.o (.text.ina228_init)
                  0001eaf4    00000074     maclib_secure_cc13x2.a : mac_hl_patch.o (.text.macCcmDecrypt)
                  0001eb68    00000074                            : mac.o (.text.macRequestBackoff)
                  0001ebdc    00000074                            : mac.o (.text.macSetupFsCmd)
                  0001ec50    00000070     drivers_cc13x2.a : AESCCMCC26XX.om4f (.text.AESCCM_cleanup)
                  0001ecc0    00000070                      : LED.om4f (.text.LED_startBlinking)
                  0001ed30    00000070     nvocmp.o (.text.NVOCMP_writeItemApi)
                  0001eda0    00000070     drivers_cc13x2.a : NVSCC26XX.om4f (.text.NVSCC26XX_open)
                  0001ee10    00000070     maclib_osal_tirtos_cc13x2_26x2.a : osal_port.o (.text.OsalPort_pwrmgrTaskState)
                  0001ee80    00000070     rf_multiMode_cc13x2.am4f : RFCC26X2_multiMode.c.cc13x2.ticlang.o (.text.RF_getTxPower)
                  0001eef0    00000070                              : RFCC26X2_multiMode.c.cc13x2.ticlang.o (.text.RF_hwiHw)
                  0001ef60    00000070     jdllc.o (.text.dataCnfCb)
                  0001efd0    00000070     maclib_secure_cc13x2.a : mac_hl_patch.o (.text.macCcmEncrypt)
                  0001f040    00000070                            : mac_radio.o (.text.macRadioPowerDown)
                  0001f0b0    00000070                            : mac_rx_onoff.o (.text.macRxOffRequest)
                  0001f120    00000070     main.o (.text.main)
                  0001f190    00000070     rom_sysbios.am4f : runtime_System.o (.text.xdc_runtime_System_formatNum__I)
                  0001f200    0000006c     nvocmp.o (.text.NVOCMP_eraseNvApi)
                  0001f26c    0000006c     drivers_cc13x2.a : Random.om4f (.text.Random_seedAutomatic)
                  0001f2d8    0000006c     libc.a : aeabi_atexit.c.obj (.text.__cxa_finalize)
                  0001f344    0000006c     main.o (.text.appTaskFxn)
                  0001f3b0    0000006c     jdllc.o (.text.disassocIndCb)
                  0001f41c    0000006c     maclib_secure_cc13x2.a : mac_mcu.o (.text.macMcuInit)
                  0001f488    0000006a     drivers_cc13x2.a : I2CCC26XX.om4f (.text.I2CSupport_primeTransfer)
                  0001f4f2    0000006a     nvocmp.o (.text.NVOCMP_verifyCRC)
                  0001f55c    0000006a     rf_multiMode_cc13x2.am4f : RFCC26X2_multiMode.c.cc13x2.ticlang.o (.text.RF_detachOverrides)
                  0001f5c6    0000006a     libc.a : copy_decompress_lzss.c.obj (.text:decompress:lzss)
                  0001f630    00000068     drivers_cc13x2.a : Button.om4f (.text.Button_gpioCallbackFxn)
                  0001f698    00000068     rf_multiMode_cc13x2.am4f : RFCC26X2_multiMode.c.cc13x2.ticlang.o (.text.RF_issueRadioFreeCb)
                  0001f700    00000068     maclib_secure_cc13x2.a : mac_rx.o (.text.macRxHaltCleanup)
                  0001f768    00000068                            : mac_timer.o (.text.macTimerSetRollover)
                  0001f7d0    00000066     rf_multiMode_cc13x2.am4f : RFCC26X2_multiMode.c.cc13x2.ticlang.o (.text.RF_attachOverrides)
                  0001f836    00000066     app_pm4f.om4f (.text.memalign)
                  0001f89c    00000064     drivers_cc13x2.a : AESCCMCC26XX.om4f (.text.AESCCM_hwiFxn)
                  0001f900    00000064                      : PINCC26XX.om4f (.text.PIN_add)
                  0001f964    00000064                      : PowerCC26X2_calibrateRCOSC.om4f (.text.PowerCC26X2_initiateCalibration)
                  0001f9c8    00000064     rf_multiMode_cc13x2.am4f : RFCC26X2_multiMode.c.cc13x2.ticlang.o (.text.RF_hwiCpe0PowerFsm)
                  0001fa2c    00000064     maclib_secure_cc13x2.a : mac_hl_patch.o (.text.macApiBeaconStartReq)
                  0001fa90    00000064                            : mac.o (.text.macSetTxPowerVal)
                  0001faf4    00000064                            : mac_timer.o (.text.macTimerRealign)
                  0001fb58    00000064     drivers_cc13x2.a : PowerCC26X2.om4f (.text.oscillatorISR)
                  0001fbbc    00000062     rf_multiMode_cc13x2.am4f : RFCC26X2_multiMode.c.cc13x2.ticlang.o (.text.RF_syncCb)
                  0001fc1e    00000062     rom_sysbios.am4f : heaps_HeapMem.o (.text.ti_sysbios_heaps_HeapMem_allocUnprotected__E)
                  0001fc80    00000060     drivers_cc13x2.a : CryptoResourceCC26XX.om4f (.text.CryptoResourceCC26XX_constructRTOSObjects)
                  0001fce0    00000060     maclib_osal_tirtos_cc13x2_26x2.a : osal_port.o (.text.OsalPort_clearEvent)
                  0001fd40    00000060     drivers_cc13x2.a : PINCC26XX.om4f (.text.PIN_remove)
                  0001fda0    00000060     rf_multiMode_cc13x2.am4f : RFCC26X2_multiMode.c.cc13x2.ticlang.o (.text.RF_dispatchNextEvent)
                  0001fe00    00000060     maclib_secure_cc13x2.a : mac_rx_onoff.o (.text.macRxOn)
                  0001fe60    00000060                            : mac_timer.o (.text.macTimerGetNextTimer)
                  0001fec0    00000060                            : mac_hl_patch.o (.text.macTrackPeriodCallback)
                  0001ff20    00000060     jdllc.o (.text.updateState)
                  0001ff80    0000005e     rf_multiMode_cc13x2.am4f : rfc.c.cc13x2.ticlang.o (.text.NOROM_RFCAnaDivTxOverride)
                  0001ffde    00000002     libc.a : _lock.c.obj (.text._nop)
                  0001ffe0    0000005c     maclib_osal_tirtos_cc13x2_26x2.a : osal_port.o (.text.OsalPort_msgReceive)
                  0002003c    0000005c                                      : osal_port.o (.text.OsalPort_setEvent)
                  00020098    0000005c     drivers_cc13x2.a : TRNGCC26XX.om4f (.text.TRNGCC26XX_startTrng)
                  000200f4    0000005c                      : UARTCC26XX.om4f (.text.UARTCC26XX_swiIntFxn)
                  00020150    0000005c     libclang_rt.builtins.a : divmoddi4.c.obj (.text.__divmoddi4)
                  000201ac    0000005c     maclib_secure_cc13x2.a : mac_sleep.o (.text.macCanSleep)
                  00020208    0000005c                            : mac_radio_tx.o (.text.macRadioTxBackoffBoundary)
                  00020264    0000005c                            : mac_radio_tx.o (.text.macRadioTxGoLbt)
                  000202c0    0000005c                            : mac_radio.o (.text.macRadioWakeupCb)
                  0002031c    0000005c                            : mac_timer.o (.text.macTimerAddTimer)
                  00020378    0000005c                            : mac_timer.o (.text.macTimerCancel)
                  000203d4    0000005c                            : mac_rx.o (.text.rxPostRxUpdates)
                  00020430    00000058     ti_drivers_config.o (.text.Board_sendExtFlashByte)
                  00020488    00000058     drivers_cc13x2.a : GPIOCC26XX.om4f (.text.GPIO_enableInt)
                  000204e0    00000058     maclib_osal_tirtos_cc13x2_26x2.a : osal_port.o (.text.HEAPMGR_GETLARGESTFREEBUF)
                  00020538    00000058                                      : osal_port.o (.text.OsalPort_msgSend)
                  00020590    00000058     rf_multiMode_cc13x2.am4f : RFCC26X2_multiMode.c.cc13x2.ticlang.o (.text.RF_applyRfCorePatch)
                  000205e8    00000058     ssf.o (.text.Ssf_getFrameCounter)
                  00020640    00000058     drivers_cc13x2.a : TRNGCC26XX.om4f (.text.TRNG_init)
                  00020698    00000058                      : UARTCC26XX.om4f (.text.UARTCC26XX_control)
                  000206f0    00000058     cui.o (.text.UartReadCallback)
                  00020748    00000058     maclib_secure_cc13x2.a : mac_radio.o (.text.macRadioSetChannel)
[...]
20000a2c  txPowerTable_868_pa13                                              
20000aec  Main_user1Cfg                                                      
20000ba0  FHIE_channelPlan                                                   
20000bf4  ti_sysbios_knl_Task_Object__table__V                               
20000d18  ti_sysbios_family_arm_cc26xx_Timer_Object__table__V                
20000d60  Ssf_resetReseason                                                  
20000d66  Ssf_resetCount                                                     
20000da4  configureSubMenu                                                   
20000de4  ssfMainMenu                                                        
20000e28  cuiMultiMenu                                                       
20000e62  ti_sysbios_family_arm_m3_Hwi_Module_State_0_excActive__A           
20000e9c  ti_sysbios_gates_GateMutex_Object__table__V                        
20000ed4  commissionSubMenu                                                  
20000f08  macBeaconPayload                                                   
20000f6c  __aeabi_errno                                                      
20000fa0  ti_sysbios_knl_Swi_Module_State_0_readyQ__A                        
20000fd0  ti_sysbios_knl_Swi_Object__table__V                                
20001000  ti_sysbios_knl_Task_Module_State_0_readyQ__A                       
20001058  appSubMenu                                                         
20001080  macActionSet                                                       
200010a4  pOverrides_2gfsk50kbps154g                                         
200010c8  lastRatChanA                                                       
200010c9  lastRatChanB                                                       
200010ca  macRxCmdActive                                                     
200010cb  macFsCmdActive                                                     
200010cc  macRxPreempted                                                     
200010cd  numRfCmd                                                           
200010ce  numRxCmd                                                           
200010cf  numRxPostCmd                                                       
200010d4  lastPostCmd                                                        
200010d8  macSfdDetectCback                                                  
200010e8  macBeaconMargin                                                    
20001108  ti_sysbios_knl_Clock_Object__table__V                              
20001128  xdc_runtime_Error_IgnoreBlock                                      
20001148  ti_sysbios_family_arm_m3_Hwi_Object__table__V                      
20001175  Main_assertReason                                                  
20001177  bInSwi                                                             
20001178  taskCnt                                                            
2000117c  heapmgrMemFreeTotal                                                
20001180  heapmgrMemFreeError                                                
2000118c  macStateTbl                                                        
200011a0  macUser0Cfg                                                        
200011c8  pMacCbackQueryRetransmit                                           
200011cc  pMacCbackCheckPending                                              
200011e4  RF_cmdNop                                                          
200011f4  RF_cmdNopFg                                                        
20001204  RF_prop_2gfsk50kbps154g                                            
20001214  gpioCallbackFunctions                                              
20001224  gpioPinConfigs                                                     
20001234  macCfg                                                             
20001268  FH_FSM                                                             
20001274  ti_sysbios_heaps_HeapCallback_Object__table__V                     
20001298  pinUpperBound                                                      
2000129c  pinLowerBound                                                      
200012a8  __TI_cleanup_ptr                                                   
200012ac  __TI_dtors_ptr                                                     
200012bc  RF_handle                                                          
200012c0  macRadioAckIeeeFrame                                               
200012c3  macRadioAckFrame                                                   
200012d0  FH_txTiming                                                        
200012d8  RFCC26XX_schedulerPolicy                                           
200012e0  ti_sysbios_family_arm_m3_Hwi_Module__root__V                       
200012e8  ti_sysbios_gates_GateHwi_Module__root__V                           
200012f0  ti_sysbios_gates_GateMutexPri_Module__root__V                      
200012f8  ti_sysbios_gates_GateMutex_Module__root__V                         
20001300  ti_sysbios_hal_Hwi_Module__root__V                                 
20001308  ti_sysbios_heaps_HeapCallback_Module__root__V                      
20001310  ti_sysbios_heaps_HeapMem_Module__root__V                           
20001318  ti_sysbios_knl_Clock_Module__root__V                               
20001320  ti_sysbios_knl_Event_Module__root__V                               
20001328  ti_sysbios_knl_Mailbox_Module__root__V                             
20001330  ti_sysbios_knl_Queue_Module__root__V                               
20001338  ti_sysbios_knl_Semaphore_Module__root__V                           
20001340  ti_sysbios_knl_Swi_Module__root__V                                 
20001348  ti_sysbios_knl_Task_Module__root__V                                
20001357  csmPhy                                                             
20001358  __dso_handle                                                       
2000135c  __xdc__init__addr                                                  
20001360  _lock                                                              
20001364  _unlock                                                            
20001368  appEvents                                                          
20001370  macAddrSize                                                        
20001374  macCsmaRtcTimerId                                                  
20001378  macDataBeaconRequeue                                               
2000137c  macDataCheckSched                                                  
20001380  macDataCheckTxTime                                                 
20001384  macDataRequeueIndirect                                             
20001388  macDataRxBeaconCritical                                            
2000138c  macDataSetSched                                                    
20001390  macDataTxBeaconComplete                                            
20001394  macDataTxIndirect                                                  
200013a4  macTasksEvents                                                     
200013a8  macTimerNewRollover                                                
200013ac  macTimerRollover                                                   
200013b4  pMacDataTx                                                         
200013b8  pMacEnhancedAck                                                    
200013c0  ti_sysbios_family_arm_m3_Hwi_Module_State_0_excContext__A          
200013c4  ti_sysbios_family_arm_m3_Hwi_Module_State_0_excStack__A            
200013c8  ti_sysbios_knl_Task_Module_State_0_idleTask__A                     
200013d1  macRadioYielded                                                    
200013d2  macSleepState                                                      
200013d3  macSrcMatchIsAckAllPending                                         
200013d4  macSrcMatchIsEnabled                                               
200013d5  macTxCmdActive                                                     
200013d6  macTxSlottedDelay                                                  
200013d7  macTxSlottedDelayFactor                                            
200013d9  numTx                                                              
200013da  reqAccessAlloc                                                     
200028a0  ti_sysbios_knl_Task_Instance_State_0_stack__A                      
20002aa0  uartCC26XXObjects                                                  
20002c5c  menuBuff                                                           
20002e04  taskTbl                                                            
20002f6c  i2cCC26xxObjects                                                   
200030b8  enhancedAckBuf                                                     
200031b2  FHNT_Dbg                                                           
200032b0  ti_sysbios_family_arm_m3_Hwi_dispatchTable                         
20003388  LEDObjects                                                         
20003440  FHPIB_db                                                           
200034cc  FH_hnd                                                             
20003554  macPib                                                             
200035dc  pinHandleTable                                                     
20003658  FHNT_tableOpt                                                      
200036d2  macRxDataEntryOffset                                               
20003740  macScan                                                            
200038d4  ButtonObjects                                                      
20003924  CryptoResourceCC26XX_accessSemaphore                               
20003974  CryptoResourceCC26XX_operationSemaphore                            
200039c4  appTask                                                            
20003a14  macTask                                                            
20003a64  cuiMultiMenuData                                                   
20003b38  FHFSM_Dbg                                                          
20003b7a  macTxCsmaBackoffDelay                                              
20003b80  RF_cmdIEEERx                                                       
20003bc0  macSecurityPib                                                     
20003c3c  macBeaconCoord                                                     
20003c78  FHNT_hnd                                                           
20003cb0  macDeviceAction1                                                   
20003ce8  macBeaconDevice                                                    
20003d1c  RF_cmdPropRadioDivSetup                                            
20003d4c  RF_cmdPropRxAdv                                                    
20003d7c  macMgmtAction1                                                     
20003dac  macSrcExtAddrList                                                  
20003ddc  NVOCMP_nvHandle                                                    
20003e0a  rxCmdHandle                                                        
20003e0c  macCoord                                                           
20003e38  macDevice                                                          
20003e84  RF_cmdIEEECsma                                                     
20003ea4  RF_cmdPropTxAdv                                                    
20003ec4  RF_cmdRadioSetup                                                   
20003ee4  RF_params                                                          
20003f04  macBeacon                                                          
20003f24  CryptoResourceCC26XX_hwi                                           
20003f40  RF_cmdPropCs                                                       
20003f5c  RF_cmdPropCsSlotted                                                
20003f78  appSem                                                             
20003f94  macCoordAction2                                                    
20003fb0  macReset                                                           
20003fcc  macSem                                                             
20003fe8  macSrcShortAddrList                                                
20004004  RF_cmdFsRx                                                         
2000401c  RF_cmdFsTx                                                         
20004034  RF_cmdIEEETx                                                       
2000404c  aesccmCC26XXObjects                                                
20004064  macScanAction                                                      
200040a4  RF_cmdRxAckCmd                                                     
200040b8  macAckDbg                                                          
200040cc  macDeviceAction2                                                   
200040e0  macMgmtAction2                                                     
200040f4  _hposcCoeffs                                                       
20004104  macBeaconDeviceAction                                              
20004114  macCoordAction3                                                    
20004124  macData                                                            
20004134  macDataTxDelay                                                     
20004144  macFrmFilter                                                       
20004154  macRxOutputIeee                                                    
20004164  macMain                                                            
20004170  macRxOutputSubG                                                    
2000417c  FH_PibTbl                                                          
20004186  ApiMac_extAddr                                                     
2000418e  txCmdHandle                                                        
20004190  FHNT_tempTable                                                     
20004198  macBeaconCoordAction1                                              
200041a0  macCoordAction1                                                    
200041a8  macRxDataEntryQueue                                                
200041c0  AESCCM_handle                                                      
200041c4  FH_test_var                                                        
200041c8  HEAPMGR_SIZE                                                       
200041cc  PowerCC26XX_swiKey                                                 
200041d0  PowerCC26XX_taskKey                                                
200041d4  eiDataStatusLine                                                   
200041d8  eiInferStatusLine                                                  
200041dc  macCryptoDrvTblPtr                                                 
200041e0  macPhyTxPower                                                      
200041e4  macPrevPeriodRatCount                                              
200041e8  macRfDrvTblPtr                                                     
200041ec  macRxSymbol                                                        
200041f0  macSymbolTimerRollover                                             
200041f4  macSymbolTimerTrigger                                              
200041f8  macTimerActive                                                     
200041fc  macTxTimestamp                                                     
20004200  pClockHandleEDScan                                                 
20004204  pMacRadioConfig                                                    
20004208  pMaxPower                                                          
2000420c  pRfMode                                                            
20004210  pRfPowerTable                                                      
20004214  rxRadioBufferPtr                                                   
20004218  sensorStatusLine                                                   
2000421c  ssfCuiHndl                                                         
20004220  timerAlignedQ                                                      
20004224  timerUnalignedQ                                                    
2000422a  AppTaskId                                                          
2000422b  NVOCMP_size                                                        
2000422c  appTaskId                                                          
2000422d  driverlib_release_0_60278                                          
2000422e  gAction                                                            
2000422f  macAckTxActive                                                     
20004230  macMgmt                                                            
20004231  macPanCoordinator                                                  
20004232  macPhyChannel                                                      
20004233  macPwr                                                             
20004234  macRxActive                                                        
20004235  macRxEnableFlags                                                   
20004236  macRxFilter                                                        
20004237  macRxOutgoingAckFlag                                               
20004238  macSpecUsecsPerSymbol                                              
20004239  macSrcResIndex                                                     
2000423a  macSymbolTimerImpending                                            
2000423b  macTaskId                                                          
2000423c  macTxActive                                                        
2000423d  macTxBe                                                            
2000423e  macTxGpInterframeDelay                                             
2000423f  macTxType                                                          
20004240  macUnitBackoffPeriod                                               
20004241  nvsCC26XXObjects                                                   
20004242  rxFhRsl                                                            
20004243  rxPromiscuousMode                                                  
20004244  rxSeqNum                                                           
20004245  txAckReq                                                           
20004246  txSeqn                                                             
20004247  heapStart                                                          
20013aa0  __stack                                                            
20013aa0  heapEnd                                                            
20014000  __STACK_END                                                        
20014000  __STACK_TOP                                                        
e000e000  ti_sysbios_family_arm_m3_Hwi_nvic                                  
ffffffff  __TI_pprof_out_hndl                                                
ffffffff  __TI_prof_data_size                                                
ffffffff  __TI_prof_data_start                                               
ffffffff  __binit__                                                          
ffffffff  binit                                                              
UNDEFED   ITM_flush                                                          
UNDEFED   ITM_restore                                                        
UNDEFED   PWM_config                                                         
UNDEFED   PWM_count                                                          
UNDEFED   __c_args__                                                         
UNDEFED   __mpu_init                                                         

[1984 symbols]
